Running unit tests (all — framework + Sew)...

Testing resolver-sim.core-tests

Testing resolver-sim.protocols.sew.replay-test
Captured event evidence: escrow-created hash: sha256:5cfffffff91e74ffffffc13d39210cffffff86ffffffb2ffffffce00ffffff8e6104fffffff1126affffffcdffffffb9652a4cffffff97185c1d642528ffffffad
Captured event evidence: escrow-released hash: sha256:ffffff920bffffffcfffffffd051ffffff857e1effffffee2e3e71ffffffa3ffffffbcffffffc83805ffffffd8fffffff07a4dffffffafffffffdcffffffad3effffffb27a54ffffffd767ffffffd9ffffff85
{:ts "2026-06-18T12:51:48.290194702Z", :level :info, :message "scenario/end", :context {:id "test", :outcome :pass, :ctx/scenario-id "test", :ctx/run-id "test-run"}}
{:ts "2026-06-18T12:51:48.291626670Z", :level :info, :message "scenario/start", :context {:id "test", :ctx/scenario-id "test", :ctx/run-id "test-run"}}
Captured event evidence: escrow-created hash: sha256:6d1f49ffffff99ffffffde2e3ffffffffd45fffffff4ffffffd404ffffff8effffffc302ffffff9d6777ffffffdcfffffffaffffff91ffffffb3ffffffe759ffffff9f19ffffff96ffffffafffffffa82e2a2a
Captured event evidence: escrow-released hash: sha256:ffffffce405343ffffff9f044c2021ffffff9affffffd5234d1dffffffd7ffffffe6710cfffffffaffffffbaffffffb355200effffff947effffffc6ffffffd4381725ffffffc8
{:ts "2026-06-18T12:51:48.317626747Z", :level :info, :message "scenario/end", :context {:id "test", :outcome :pass, :ctx/scenario-id "test", :ctx/run-id "test-run"}}
{:ts "2026-06-18T12:51:48.318109840Z", :level :info, :message "scenario/start", :context {:id "test", :ctx/scenario-id "test", :ctx/run-id "test-run"}}
Captured event evidence: escrow-created hash: sha256:ffffffa328ffffffa3ffffff855712ffffff98ffffffa959ffffffc073ffffffd7ffffff93ffffff945dffffffb739ffffffcd1a2d3fffffffa7ffffff896fffffffda2f7747621b33ffffffb1
Captured event evidence: escrow-released hash: sha256:ffffffcf4effffff86ffffff88ffffffefffffffc261fffffffb406850ffffffdf4a17ffffffd36affffffa0ffffffadffffff9dffffffc7ffffff8dfffffff2ffffff8460ffffffef55fffffff6ffffffcd1962ffffffc5ffffffc6
{:ts "2026-06-18T12:51:48.338818559Z", :level :info, :message "scenario/end", :context {:id "test", :outcome :pass, :ctx/scenario-id "test", :ctx/run-id "test-run"}}
{:ts "2026-06-18T12:51:48.339016908Z", :level :info, :message "scenario/start", :context {:id "test", :ctx/scenario-id "test", :ctx/run-id "test-run"}}
Captured event evidence: escrow-created hash: sha256:5a491cffffffccffffffe57708ffffffad020e5e25ffffffec61ffffffad077e333d2e56ffffffb7ffffffb2ffffffe507424a6607ffffff9b6dfffffff4
{:ts "2026-06-18T12:51:48.350444550Z", :level :debug, :message "guard/rejected", :context {:workflow-id 999, :error :invalid-workflow-id, :ctx/scenario-id "test", :ctx/run-id "test-run", :ctx/event-index 1, :ctx/event-type "release", :ctx/evidence-group-id "test-run:1:release"}}
{:ts "2026-06-18T12:51:48.351683068Z", :level :info, :message "scenario/end", :context {:id "test", :outcome :pass, :ctx/scenario-id "test", :ctx/run-id "test-run"}}
{:ts "2026-06-18T12:51:48.351878482Z", :level :info, :message "scenario/start", :context {:id "test", :ctx/scenario-id "test", :ctx/run-id "test-run"}}
Captured event evidence: stake-registered hash: sha256:fffffffa457bffffffec476dffffff98ffffffab7dffffff9374fffffff656ffffffc9ffffffccffffffe90efffffffa2affffffdb7a7704ffffffe8ffffffc8ffffffd91737ffffff87ffffffd2ffffffbe5d
{:ts "2026-06-18T12:51:48.361577689Z", :level :info, :message "scenario/end", :context {:id "test", :outcome :pass, :ctx/scenario-id "test", :ctx/run-id "test-run"}}
{:ts "2026-06-18T12:51:48.361854819Z", :level :info, :message "scenario/start", :context {:id "test", :ctx/scenario-id "test", :ctx/run-id "test-run"}}
Captured event evidence: escrow-created hash: sha256:ffffffa7ffffff95103877ffffffa1fffffff95c18ffffffb702ffffff8cffffffb7ffffffe9ffffffbcffffff8bffffffdeffffffbc0fffffffe2ffffffb267ffffff903230ffffffd4fffffff6563c7dfffffff04c
Captured event evidence: dispute-raised hash: sha256:ffffff96ffffff98ffffff94ffffff8f342b5bffffffa93affffffff4a1effffffe90563ffffffa80e261efffffff84affffff83ffffffcb471626fffffffe26fffffff72673fffffff3
Captured event evidence: escrow-refunded hash: sha256:ffffff94fffffff9ffffffadffffffa81a6cffffffcfffffff95ffffffdcffffffd4ffffff8c5134547b0e45ffffffcaffffff8fffffff9c14ffffffd9ffffffc1ffffff81102930ffffffcfffffffdb4cffffff90ffffff98
Captured event evidence: slashing hash: sha256:ffffff8c72ffffffb7ffffffa9ffffffd871ffffffe31efffffff0644effffff95ffffffa86bfffffffe5bffffffadffffffc70a0cffffffecffffffe3ffffff8f0dffffff8534ffffff83ffffffdbffffff9cffffffe5ffffffffffffff82
{:ts "2026-06-18T12:51:48.396444991Z", :level :info, :message "scenario/end", :context {:id "test", :outcome :pass, :ctx/scenario-id "test", :ctx/run-id "test-run"}}
{:ts "2026-06-18T12:51:48.396753241Z", :level :info, :message "scenario/start", :context {:id "test", :ctx/scenario-id "test", :ctx/run-id "test-run"}}
Captured event evidence: escrow-created hash: sha256:050fffffffd0ffffffe9275a72ffffff8c6973ffffffbeffffff8323322d575917ffffffd3ffffffebffffff98ffffff9f6effffffc06fffffff924fffffffa6ffffffff6d271f
Captured event evidence: dispute-raised hash: sha256:3728ffffffe64e5534ffffff8a0f2cfffffff77a41ffffff980dfffffff61b7370041dfffffff96d7f5e14ffffffd8ffffffddffffff841fffffffd879ffffff89
{:ts "2026-06-18T12:51:48.415424223Z", :level :debug, :message "Submitting resolution", :context {:caller "0xResolver", :workflow-id 0}}
Captured event evidence: escrow-released hash: sha256:fffffffc2effffff942538130cffffffe4fffffff7fffffffd6543ffffffa6ffffffafffffff822e10ffffffd3ffffffbaffffffbd0e02fffffff2ffffffd8ffffffd4ffffff9a43fffffff90affffffb0ffffffddffffff9a
{:ts "2026-06-18T12:51:48.423651325Z", :level :info, :message "scenario/end", :context {:id "test", :outcome :pass, :ctx/scenario-id "test", :ctx/run-id "test-run"}}
{:ts "2026-06-18T12:51:48.423979141Z", :level :info, :message "scenario/start", :context {:id "test", :ctx/scenario-id "test", :ctx/run-id "test-run"}}
Captured event evidence: escrow-created hash: sha256:fffffffa1d01ffffffdfffffff843cffffffbcffffffb4ffffff93ffffffabffffffbcffffffa3ffffff9effffffc66fffffffbbffffffff576a0bffffffbfffffff9effffffc3ffffffc9ffffff8effffff90ffffffc4ffffffc25f13ffffffc3ffffffbf
{:ts "2026-06-18T12:51:48.440286995Z", :level :info, :message "scenario/end", :context {:id "test", :outcome :pass, :ctx/scenario-id "test", :ctx/run-id "test-run"}}
{:ts "2026-06-18T12:51:48.440636513Z", :level :info, :message "scenario/start", :context {:id "test", :ctx/scenario-id "test", :ctx/run-id "test-run"}}
Captured event evidence: escrow-created hash: sha256:ffffffcf60ffffffea0b5fffffffc3fffffff6ffffffa3ffffffe3ffffffb076ffffff8c57fffffffe6666ffffff904bffffffbefffffff571fffffff304ffffffc7560e62ffffffb6415dffffffce0e
Captured event evidence: dispute-raised hash: sha256:ffffffa109ffffffe503784b4bffffff81ffffff900fffffff9effffff9ffffffff2fffffffd28ffffffc5ffffff9b29ffffffc2ffffffd337ffffffdf7f64ffffff85fffffff51459ffffffc2297828
{:ts "2026-06-18T12:51:48.458870159Z", :level :debug, :message "Submitting resolution", :context {:caller "0xMallory", :workflow-id 0}}
{:ts "2026-06-18T12:51:48.459221491Z", :level :debug, :message "guard/rejected", :context {:caller "0xMallory", :workflow-id 0, :ctx/event-index 2, :ctx/evidence-group-id "test-run:2:execute_resolution", :ctx/run-id "test-run", :dispute-level 0, :ctx/scenario-id "test", :error :not-authorized-resolver, :ctx/event-type "execute_resolution"}}
{:ts "2026-06-18T12:51:48.459896352Z", :level :debug, :message "Submitting resolution", :context {:caller "0xResolver", :workflow-id 0}}
Captured event evidence: escrow-released hash: sha256:14ffffffe3227efffffff9ffffffe916ffffffbbffffffe36e512f6242ffffff92ffffffe0ffffffb0ffffff97ffffffccffffffe27941ffffffae6222ffffffb0fffffff8ffffff97ffffffa87bffffffdc12
{:ts "2026-06-18T12:51:48.468492519Z", :level :info, :message "scenario/end", :context {:id "test", :outcome :pass, :ctx/scenario-id "test", :ctx/run-id "test-run"}}
{:ts "2026-06-18T12:51:48.468736285Z", :level :info, :message "scenario/start", :context {:id "test", :ctx/scenario-id "test", :ctx/run-id "test-run"}}
Captured event evidence: escrow-created hash: sha256:fffffffb165a6447523501ffffff99ffffffa578ffffff9a1369fffffff6ffffff8915754fffffffc9ffffff9dffffffa5ffffffa435ffffffb5ffffffb43e02040e5f5d
{:ts "2026-06-18T12:51:48.478774580Z", :level :debug, :message "guard/rejected", :context {:workflow-id 999, :error :invalid-workflow-id, :ctx/scenario-id "test", :ctx/run-id "test-run", :ctx/event-index 1, :ctx/event-type "release", :ctx/evidence-group-id "test-run:1:release"}}
Captured event evidence: escrow-released hash: sha256:fffffffc095b7367ffffffe2ffffffe6ffffffe639ffffffcb3cfffffff2ffffffb158fffffffaffffffcd39ffffff82fffffff4ffffffa3ffffffc5fffffff6ffffffb8577a32ffffffee4dffffff873affffff9affffffba
{:ts "2026-06-18T12:51:48.488216695Z", :level :info, :message "scenario/end", :context {:id "test", :outcome :pass, :ctx/scenario-id "test", :ctx/run-id "test-run"}}
{:ts "2026-06-18T12:51:48.488521428Z", :level :info, :message "scenario/start", :context {:id "test", :ctx/scenario-id "test", :ctx/run-id "test-run"}}
Captured event evidence: escrow-created hash: sha256:ffffffb65b26ffffff9e09ffffffacffffffee60ffffffa7ffffffd1ffffff8860ffffffa1ffffffc4ffffffb4ffffffdf4b0dffffffb8484c5573ffffffb9500b7c2a02ffffffb658ffffffa6
Captured event evidence: escrow-released hash: sha256:ffffffba75ffffff95524effffffe5515d4b0bffffff8e36ffffffc7ffffffcd2c6c730963ffffffa4ffffffe43502ffffff8f6bffffffdb74ffffffc375fffffffc520d
{:ts "2026-06-18T12:51:48.505278961Z", :level :info, :message "scenario/end", :context {:id "test", :outcome :pass, :ctx/scenario-id "test", :ctx/run-id "test-run"}}
{:ts "2026-06-18T12:51:48.505537135Z", :level :info, :message "scenario/start", :context {:id "test", :ctx/scenario-id "test", :ctx/run-id "test-run"}}
Captured event evidence: escrow-created hash: sha256:fffffffb143cffffffd131507b01ffffffd878ffffffd73e041bffffffa6fffffff2ffffff84ffffff8e28ffffff814fffffffe63fffffffde1bffffffb930ffffffd1ffffffc62dffffffdeffffffdd
Captured event evidence: escrow-released hash: sha256:ffffffbaffffffda41ffffffb77d69723cffffff9cffffffd46f7643ffffff8349042632ffffff842016631dffffffa0ffffffd42a66ffffffee7d37ffffffd7ffffff9f
{:ts "2026-06-18T12:51:48.522453362Z", :level :info, :message "scenario/end", :context {:id "test", :outcome :pass, :ctx/scenario-id "test", :ctx/run-id "test-run"}}
{:ts "2026-06-18T12:51:48.522703430Z", :level :info, :message "scenario/start", :context {:id "test", :ctx/scenario-id "test", :ctx/run-id "test-run"}}
Captured event evidence: escrow-created hash: sha256:ffffffef1effffff86ffffff9813ffffff837905ffffff803fffffffab7afffffffc3d2427ffffff9effffffbdffffffc53a0cffffff85386effffffd8ffffffdaffffffe2fffffff3ffffffcaffffffb75b76
Captured event evidence: escrow-released hash: sha256:fffffff2ffffffde114165ffffffcc151d26ffffffab2f47ffffff904c4bffffff99161c5effffffba61ffffffe839343effffff8b6effffffd9fffffff9ffffffe77079
{:ts "2026-06-18T12:51:48.537161176Z", :level :info, :message "scenario/end", :context {:id "test", :outcome :pass, :ctx/scenario-id "test", :ctx/run-id "test-run"}}
{:ts "2026-06-18T12:51:48.537416975Z", :level :info, :message "scenario/start", :context {:id "test", :ctx/scenario-id "test", :ctx/run-id "test-run"}}
Captured event evidence: escrow-created hash: sha256:ffffffd233ffffffd5ffffff96ffffff821bffffffc3ffffff9768ffffffba06ffffffb952fffffff2ffffff990affffffdaffffffcbffffff86ffffffca1966fffffff7ffffffa3fffffff13dffffffa6ffffffd7ffffff86ffffffa17effffff90
{:ts "2026-06-18T12:51:48.556138113Z", :level :info, :message "scenario/end", :context {:id "test", :outcome :pass, :ctx/scenario-id "test", :ctx/run-id "test-run"}}
{:ts "2026-06-18T12:51:48.556394013Z", :level :info, :message "scenario/start", :context {:id "test", :ctx/scenario-id "test", :ctx/run-id "test-run"}}
Captured event evidence: escrow-created hash: sha256:72ffffffa0ffffffac33ffffffa0ffffff8efffffffe5fffffffbd03ffffffadffffff92ffffffe15dffffffe151ffffffb774326dffffff94ffffffab78fffffff8ffffff9a4effffffcaffffffc4ffffffd5ffffffa12358
Captured event evidence: escrow-released hash: sha256:2cffffffd3ffffffceffffffe91affffffb8ffffffb37fffffffd9ffffffecffffff8cffffff80ffffff8dffffffe0ffffff81ffffffa847105f27ffffffabffffff830a691656ffffffbc7dfffffff05dffffffaa15
{:ts "2026-06-18T12:51:48.571705050Z", :level :info, :message "scenario/end", :context {:id "test", :outcome :pass, :ctx/scenario-id "test", :ctx/run-id "test-run"}}
{:ts "2026-06-18T12:51:48.571895424Z", :level :info, :message "scenario/start", :context {:id "test", :ctx/scenario-id "test", :ctx/run-id "test-run"}}
Captured event evidence: escrow-created hash: sha256:53ffffffe9ffffffee12ffffffd948231d20543cfffffff0ffffff8fffffffbb56ffffff8741ffffffe35efffffff140ffffffa653ffffffed7c02fffffff4ffffffc3fffffff404ffffffb9ffffff9c
Captured event evidence: escrow-released hash: sha256:156221ffffff9ffffffffe5bffffffcfffffff990dffffff8717fffffffdffffffffffffffd4ffffffb9ffffffd578533d5465ffffffc2ffffffbfffffff8bffffff98fffffff57526fffffffeffffffff6b3e
{:ts "2026-06-18T12:51:48.585017766Z", :level :info, :message "scenario/end", :context {:id "test", :outcome :pass, :ctx/scenario-id "test", :ctx/run-id "test-run"}}
{:ts "2026-06-18T12:51:48.585211687Z", :level :info, :message "scenario/start", :context {:id "test", :ctx/scenario-id "test", :ctx/run-id "test-run"}}
Captured event evidence: stake-registered hash: sha256:5a04ffffffc238ffffffc1ffffffa2ffffffdcffffffcaffffffbfffffffc1ffffffd56f43ffffffc145ffffffa07cffffff82ffffffcf21ffffffa6012b2affffffe2697b131e3fffffffcc10
Captured event evidence: escrow-created hash: sha256:2f3b6a12ffffff82ffffffb1097729ffffffd4ffffff81ffffff80ffffffce33ffffffb7ffffffdb2bffffffacffffff875dfffffff6ffffff934674ffffffac5cffffff806643ffffff8fffffff8affffffc0
Captured event evidence: dispute-raised hash: sha256:ffffff9772254cfffffff8ffffff98ffffffc80bffffffef31ffffff851effffff9b22ffffff99ffffffa7ffffffbefffffffbfffffff9ffffffa20a0dffffff9807ffffffd2ffffff8f03ffffffd52afffffff6070f
{:ts "2026-06-18T12:51:48.617027805Z", :level :debug, :message "Submitting resolution", :context {:caller "0xResolver", :workflow-id 0}}
Captured event evidence: fraud-slash-proposed hash: sha256:ffffffefffffff8affffffda65ffffff96ffffffd3ffffffcdfffffff63bffffffd555fffffff0ffffff8dffffff8552ffffffbfffffffdd71fffffffd765b1a04ffffffc370fffffff4ffffffb9fffffff3fffffff6643b05
{:ts "2026-06-18T12:51:48.623505171Z", :level :debug, :message "handle-fraud-slashing", :context {:now 1130, :appeal-window 100, :ctx/scenario-id "test", :ctx/run-id "test-run", :ctx/event-index 4, :ctx/event-type "propose_fraud_slash", :ctx/evidence-group-id "test-run:4:propose_fraud_slash"}}
Captured event evidence: escrow-released hash: sha256:6a6bffffffc2ffffffe164024445ffffff955cffffffc6ffffffb94c34ffffffbbffffffacffffff9fffffffc41d6b49ffffff8031ffffffe8491bffffffd8ffffffc3ffffffab07ffffffe036
Captured event evidence: stake-withdrawn hash: sha256:65ffffffe47cffffffab712affffffa56dffffffb7ffffffa0445822ffffff956cffffffc151fffffff5fffffffefffffff4ffffff9cffffffbefffffff15a7879ffffffdbffffff8fffffffee4144ffffff92
{:ts "2026-06-18T12:51:48.640145661Z", :level :info, :message "scenario/end", :context {:id "test", :outcome :pass, :ctx/scenario-id "test", :ctx/run-id "test-run"}}
{:ts "2026-06-18T12:51:48.640441556Z", :level :info, :message "scenario/start", :context {:id "test", :ctx/scenario-id "test", :ctx/run-id "test-run"}}
Captured event evidence: stake-registered hash: sha256:fffffff3ffffffc109ffffff9bffffffbeffffffef73fffffff6ffffffb6ffffffac4dffffffca45ffffffacffffffac177fffffffa4ffffffe2ffffffe65a2e4429ffffffdcffffffa268ffffffdfffffff925cffffffc11b
Captured event evidence: escrow-created hash: sha256:00fffffff3ffffffb3ffffffdc1dffffffb12876ffffff9bffffff8c525fffffff9f5a601affffffccffffffd1360c3fffffffaeffffffb837ffffffadffffffbaffffff9c1d081d4b71
Captured event evidence: dispute-raised hash: sha256:ffffffc5644d55ffffffd9717b7e05ffffffda1c02ffffffebffffff9bffffffbaffffffb7fffffff8047dffffffdd08ffffffc6ffffffdaffffffd037ffffffdb4fffffffd0ffffffd029ffffff883f
{:ts "2026-06-18T12:51:48.658030560Z", :level :debug, :message "Submitting resolution", :context {:caller "0xResolver", :workflow-id 0}}
Captured event evidence: fraud-slash-proposed hash: sha256:4f10ffffff842effffffe8ffffffda1047ffffffa8fffffff9ffffff8e2b13ffffffd637ffffffa2fffffff05d4effffff81ffffffe6ffffff8d760dfffffff6ffffffd75b2e6fffffffc3ffffff90fffffff4
{:ts "2026-06-18T12:51:48.664077713Z", :level :debug, :message "handle-fraud-slashing", :context {:now 1130, :appeal-window 120, :ctx/scenario-id "test", :ctx/run-id "test-run", :ctx/event-index 4, :ctx/event-type "propose_fraud_slash", :ctx/evidence-group-id "test-run:4:propose_fraud_slash"}}
Captured event evidence: fraud-slash-appealed hash: sha256:2a373efffffffbffffffaf3757ffffffc27bffffffbaffffffdb3f33064659622724ffffffefffffffb66432ffffffd0ffffffd91bffffffbbffffffdbffffffd9ffffffe808ffffffd1
{:ts "2026-06-18T12:51:48.676086977Z", :level :debug, :message "Resolving appeal", :context {:appeal-upheld? false, :workflow-id 0, :slash-id 0}}
Captured event evidence: rejected-no-bond hash: sha256:56ffffff830601527effffffb91f17ffffffd57615ffffffe0ffffffd968fffffff3ffffffb6ffffffda65ffffffdaffffffe91165ffffff986a7661ffffffceffffffbd442dffffffb8
Captured event evidence: escrow-released hash: sha256:1affffff865441040bffffff84ffffffb560ffffffb3ffffffa146ffffffd5fffffffe18ffffff9719ffffffcb33ffffffe40330ffffffa0ffffffb71031fffffff63b233b1617
Captured event evidence: slashing hash: sha256:ffffff811565ffffffeaffffff99ffffffa354fffffffcffffffea57ffffffa5ffffffe97cffffffe0ffffffb1ffffffb63affffff931030ffffffd030ffffffc3ffffffefffffffe1ffffffb752301fffffffb624fffffff4
Captured event evidence: resolver-unavailability-changed hash: sha256:4cffffffbcffffffec68ffffff95ffffffaeffffff8dfffffff3ffffffce7a1c46ffffffc2126cffffffbcffffffbeffffffc9ffffffcb70fffffff53154ffffffc0fffffffdffffffb44affffff9856156b77
Captured event evidence: :slash/prorata-allocation hash: nil
{:ts "2026-06-18T12:51:48.701316410Z", :level :info, :message "scenario/end", :context {:id "test", :outcome :pass, :ctx/scenario-id "test", :ctx/run-id "test-run"}}
{:ts "2026-06-18T12:51:48.701555808Z", :level :info, :message "scenario/start", :context {:id "test", :ctx/scenario-id "test", :ctx/run-id "test-run"}}
Captured event evidence: escrow-created hash: sha256:ffffffb3ffffffa0ffffffcc04ffffff9c2569ffffffdbffffff9b04ffffffd2fffffff419ffffff98fffffff033ffffff88ffffff8effffff8f2b18ffffff8e213a3affffffacffffffd17646ffffffd9ffffffbbffffffd6
Captured event evidence: dispute-raised hash: sha256:3affffffe1fffffff4482911ffffffa304ffffffddffffff8affffffcd7fffffffcc2105ffffff98ffffff871c5fffffffc7ffffffcfffffffc0ffffff91ffffffb9ffffff83ffffffa9ffffffc9fffffffeffffffef7fffffffb37a
{:ts "2026-06-18T12:51:48.712649982Z", :level :debug, :message "Submitting resolution", :context {:caller "0xResolver0", :workflow-id 0}}
{:ts "2026-06-18T12:51:48.715598821Z", :level :debug, :message "guard/rejected", :context {:caller "0xMallory", :workflow-id 0, :error :not-participant, :ctx/scenario-id nil, :ctx/run-id "-run", :ctx/event-index 3, :ctx/event-type "escalate_dispute", :ctx/evidence-group-id "-run:3:escalate_dispute"}}
Captured event evidence: escrow-created hash: sha256:370e19ffffff8dffffff8c6dffffffa315516dfffffffbffffffddffffff955affffffb0ffffffc25d213affffff8234ffffffae741135ffffff985f6dfffffffdffffff9f79ffffffcd
Captured event evidence: escrow-released hash: sha256:2bffffff83ffffffe4ffffffe470ffffffca0dffffffb540ffffffc5ffffffbb52fffffffb48ffffffc92d466873fffffff9ffffff91ffffffcc677103ffffffde7925ffffffbfffffff8a10ffffffd8
{:ts "2026-06-18T12:51:48.729777944Z", :level :info, :message "scenario/end", :context {:id "test", :outcome :pass, :ctx/scenario-id "test", :ctx/run-id "test-run"}}
{:ts "2026-06-18T12:51:48.729954201Z", :level :info, :message "scenario/start", :context {:id "test", :ctx/scenario-id "test", :ctx/run-id "test-run"}}
Captured event evidence: escrow-created hash: sha256:ffffffcd3a05ffffffaeffffff87ffffff937f530900ffffffccffffffeb664349ffffffcb3906ffffffabffffffefffffffbf23ffffff9cffffffeffffffff5125fffffffccffffffb6ffffffffffffffc344
Captured event evidence: dispute-raised hash: sha256:ffffff83335977ffffffec2cffffff827d6b5fffffff9effffffda25ffffffa1ffffff8707ffffffae5374121359ffffffe5ffffffe5fffffff4fffffffe35ffffffe127ffffff8d7118
{:ts "2026-06-18T12:51:48.739671602Z", :level :debug, :message "Submitting resolution", :context {:caller "0xResolver0", :workflow-id 0}}
Captured event evidence: bond-posted hash: sha256:ffffff9843fffffff74b7952ffffffceffffff9a0d47ffffff832336021fffffffe8fffffff7ffffffa302234072ffffffe5ffffffa5fffffffdffffffe5ffffff9011fffffff5424407
Captured event evidence: dispute-escalated hash: sha256:ffffffd448ffffff8affffffa2137affffff8effffff8dffffffffffffffff7d02ffffffc1ffffff9e54ffffffbdffffffd734083bfffffff3ffffffd1ffffffd33cffffffb40557ffffffd707ffffffa90668
{:ts "2026-06-18T12:51:48.749628351Z", :level :debug, :message "guard/rejected", :context {:workflow-id 0, :error :no-pending-settlement, :ctx/scenario-id nil, :ctx/run-id "-run", :ctx/event-index 4, :ctx/event-type "execute_pending_settlement", :ctx/evidence-group-id "-run:4:execute_pending_settlement"}}
{:ts "2026-06-18T12:51:48.750264708Z", :level :debug, :message "Submitting resolution", :context {:caller "0xResolver1", :workflow-id 0}}
Captured event evidence: stake-registered hash: sha256:2b68521421097effffff9317ffffffc953427372ffffffe0ffffffeb751cffffffb9ffffffdeffffffe5ffffff864219ffffffdbfffffffefffffff0ffffffe313ffffffc9067d
{:ts "2026-06-18T12:51:48.760527122Z", :level :info, :message "scenario/end", :context {:id "test", :outcome :pass, :ctx/scenario-id "test", :ctx/run-id "test-run"}}
{:ts "2026-06-18T12:51:48.760737754Z", :level :info, :message "scenario/start", :context {:id "test", :ctx/scenario-id "test", :ctx/run-id "test-run"}}
Captured event evidence: stake-registered hash: sha256:ffffffd5ffffffa3ffffff80ffffff96ffffffc0ffffffc24a5c414846ffffffb85e5f17fffffff917fffffff37f53747a31ffffffedffffffddffffff92ffffffee4512ffffffd7ffffffe7ffffff9e
Captured event evidence: escrow-created hash: sha256:ffffffff1137ffffff87ffffff93621b34ffffffab3effffff85ffffffb5ffffff80ffffffddffffffde37ffffffdbfffffff7ffffffdd5bffffffd4ffffffc400ffffff8844ffffffd06affffff84ffffffe7fffffffcffffffe9ffffff86
Captured event evidence: dispute-raised hash: sha256:382126415e4ffffffff217ffffff92ffffffe6ffffffc1ffffff9b0557ffffff9b19ffffffc00a2effffff8e5affffffa919ffffff886c08100b5cffffffbc11ffffff9e
{:ts "2026-06-18T12:51:48.777611761Z", :level :debug, :message "Submitting resolution", :context {:caller "0xResolver", :workflow-id 0}}
Captured event evidence: fraud-slash-proposed hash: sha256:ffffffc432fffffff2ffffffd7ffffffbcffffffe7ffffffc5ffffffa536ffffffe4ffffffe12dfffffff7565cfffffff465fffffffeffffffd5ffffffe6ffffffac37ffffffbb3cffffffd4ffffffc9ffffffd157fffffffbffffffd33852
{:ts "2026-06-18T12:51:48.782514105Z", :level :debug, :message "handle-fraud-slashing", :context {:now 1130, :appeal-window 120, :ctx/scenario-id "test", :ctx/run-id "test-run", :ctx/event-index 4, :ctx/event-type "propose_fraud_slash", :ctx/evidence-group-id "test-run:4:propose_fraud_slash"}}
Captured event evidence: escrow-released hash: sha256:0c42ffffff9d4831fffffff1425140ffffffb36e1affffffeeffffffb3ffffff87fffffffe41ffffffffffffff99ffffffb37cffffff83ffffff89ffffff95141d490968736bffffffe6
Captured event evidence: slashing hash: sha256:0c135fffffff8dffffffbeffffffd824ffffffc15bffffff85ffffffa95b36ffffffe860144bffffffd34effffffd5ffffff902bffffff84ffffffaaffffffcb711a60ffffffc4ffffff840134
Captured event evidence: resolver-unavailability-changed hash: sha256:ffffffd9ffffff946cffffffcfffffffcbfffffff9fffffff51bfffffffc386effffffcb1f02370fffffffedffffffc546555a6fffffff9dffffffeaffffffcf623776ffffffbb6fffffff89ffffffc5
Captured event evidence: :slash/prorata-allocation hash: nil
{:ts "2026-06-18T12:51:48.801322941Z", :level :info, :message "scenario/end", :context {:id "test", :outcome :pass, :ctx/scenario-id "test", :ctx/run-id "test-run"}}
{:ts "2026-06-18T12:51:48.801599820Z", :level :info, :message "scenario/start", :context {:id "test", :ctx/scenario-id "test", :ctx/run-id "test-run"}}
Captured event evidence: stake-registered hash: sha256:42ffffffcf4fffffffdc15fffffff66cffffff8a55ffffffaa4f58ffffff810709ffffffacffffff9affffff8e74706b4846ffffff8cfffffffdffffffb8ffffffbbffffffd167ffffff8e69ffffff98
{:ts "2026-06-18T12:51:48.809414764Z", :level :info, :message "scenario/end", :context {:id "test", :outcome :pass, :ctx/scenario-id "test", :ctx/run-id "test-run"}}
{:ts "2026-06-18T12:51:48.809643210Z", :level :info, :message "scenario/start", :context {:id "test", :ctx/scenario-id "test", :ctx/run-id "test-run"}}
Captured event evidence: escrow-created hash: sha256:ffffffeaffffff895c7125ffffffb9ffffffd2ffffff83ffffff95ffffffa01e0968ffffff8566ffffffe5fffffff83950ffffff84ffffff90ffffffd8ffffffc4ffffffa162ffffffc11cffffffb26effffffdb443a
Captured event evidence: dispute-raised hash: sha256:ffffff851affffffc9786a5affffffa35bfffffffeffffff9effffffad24ffffff8affffff9fffffffe0ffffff86004cffffffa6ffffff9a31593e10ffffffa23bffffffc271ffffffca0bffffffc711
{:ts "2026-06-18T12:51:48.822501899Z", :level :debug, :message "Submitting resolution", :context {:caller "0xResolver", :workflow-id 0}}
{:ts "2026-06-18T12:51:48.826257760Z", :level :debug, :message "guard/rejected", :context {:workflow-id 0, :ctx/event-index 3, :ctx/evidence-group-id "test-run:3:execute_pending_settlement", :appeal-deadline 1100, :ctx/run-id "test-run", :ctx/scenario-id "test", :error :appeal-window-not-expired, :ctx/event-type "execute_pending_settlement", :block-time 1050}}
Captured event evidence: escrow-released hash: sha256:2c383e24ffffffb5ffffffc3ffffffd1ffffffbe3dffffffad7731fffffffc57ffffff95032cffffff93ffffffa6ffffffa443ffffffa00604ffffff80ffffffe8ffffffc01fffffff843afffffffdfffffffd
{:ts "2026-06-18T12:51:48.831852438Z", :level :info, :message "scenario/end", :context {:id "test", :outcome :pass, :ctx/scenario-id "test", :ctx/run-id "test-run"}}
{:ts "2026-06-18T12:51:48.832047602Z", :level :info, :message "scenario/start", :context {:id "test", :ctx/scenario-id "test", :ctx/run-id "test-run"}}
Captured event evidence: escrow-created hash: sha256:ffffffe8232137066dffffff94ffffffe651ffffffe5ffffff9b0dffffffca14ffffff85ffffffcefffffff578ffffff9cffffffd5ffffffbd6e0c12fffffff37b11ffffffe9ffffffacfffffff468ffffffc8
Captured event evidence: escrow-released hash: sha256:164d27ffffffff7f06ffffffbefffffff45d29ffffffaf515affffffefffffffc2ffffffcb5049ffffffda734945ffffff990effffffcd19747056ffffff821cffffffc7
{:ts "2026-06-18T12:51:48.844966996Z", :level :info, :message "scenario/end", :context {:id "test", :outcome :pass, :ctx/scenario-id "test", :ctx/run-id "test-run"}}
{:ts "2026-06-18T12:51:48.845150888Z", :level :info, :message "scenario/start", :context {:id "test", :ctx/scenario-id "test", :ctx/run-id "test-run"}}
Captured event evidence: escrow-created hash: sha256:07560b6dffffff841d5effffff9afffffffe06127d0affffff88ffffffefffffff814e6756ffffffb36fffffffe82cffffffbeffffffa10e4effffffc1ffffffe1ffffffbdffffff92ffffff8e
Captured event evidence: escrow-released hash: sha256:ffffffe2ffffffdfffffffbb2227ffffffab1e52ffffffa17a00ffffffd4741bffffff9f6dffffffc577ffffff95ffffffed49ffffffb5ffffffb127ffffffadfffffffaffffffecffffffdc4affffffb00552
{:ts "2026-06-18T12:51:48.856710932Z", :level :info, :message "scenario/end", :context {:id "test", :outcome :pass, :ctx/scenario-id "test", :ctx/run-id "test-run"}}
{:ts "2026-06-18T12:51:48.856903160Z", :level :info, :message "scenario/start", :context {:id "test", :ctx/scenario-id "test", :ctx/run-id "test-run"}}
Captured event evidence: escrow-created hash: sha256:72ffffff9869ffffffcc6a6e1660ffffff8b2bffffffdbffffff8c75ffffffea1bffffffd7ffffff8d6affffff95ffffffca136a5cffffffb550ffffffa37a47352cfffffff62b
Captured event evidence: escrow-refunded hash: sha256:fffffffb4231ffffffc873ffffff9a015122ffffffef20ffffff98ffffffe1ffffffd111ffffffd5374affffffa525332bffffffc0ffffffc1ffffff94fffffff7ffffffb3656b2a2affffff84
{:ts "2026-06-18T12:51:48.876234515Z", :level :info, :message "scenario/end", :context {:id "test", :outcome :pass, :ctx/scenario-id "test", :ctx/run-id "test-run"}}
{:ts "2026-06-18T12:51:48.876514390Z", :level :info, :message "scenario/start", :context {:id "test", :ctx/scenario-id "test", :ctx/run-id "test-run"}}
Captured event evidence: escrow-created hash: sha256:6cffffffa75dffffffcf26ffffff8547ffffff9b72ffffff83ffffff9fffffffd7ffffffd2ffffffaa1dffffff98ffffff8affffff88fffffffe05227ffffffffe55ffffff82611cffffff9dffffffeaffffff9effffff8c4d
Captured event evidence: escrow-released hash: sha256:ffffff8cffffffddfffffff2ffffffab4a73ffffffe83c0113ffffffd2ffffffdf01ffffff940240ffffff90ffffffa1ffffffa2ffffffef44fffffffb0a7dffffff8a46ffffff965affffffcdfffffff1335b
{:ts "2026-06-18T12:51:48.913731286Z", :level :info, :message "scenario/end", :context {:id "test", :outcome :pass, :ctx/scenario-id "test", :ctx/run-id "test-run"}}
{:ts "2026-06-18T12:51:48.913966175Z", :level :info, :message "scenario/start", :context {:id "test", :ctx/scenario-id "test", :ctx/run-id "test-run"}}
Captured event evidence: escrow-created hash: sha256:ffffffb444ffffffd5ffffffdbffffffa8ffffffebffffffbbffffff9d4cffffffdbffffffcc5bffffffd92f26ffffffe0ffffffe7315004ffffffe0fffffffaffffffc52cffffffbeffffffcc067affffffc5416866
Captured event evidence: dispute-raised hash: sha256:22ffffffd1ffffffbf1affffffe67326ffffffe77c6c4effffffed03326fffffff9ffffffff021ffffff81ffffffb6ffffffb93affffff970c7bffffffbf47fffffffb0960ffffff884b
{:ts "2026-06-18T12:51:48.925069737Z", :level :debug, :message "Submitting resolution", :context {:caller "0xResolver0", :workflow-id 0}}
Captured event evidence: bond-posted hash: sha256:ffffff8327ffffffe8ffffff834cfffffff5fffffffaffffffb113ffffffa1ffffffb76f29fffffff9ffffffef7a6affffffeafffffff250fffffffeffffff90ffffffeb38ffffffc34dffffffda486b3e6bfffffffc
Captured event evidence: dispute-escalated hash: sha256:63ffffffcd0a793610357effffff9d6c43ffffffd359ffffffcd27ffffffd4ffffffcdffffffc86f6cffffffddffffff840fffffffd7ffffffe5ffffffe60473ffffffb178ffffff90ffffffd0
{:ts "2026-06-18T12:51:48.937752208Z", :level :debug, :message "Submitting resolution", :context {:caller "0xResolver1", :workflow-id 0}}
Captured event evidence: bond-posted hash: sha256:45fffffffe1840ffffff8a17ffffffdeffffffd537ffffffcaffffffb040fffffff0ffffffaa016c4956247b6e0dffffffa55dffffffa006760a6814ffffff8a73
Captured event evidence: dispute-escalated hash: sha256:146a1dffffff8bffffffb3ffffff95ffffff98ffffffe83cffffffd822ffffffe77069ffffffdfffffffe635ffffffc3ffffffff391cffffff98ffffffee2d2effffffa942ffffffb2205e36ffffffe0
{:ts "2026-06-18T12:51:48.949408787Z", :level :debug, :message "Submitting resolution", :context {:caller "0xResolver2", :workflow-id 0}}
Captured event evidence: escrow-released hash: sha256:7121ffffffde0b2affffff85fffffffbffffffec26fffffff6ffffff9dffffffb0ffffffbdffffffb7ffffff9b4d67fffffffdfffffff1ffffffa3ffffff8802ffffffa4ffffffb55d5541ffffffd4ffffffd1ffffff9e1170
{:ts "2026-06-18T12:51:48.957817577Z", :level :info, :message "scenario/end", :context {:id "test", :outcome :pass, :ctx/scenario-id "test", :ctx/run-id "test-run"}}
{:ts "2026-06-18T12:51:48.958059559Z", :level :info, :message "scenario/start", :context {:id "test", :ctx/scenario-id "test", :ctx/run-id "test-run"}}
Captured event evidence: escrow-created hash: sha256:71ffffffb106ffffffe526ffffffd8fffffff9ffffffeeffffffddffffffec54ffffff8c48ffffffcb4affffffe5ffffffccffffffa9ffffffb44c17ffffff9365ffffff836177ffffffd6fffffff40c4bffffffe3ffffffc5
Captured event evidence: escrow-released hash: sha256:ffffff8ffffffff358400354455e68ffffffbfffffffe2ffffffd562ffffffa934ffffff9112ffffffde51ffffffc7ffffff84043effffff9bffffffa96dffffffde737efffffff35156
{:ts "2026-06-18T12:51:48.976475023Z", :level :info, :message "scenario/end", :context {:id "test", :outcome :pass, :ctx/scenario-id "test", :ctx/run-id "test-run"}}
{:ts "2026-06-18T12:51:48.976700935Z", :level :info, :message "scenario/start", :context {:id "test", :ctx/scenario-id "test", :ctx/run-id "test-run"}}
{:ts "2026-06-18T12:51:48.983409453Z", :level :info, :message "scenario/end", :context {:id "test", :outcome :pass, :ctx/scenario-id "test", :ctx/run-id "test-run"}}
{:ts "2026-06-18T12:51:48.983613743Z", :level :info, :message "scenario/start", :context {:id "test", :ctx/scenario-id "test", :ctx/run-id "test-run"}}
{:ts "2026-06-18T12:51:48.988929468Z", :level :info, :message "scenario/end", :context {:id "test", :outcome :pass, :ctx/scenario-id "test", :ctx/run-id "test-run"}}
{:ts "2026-06-18T12:51:48.989118710Z", :level :info, :message "scenario/start", :context {:id "test", :ctx/scenario-id "test", :ctx/run-id "test-run"}}
Captured event evidence: stake-registered hash: sha256:4d6201ffffffa2ffffff9a3dffffffebffffff905dffffff94ffffffa77f7613ffffffdbffffffff0577ffffffc5ffffffdeffffff9414773dfffffffcffffffa30e5729ffffffb6ffffffddffffffe1
Captured event evidence: escrow-created hash: sha256:fffffff6ffffffa20fffffffe8ffffffd338ffffffb2ffffffc00dffffff911dffffffee771d62673b114effffffb9ffffffa86effffffe9ffffff8e3a3d60ffffff8dfffffffe51ffffffe3ffffffc2
Captured event evidence: dispute-raised hash: sha256:5220421420ffffffcfffffff82ffffffaa32fffffffeffffffa929ffffffcaffffff96ffffff9effffffd7ffffffacfffffff4ffffffb4ffffffa45effffffd17dffffffdb24ffffffb26effffffd0571affffffb50d
{:ts "2026-06-18T12:51:49.008094275Z", :level :debug, :message "Submitting resolution", :context {:caller "0xResolver", :workflow-id 0}}
Captured event evidence: fraud-slash-proposed hash: sha256:ffffff8fffffffc325ffffffc2ffffffd1ffffffeeffffff856bffffffe5ffffff812affffffbfffffff99ffffffa2fffffff4ffffffbd18ffffffd0ffffff87ffffffa5ffffffc8fffffff4ffffffa6ffffffe876ffffff8130ffffff83ffffffc6ffffffceffffff95ffffffdc
{:ts "2026-06-18T12:51:49.013343221Z", :level :debug, :message "handle-fraud-slashing", :context {:now 1130, :appeal-window 100, :ctx/scenario-id "test", :ctx/run-id "test-run", :ctx/event-index 4, :ctx/event-type "propose_fraud_slash", :ctx/evidence-group-id "test-run:4:propose_fraud_slash"}}
Captured event evidence: escrow-released hash: sha256:0effffffa64d3954ffffffabffffffde0fffffffb3ffffffed7b173c2d63ffffffe10961ffffff95ffffffec6cffffff875effffffa85070634e1bfffffff7ffffffa3ffffffc4
{:ts "2026-06-18T12:51:49.020574459Z", :level :info, :message "scenario/end", :context {:id "test", :outcome :pass, :ctx/scenario-id "test", :ctx/run-id "test-run"}}
{:ts "2026-06-18T12:51:49.020719216Z", :level :info, :message "scenario/start", :context {:id "test", :ctx/scenario-id "test", :ctx/run-id "test-run"}}
Captured event evidence: escrow-created hash: sha256:3a7dffffffd3ffffffc53d0111760bffffff9360ffffff86ffffffe1ffffffb3ffffffe7ffffffc94870ffffffebffffffdf61ffffff967fffffffa9fffffff703ffffffc5ffffffd95bffffffd5ffffff8754
Captured event evidence: escrow-released hash: sha256:ffffffd0ffffffc910ffffffefffffffd75961474affffffeaffffffd76964ffffffd856ffffff8effffff8d076939ffffff8f566d27142affffff9731ffffffb67bfffffff1ffffffb8
{:ts "2026-06-18T12:51:49.032644028Z", :level :info, :message "scenario/end", :context {:id "test", :outcome :pass, :ctx/scenario-id "test", :ctx/run-id "test-run"}}
{:ts "2026-06-18T12:51:49.032938682Z", :level :info, :message "scenario/start", :context {:id "test", :ctx/scenario-id "test", :ctx/run-id "test-run"}}
DEBUG: terminal-world trace count: 2
DEBUG: last entry has world?: true
Captured event evidence: escrow-created hash: sha256:0447ffffffc0ffffffbdffffff81ffffffbc15211507ffffff81fffffff4ffffffd1ffffffe5ffffff9c2c213bffffffa0ffffffe4ffffffd47dffffffeeffffffbaffffff97ffffffd719ffffff8c04ffffffb55bfffffff5
{:ts "2026-06-18T12:51:49.050075280Z", :level :info, :message "scenario/end", :context {:id "test", :outcome :pass, :ctx/scenario-id "test", :ctx/run-id "test-run"}}
{:ts "2026-06-18T12:51:49.050262778Z", :level :info, :message "scenario/start", :context {:id "test", :ctx/scenario-id "test", :ctx/run-id "test-run"}}
Captured event evidence: escrow-created hash: sha256:ffffffacffffffe7fffffff36b68ffffff81fffffff5ffffffd326ffffffa5ffffffbaffffffc219ffffffd0ffffffcfffffffc2ffffffeffffffffeffffffcc0730ffffff9341ffffffa32dffffffdc664e66ffffffda5c6a
Captured event evidence: escrow-created hash: sha256:ffffffe90cffffffe0ffffffd31dffffff812fffffff8a1d44206b56570bffffff92777f1effffffbe634cffffff88ffffffa7ffffff9d6164ffffffa4657013ffffffc1
Captured event evidence: dispute-raised hash: sha256:2dffffffeffffffff431ffffff9735ffffff92ffffff9dffffff9bffffffe42e59ffffff906d5f4affffff8efffffffafffffff8ffffffb3ffffffab3b5c28ffffff987432ffffffe967ffffffdaffffffb874
{:ts "2026-06-18T12:51:49.065432415Z", :level :debug, :message "Submitting resolution", :context {:caller "0xResolver", :workflow-id 0}}
Captured event evidence: escrow-refunded hash: sha256:235547ffffff852f19ffffffba3d12ffffff92047bfffffff5ffffffaaffffffc75f1474fffffff5ffffffa3ffffffd306ffffffe5ffffff987bffffffc377ffffffa96871fffffffc43
Captured event evidence: escrow-released hash: sha256:ffffffbf7c02fffffffa064bffffff994effffffeeffffffba01ffffffaa5015ffffffa5ffffffd4ffffffd8ffffffb3ffffffe257290c7d5fffffffb320ffffffb8fffffff36778ffffffd2ffffffd7
{:ts "2026-06-18T12:51:49.076246394Z", :level :info, :message "scenario/end", :context {:id "test", :outcome :pass, :ctx/scenario-id "test", :ctx/run-id "test-run"}}
{:ts "2026-06-18T12:51:49.076540586Z", :level :info, :message "scenario/start", :context {:id "test", :ctx/scenario-id "test", :ctx/run-id "test-run"}}
Captured event evidence: escrow-created hash: sha256:ffffffeffffffff406353affffffae78ffffffabfffffffbffffffef676cffffffee1dffffffc4ffffffe3fffffff1495efffffff0ffffffe62f7618ffffffecffffffb8ffffffc3ffffffa2757542ffffffb1
Captured event evidence: escrow-created hash: sha256:ffffffa40801ffffffd2191f05fffffff1ffffffd9ffffff90ffffffbaffffff85ffffffe353ffffffed26ffffff9d1473ffffffcc0bffffffb23a71ffffffc52870ffffffb3267afffffff15d
Captured event evidence: escrow-released hash: sha256:ffffffac3b60ffffff87ffffffe9ffffff81ffffffb722fffffff5ffffffe9fffffff3fffffff6ffffff83ffffff8f130050ffffffbf4dffffffe6ffffff95ffffffb4ffffffec31fffffff06569ffffffdcffffffb7ffffff92ffffffcdffffffcf
Captured event evidence: escrow-released hash: sha256:0dffffffc5fffffff202fffffff95c543612111bffffffe61b43ffffffd206ffffffa25cffffffec344cffffff9865ffffffb5ffffff8b4f082c35ffffffecffffffb9fffffffd
{:ts "2026-06-18T12:51:49.104269008Z", :level :info, :message "scenario/end", :context {:id "test", :outcome :pass, :ctx/scenario-id "test", :ctx/run-id "test-run"}}
{:ts "2026-06-18T12:51:49.104526240Z", :level :info, :message "scenario/start", :context {:id "test", :ctx/scenario-id "test", :ctx/run-id "test-run"}}
Captured event evidence: stake-registered hash: sha256:7dffffff9622ffffff94ffffff90ffffff86ffffffa6ffffffafffffff98fffffff220ffffffdeffffffde6c41ffffffa9005e7c66ffffffadffffffb8ffffffabfffffff4ffffffa6ffffff88ffffffdf584a35334b
Captured event evidence: escrow-created hash: sha256:ffffffac370d0cffffff8c23ffffffacffffffe5ffffffffffffffb5ffffffb7ffffffd35dffffff9c7f49fffffff1ffffffd522fffffff3390625ffffffbb12ffffff990653ffffffc109ffffffadffffffc2
Captured event evidence: dispute-raised hash: sha256:53ffffffb005ffffffd15a4039ffffffb634fffffff3ffffff9c547671fffffffcfffffffcffffffff7affffffcc1b3212ffffff8b32154e624924383646
{:ts "2026-06-18T12:51:49.123853166Z", :level :info, :message "scenario/end", :context {:id "test", :outcome :pass, :ctx/scenario-id "test", :ctx/run-id "test-run"}}
{:ts "2026-06-18T12:51:49.124029684Z", :level :info, :message "scenario/start", :context {:id "test", :ctx/scenario-id "test", :ctx/run-id "test-run"}}
Captured event evidence: escrow-created hash: sha256:456a36ffffffc66d4c034a12ffffff81ffffffbe30ffffffa7ffffffabffffffcdffffffa723ffffffe716ffffffebfffffff6ffffffb9ffffffcf25ffffffcdffffffbb3821603fffffffa818
{:ts "2026-06-18T12:51:49.132320227Z", :level :info, :message "scenario/end", :context {:id "test", :outcome :pass, :ctx/scenario-id "test", :ctx/run-id "test-run"}}
{:ts "2026-06-18T12:51:49.132561809Z", :level :info, :message "scenario/start", :context {:id "test", :ctx/scenario-id "test", :ctx/run-id "test-run"}}
Captured event evidence: escrow-created hash: sha256:ffffff8effffffedffffffd873ffffffff640766251cffffff80ffffffe0374f0531fffffff626453e01ffffffa93d45fffffffc321e75564a5665
Captured event evidence: escrow-released hash: sha256:10ffffffe40539ffffffa9fffffff114ffffffb9716affffff853fffffffce5b0dffffffd7ffffffb4ffffffc0ffffff9674ffffff96685c1cffffffe9356b19ffffffd973ffffffc5ffffff88
{:ts "2026-06-18T12:51:49.172058233Z", :level :info, :message "scenario/end", :context {:id "test", :outcome :pass, :ctx/scenario-id "test", :ctx/run-id "test-run"}}
{:ts "2026-06-18T12:51:49.172252815Z", :level :info, :message "scenario/start", :context {:id "test", :ctx/scenario-id "test", :ctx/run-id "test-run"}}
Captured event evidence: stake-registered hash: sha256:59fffffffe6f63ffffff9f2d2c46ffffffd5fffffffa0e231525473fffffff8cffffffd3ffffff84ffffffcdffffffee29ffffff9fffffff8bffffffe13d4dffffff8c7727ffffffa30d
Captured event evidence: escrow-created hash: sha256:31ffffffceffffffa5fffffff7ffffffe066ffffffde36ffffffafffffff96ffffffa9ffffff83ffffffaaffffffd528ffffffdafffffff765ffffffc1fffffff14dffffffaafffffff8ffffffda56521f05ffffffdd722245
Captured event evidence: dispute-raised hash: sha256:ffffff9dffffffb542ffffffac56ffffffb0fffffff839ffffff93fffffff928fffffff1ffffffb6fffffff4ffffffe9ffffffe4ffffff955dffffffa1ffffffb8354bffffffe5ffffff8c7608476741212bffffff92
{:ts "2026-06-18T12:51:49.193324348Z", :level :debug, :message "Submitting resolution", :context {:caller "0xResolver", :workflow-id 0}}
Captured event evidence: fraud-slash-proposed hash: sha256:01585626ffffffd537783a41ffffff9755ffffffdb33533dffffffe02effffffbaffffffde4a0610ffffffd1ffffffd322ffffffa576ffffffc8ffffffe0473e2f
{:ts "2026-06-18T12:51:49.197333534Z", :level :debug, :message "handle-fraud-slashing", :context {:now 1130, :appeal-window 120, :ctx/scenario-id "test", :ctx/run-id "test-run", :ctx/event-index 4, :ctx/event-type "propose_fraud_slash", :ctx/evidence-group-id "test-run:4:propose_fraud_slash"}}
Captured event evidence: fraud-slash-appealed hash: sha256:442dffffff8e67ffffff9274ffffffba31ffffffc17b5fffffffc3ffffffeefffffffaffffff84ffffffdfffffffb21968ffffffbcffffffc6ffffff875044fffffff6ffffffcefffffffdffffffcbffffffbb4b1462
{:ts "2026-06-18T12:51:49.205532412Z", :level :debug, :message "Resolving appeal", :context {:appeal-upheld? true, :workflow-id 0, :slash-id 0}}
Captured event evidence: reversed hash: sha256:4553ffffff80ffffff8affffff8dffffffa911ffffffc23cffffff936fffffff95210bffffffc5ffffffd6ffffffdcfffffff7ffffffb9ffffff8778ffffff850cffffffed116affffffe905ffffffff605affffffd1
{:ts "2026-06-18T12:51:49.210843167Z", :level :info, :message "scenario/end", :context {:id "test", :outcome :pass, :ctx/scenario-id "test", :ctx/run-id "test-run"}}
{:ts "2026-06-18T12:51:49.211073387Z", :level :info, :message "scenario/start", :context {:id "test", :ctx/scenario-id "test", :ctx/run-id "test-run"}}
Captured event evidence: stake-registered hash: sha256:fffffff9441f6026ffffffd9ffffffb0ffffffac32ffffffeaffffffd53ffffffff1ffffff844e5f020fffffffb34f7cffffffed1424fffffff04dffffffb3ffffffe0ffffff9b49ffffff89ffffffaf
Captured event evidence: escrow-created hash: sha256:ffffff8060ffffff95fffffffb08ffffffc221ffffffde5affffffd85affffffc7ffffff8fffffff97513e03fffffff2ffffffad4e32ffffffbafffffff7364d6855ffffff897fffffffe9ffffffe2fffffff0
Captured event evidence: dispute-raised hash: sha256:fffffff9ffffff98ffffffe2ffffff9cffffffaa2f4affffff8fffffffa4ffffff9a25ffffffbc6e7d6924ffffff8a32ffffff80ffffffbbffffff9dffffffafffffffc7fffffff8140707ffffff853dffffff9e1cfffffff7
{:ts "2026-06-18T12:51:49.223968344Z", :level :debug, :message "Submitting resolution", :context {:caller "0xResolver", :workflow-id 0}}
Captured event evidence: fraud-slash-proposed hash: sha256:286bffffffb5ffffffc4ffffffee7affffff94ffffffc8fffffff0fffffffaffffffdc2e69ffffffa6046849ffffff9c784cfffffff147fffffff1ffffffcfffffffb8fffffff6fffffffaffffffedffffffdb69ffffff8447
{:ts "2026-06-18T12:51:49.229257578Z", :level :debug, :message "handle-fraud-slashing", :context {:now 1130, :appeal-window 120, :ctx/scenario-id "test", :ctx/run-id "test-run", :ctx/event-index 4, :ctx/event-type "propose_fraud_slash", :ctx/evidence-group-id "test-run:4:propose_fraud_slash"}}
Captured event evidence: fraud-slash-appealed hash: sha256:ffffffd3ffffffb8ffffffe0ffffffbcffffffa4ffffffc3fffffffeffffff93ffffff8efffffffbfffffff5fffffff1fffffff0ffffffa674ffffffa217ffffff9a78ffffffb04cffffffa87dffffffbaffffffa637ffffffde6efffffffbffffffe03241
{:ts "2026-06-18T12:51:49.237389017Z", :level :debug, :message "Resolving appeal", :context {:appeal-upheld? false, :workflow-id 0, :slash-id 0}}
Captured event evidence: rejected hash: sha256:ffffffad3bfffffffb292f76257a18ffffffed606fffffffe9ffffffad37ffffffa3ffffff86ffffff8d47ffffffb4ffffffc1fffffff2502c7cfffffff0ffffff83ffffffeb37ffffffb5581f
Captured event evidence: escrow-released hash: sha256:275b0b23ffffff846a5dffffff9a787d4effffff99ffffffb448ffffff8127ffffffd476ffffffb6ffffffbf5effffffd42affffffc5ffffffa32350ffffffd9ffffffabffffff82ffffffe80d
Captured event evidence: slashing hash: sha256:06ffffff8a0f580447ffffffad6ffffffff961ffffff93ffffff9e3effffffcf36ffffffd8ffffffe1ffffffdd46713fffffffca4effffffc361147f512dffffffa4ffffffc4ffffff9f
Captured event evidence: resolver-unavailability-changed hash: sha256:2f55ffffffb225ffffff92ffffffdefffffff6ffffffa35d487a73632a25325a7f6a207dffffff992a384d7a603253ffffff8bffffffd5ffffff9b
Captured event evidence: :slash/prorata-allocation hash: nil
{:ts "2026-06-18T12:51:49.261422794Z", :level :info, :message "scenario/end", :context {:id "test", :outcome :pass, :ctx/scenario-id "test", :ctx/run-id "test-run"}}
{:ts "2026-06-18T12:51:49.261751823Z", :level :info, :message "scenario/start", :context {:id "test", :ctx/scenario-id "test", :ctx/run-id "test-run"}}
Captured event evidence: stake-registered hash: sha256:ffffffa4fffffff0ffffffa64b4535ffffffe9ffffffa162fffffffaffffffd5ffffffc9ffffffc4ffffffd7fffffff1fffffffc5affffff966fffffff88ffffffa006ffffffbefffffff9ffffffed5804666f61ffffff9cffffffc2
Captured event evidence: escrow-created hash: sha256:66ffffffa0ffffff90ffffff934effffff8449ffffff9fffffffa2ffffffb24475ffffffa7ffffffb7ffffffe76b06ffffffa24affffffc411ffffffbfffffffe8ffffffdd56303f216960563c
Captured event evidence: dispute-raised hash: sha256:764bffffffce30fffffff4ffffffc3ffffff9379ffffff97ffffff91ffffff8770ffffffbeffffffeeffffffabffffff815e4fffffffa57323ffffffa50b370d1755ffffff992cfffffff1ffffffdaffffff93
{:ts "2026-06-18T12:51:49.288213423Z", :level :debug, :message "Submitting resolution", :context {:caller "0xResolver", :workflow-id 0}}
Captured event evidence: escrow-released hash: sha256:633effffffd3ffffffe414ffffffb541380732fffffff50a53ffffffe46effffff9173ffffffb61151fffffffdffffffa11affffffb8ffffff9f1d23ffffff8d2b11ffffffffffffffb5
Captured event evidence: stake-withdrawn hash: sha256:57ffffffefffffffdb036dffffffbbffffffd0ffffffc8ffffffe27affffff8affffffccffffffcb1dffffffc77cffffffbd3bffffffa9ffffff92ffffffbd02114affffffa57b71fffffff7ffffffb6fffffff3ffffffae4e
{:ts "2026-06-18T12:51:49.301771698Z", :level :info, :message "scenario/end", :context {:id "test", :outcome :pass, :ctx/scenario-id "test", :ctx/run-id "test-run"}}
{:ts "2026-06-18T12:51:49.301952825Z", :level :info, :message "scenario/start", :context {:id "test", :ctx/scenario-id "test", :ctx/run-id "test-run"}}
Captured event evidence: escrow-created hash: sha256:39ffffff89426f72ffffffeb582f2973fffffffe037bffffffc5ffffffe84bffffff8e53ffffff8448ffffff8effffffcaffffffcb4cffffffba690a4855ffffffca1613
{:ts "2026-06-18T12:51:49.313113797Z", :level :info, :message "scenario/end", :context {:id "test", :outcome :pass, :ctx/scenario-id "test", :ctx/run-id "test-run"}}
{:ts "2026-06-18T12:51:49.313258814Z", :level :info, :message "scenario/start", :context {:id "test", :ctx/scenario-id "test", :ctx/run-id "test-run"}}
Captured event evidence: escrow-created hash: sha256:65ffffff90ffffff894970ffffff96ffffffee11ffffffe010ffffffb0ffffff993dffffffd2611effffff8dffffffc0fffffff64c73ffffffb217ffffff9f16ffffffcdffffffa4ffffffde613affffffe9ffffffbe
Captured event evidence: escrow-released hash: sha256:7cffffffd1463fffffffe7ffffffebffffff98ffffffb04a2b15ffffffccffffffae0d27ffffffb07651ffffff8a2effffff8affffffb3ffffffccfffffff0ffffffa772ffffffea6cfffffff35e7cffffffa9
{:ts "2026-06-18T12:51:49.327101173Z", :level :info, :message "scenario/end", :context {:id "test", :outcome :pass, :ctx/scenario-id "test", :ctx/run-id "test-run"}}
{:ts "2026-06-18T12:51:49.327378754Z", :level :info, :message "scenario/start", :context {:id "test", :ctx/scenario-id "test", :ctx/run-id "test-run"}}
Captured event evidence: stake-registered hash: sha256:ffffffaa5b26fffffff658ffffff8259157fffffff9dffffffd00bffffffcaffffffbd027c626fffffff9b3947312c4e7f6265ffffff9f25ffffffa5ffffffae1c
Captured event evidence: escrow-created hash: sha256:5effffff8c463effffffec0b6afffffff1ffffffb77efffffff0534dfffffff27364ffffff8e7cffffff8afffffff6ffffffb9ffffff8a0b79ffffffc863ffffffd4ffffffb17affffffdeffffff90ffffffa6
Captured event evidence: dispute-raised hash: sha256:0355ffffffa514ffffffff1c3771ffffffc0ffffffd3ffffffc4762854324affffffa15fffffffa3ffffffe5fffffffbffffff9638ffffffc327603c04ffffffba784d29
{:ts "2026-06-18T12:51:49.344962016Z", :level :debug, :message "Submitting resolution", :context {:caller "0xResolver", :workflow-id 0}}
Captured event evidence: fraud-slash-proposed hash: sha256:53ffffffad407dffffffdaffffff8cffffffe5ffffff960a2effffffecffffffcfffffffc5493fffffffd8ffffff972affffffdeffffffd6ffffffb7ffffffdd25ffffffbbffffffdcffffffb0ffffffeb71053effffffcf23
{:ts "2026-06-18T12:51:49.349909306Z", :level :debug, :message "handle-fraud-slashing", :context {:now 1130, :appeal-window 120, :ctx/scenario-id "test", :ctx/run-id "test-run", :ctx/event-index 4, :ctx/event-type "propose_fraud_slash", :ctx/evidence-group-id "test-run:4:propose_fraud_slash"}}
Captured event evidence: escrow-released hash: sha256:41ffffffb6ffffffd449ffffffc05c5cffffffb5ffffff8733100a2effffff9067ffffff85fffffff1ffffffe870194cffffffe8790939fffffffd5e4f5dffffffdb6051
Captured event evidence: slashing hash: sha256:631a6c05ffffffcc5cffffffe4ffffffc45a287405ffffffdaffffff8cffffffa4fffffffc5c6effffffb8ffffff81ffffffe55a0affffffb726ffffffe3ffffffa7ffffff9d50ffffff9c5cffffffa8
Captured event evidence: resolver-unavailability-changed hash: sha256:ffffffea7f1b0effffffdfffffffe5ffffffd4ffffffcc73ffffffddffffffe2ffffffadffffffcefffffff76431ffffffdb0a12ffffffaaffffff90ffffff87ffffff8dffffffc8ffffffb9ffffffa30affffff95ffffff9d20ffffffc0ffffffc3
Captured event evidence: :slash/prorata-allocation hash: nil
Captured event evidence: stake-withdrawn hash: sha256:2effffff9fffffffc7fffffffc3dffffffe826217452fffffffdffffffb43b11ffffffb431ffffffca7b133affffffe2fffffff51417072d495c3b5766ffffffdb
{:ts "2026-06-18T12:51:49.373751477Z", :level :info, :message "scenario/end", :context {:id "test", :outcome :pass, :ctx/scenario-id "test", :ctx/run-id "test-run"}}
{:ts "2026-06-18T12:51:49.373950146Z", :level :info, :message "scenario/start", :context {:id "test", :ctx/scenario-id "test", :ctx/run-id "test-run"}}
Captured event evidence: escrow-created hash: sha256:5d5affffffdeffffffccffffffafffffffbd04ffffffe8fffffff8ffffff8f365013305a40ffffff9009ffffff85fffffffdffffffcdffffffbeffffff9cffffffeffffffff6ffffffd1630fffffff940d61ffffff92
Captured event evidence: dispute-raised hash: sha256:2affffffa515ffffffc6fffffffdffffffbc5cffffffd374ffffff8a3bffffff824cffffffadffffff91ffffff8dffffffc6fffffff107ffffff8f60ffffffa8ffffffaaffffffa9ffffffecfffffff4ffffffc86c4e3466ffffff8a
{:ts "2026-06-18T12:51:49.383958845Z", :level :debug, :message "Submitting resolution", :context {:caller "0xResolver0", :workflow-id 0}}
Captured event evidence: bond-posted hash: sha256:ffffff8affffffeaffffffd8ffffffe2ffffffa0ffffffa151ffffffacffffff91ffffffefffffffad7662ffffff832affffffe43b0677ffffffd072ffffffaefffffff1ffffff9423ffffffdcffffffd93423ffffffb2ffffffdaffffffcb
Captured event evidence: dispute-escalated hash: sha256:7a60ffffff86ffffff9cffffffd21cffffffabfffffff9fffffffe10ffffffc70d24102a29ffffffa4fffffff2474fffffffb132ffffff81fffffff96a314effffffbfffffff8a427d1d
{:ts "2026-06-18T12:51:49.391011180Z", :level :debug, :message "Submitting resolution", :context {:caller "0xResolver1", :workflow-id 0}}
Captured event evidence: bond-posted hash: sha256:4373ffffff86ffffffaaffffffa719fffffff035ffffffa26affffffd5ffffffd0681a2bffffffecffffffef61ffffffd64affffffc5ffffffc0ffffffd2ffffffb7ffffff85ffffffd001ffffffb7402e2f47
Captured event evidence: dispute-escalated hash: sha256:ffffffcd1a53fffffff0ffffffe2ffffff82fffffffaffffffff407827ffffff82ffffffe327ffffffcd3dffffffec380bffffff9cffffffc334794e4bffffffc11f66ffffffdbffffffdb2174
{:ts "2026-06-18T12:51:49.397473417Z", :level :debug, :message "Submitting resolution", :context {:caller "0xResolver2", :workflow-id 0}}
Captured event evidence: escrow-released hash: sha256:1b5c0effffffa2ffffff910820ffffff96ffffffdc61ffffffee4effffff970c00ffffffff5d28692dfffffff8ffffff9d17ffffff9a2d10ffffff84ffffffe9ffffffa8657affffff9e
{:ts "2026-06-18T12:51:49.402402763Z", :level :debug, :message "guard/rejected", :context {:escrow-state :released, :workflow-id 0, :error :transfer-not-in-dispute, :ctx/scenario-id nil, :ctx/run-id "-run", :ctx/event-index 7, :ctx/event-type "escalate_dispute", :ctx/evidence-group-id "-run:7:escalate_dispute"}}
Captured event evidence: escrow-created hash: sha256:ffffff900227ffffff83ffffffa71dffffffa1ffffffe06e4e3fffffffe9ffffffc8ffffffc8ffffffdfffffffef5affffffd879ffffffbfffffffd6132affffff99ffffffb3ffffff80ffffffea47ffffff8851ffffffd333
Captured event evidence: escrow-released hash: sha256:706cffffffe4ffffffc03fffffffb16fffffffb1ffffffc3fffffff520ffffffbe43ffffffe8ffffff9520ffffffb04a17ffffffb5ffffffefffffffaa730b7e212cffffff86ffffffd1593efffffffe
{:ts "2026-06-18T12:51:49.415118518Z", :level :info, :message "scenario/end", :context {:id "test", :outcome :pass, :ctx/scenario-id "test", :ctx/run-id "test-run"}}
{:ts "2026-06-18T12:51:49.415240381Z", :level :info, :message "scenario/start", :context {:id "test", :ctx/scenario-id "test", :ctx/run-id "test-run"}}

Testing resolver-sim.protocols.sew.forking-strategist-expectations-test
Captured event evidence: escrow-created hash: sha256:75ffffffb578ffffffac1fffffff8cffffffb2ffffffbeffffff86387977ffffff98ffffffc25f0704ffffffab34ffffffb728ffffff8bffffffeb1614ffffffe8ffffffd7144b534a36
Captured event evidence: dispute-raised hash: sha256:28fffffff6607228ffffffd31affffffc4fffffffbffffff902f0bffffffdd0bfffffffd7d7f563dffffffe8ffffffa813ffffffceffffffbdffffffb332ffffffd1485572ffffffd0ffffffb1
{:ts "2026-06-18T12:51:49.424824537Z", :level :debug, :message "Submitting resolution", :context {:caller "0xl0", :workflow-id 0}}
Captured event evidence: bond-posted hash: sha256:ffffff85ffffffd8fffffff47f04ffffffb9ffffffb412113903ffffffc84bffffff85fffffff3ffffffdfffffffc43e25fffffffdfffffff1ffffffc94dffffff8dffffff81474c194effffffa004ffffff84
Captured event evidence: dispute-escalated hash: sha256:ffffff8e220efffffff4ffffffa0ffffffc10effffffe1196675ffffffc0ffffffaaffffffe237fffffff4ffffffd07dffffffa978ffffffc2310f39ffffffb65762ffffffb4575c2815
{:ts "2026-06-18T12:51:49.430588379Z", :level :debug, :message "Submitting resolution", :context {:caller "0xl1", :workflow-id 0}}
Captured event evidence: escrow-refunded hash: sha256:6affffffa8ffffffb95fffffff8effffffef544b50ffffff8c4b26716fffffffd4ffffffc94dffffffcaffffffa6ffffffd944ffffff957019ffffffa6ffffffe56b012affffffe3ffffffc6ffffffad
{:ts "2026-06-18T12:51:49.435743997Z", :level :info, :message "scenario/end", :context {:id "s26-forking-strategist-l1-reversal", :outcome :pass, :ctx/scenario-id "s26-forking-strategist-l1-reversal", :ctx/run-id "s26-forking-strategist-l1-reversal-run"}}
{:ts "2026-06-18T12:51:49.435850491Z", :level :info, :message "scenario/start", :context {:id "s26-forking-strategist-l1-reversal", :ctx/scenario-id "s26-forking-strategist-l1-reversal", :ctx/run-id "s26-forking-strategist-l1-reversal-run"}}
Captured event evidence: escrow-created hash: sha256:ffffffdf26ffffffe5ffffff984affffff8a3f233230ffffff9bffffff8dffffffd73cffffffd7ffffffbcffffffdafffffffdffffffdbffffffbc5d65fffffff1ffffffc8116d2affffffe9480cffffffec01
Captured event evidence: dispute-raised hash: sha256:43ffffffb90541ffffff8cffffffa624ffffffd073ffffffb3ffffffd67dffffffb0ffffffc3627e3cffffffb479ffffffa13fffffffe9ffffffb2ffffffb430ffffffc0165c1d077865
{:ts "2026-06-18T12:51:49.446814055Z", :level :debug, :message "Submitting resolution", :context {:caller "0xl0", :workflow-id 0}}
Captured event evidence: bond-posted hash: sha256:3059065e652cffffffd023ffffffcd3c316cffffffddffffffee48261c1e170122ffffffd2ffffffc94e3313ffffffaeffffff85fffffff7ffffffe4194e
Captured event evidence: dispute-escalated hash: sha256:ffffffcf20fffffffdffffffff2efffffff3ffffff90ffffff9a5112ffffff81ffffff8cffffffd700ffffff8606ffffffdc46ffffffdd77491effffffcdffffff844619ffffffe0ffffff87ffffffb7fffffffcffffffa0ffffffdf
{:ts "2026-06-18T12:51:49.452281210Z", :level :debug, :message "Submitting resolution", :context {:caller "0xl1", :workflow-id 0}}
Captured event evidence: bond-posted hash: sha256:5cffffff91ffffffc8402dffffffa5ffffffe0ffffffd005ffffffff01ffffffb949ffffffa9ffffffa64fffffffd0fffffff2ffffffbe4506ffffffd032ffffffd8fffffffd56ffffffaaffffffd6fffffff31affffffe871
Captured event evidence: dispute-escalated hash: sha256:13ffffffca7cffffff92ffffffbfffffffb7fffffff5fffffff8664cffffffe8292dffffffb5ffffffe2fffffff3ffffff836050fffffffdffffffeeffffff8f0455ffffffe0414932ffffff8cffffff8f2702
{:ts "2026-06-18T12:51:49.460845596Z", :level :debug, :message "Submitting resolution", :context {:caller "0xl2", :workflow-id 0}}
Captured event evidence: escrow-refunded hash: sha256:ffffffa4ffffffb2ffffff861bffffffa0ffffffcbffffffe421476370413655ffffff9bffffffcb28ffffffdcffffff93ffffff8847ffffffea1bffffff8bffffffb46a17ffffffa5ffffffbcffffffb1ffffff996e
{:ts "2026-06-18T12:51:49.464488462Z", :level :debug, :message "guard/rejected", :context {:escrow-state :refunded, :workflow-id 0, :error :transfer-not-in-dispute, :ctx/scenario-id "s27-forking-strategist-l2-fork", :ctx/run-id "s27-forking-strategist-l2-fork-run", :ctx/event-index 7, :ctx/event-type "execute_pending_settlement", :ctx/evidence-group-id "s27-forking-strategist-l2-fork-run:7:execute_pending_settlement"}}
{:ts "2026-06-18T12:51:49.464849613Z", :level :info, :message "scenario/end", :context {:id "s27-forking-strategist-l2-fork", :outcome :pass, :ctx/scenario-id "s27-forking-strategist-l2-fork", :ctx/run-id "s27-forking-strategist-l2-fork-run"}}
{:ts "2026-06-18T12:51:49.464973980Z", :level :info, :message "scenario/start", :context {:id "s27-forking-strategist-l2-fork", :ctx/scenario-id "s27-forking-strategist-l2-fork", :ctx/run-id "s27-forking-strategist-l2-fork-run"}}
Captured event evidence: escrow-created hash: sha256:ffffff9d6d0dffffff8bfffffffb0affffffb2ffffff9e79ffffffa0380b3bffffff91207effffff84ffffff9e56ffffffb0ffffffdbffffffde40ffffffaf5968ffffffaa5dffffff8105ffffffd420
Captured event evidence: dispute-raised hash: sha256:2affffffca3133ffffff843bffffffbeffffff8affffffd22b26ffffff83fffffff0ffffff9957fffffff24075266fffffffd1ffffffdeffffffaeffffffe54650ffffffe13262ffffffdcffffff8effffff8c
{:ts "2026-06-18T12:51:49.473467051Z", :level :debug, :message "Submitting resolution", :context {:caller "0xl0", :workflow-id 0}}
{:ts "2026-06-18T12:51:49.476036434Z", :level :debug, :message "guard/rejected", :context {:workflow-id 0, :ctx/event-index 3, :ctx/evidence-group-id "s28-forking-strategist-late-escalation-rejected-run:3:escalate_dispute", :appeal-deadline 1180, :ctx/run-id "s28-forking-strategist-late-escalation-rejected-run", :ctx/scenario-id "s28-forking-strategist-late-escalation-rejected", :error :appeal-window-expired, :ctx/event-type "escalate_dispute", :block-time 1185}}
Captured event evidence: escrow-released hash: sha256:6822fffffff57dffffffd309ffffff83ffffffc44affffff82ffffff977a3bffffffe0fffffffcfffffffb36ffffffdaffffff8bffffffd84dffffffb5ffffffefffffffb9ffffff90ffffffcc47ffffffe8103c2176
{:ts "2026-06-18T12:51:49.481579072Z", :level :info, :message "scenario/end", :context {:id "s28-forking-strategist-late-escalation-rejected", :outcome :pass, :ctx/scenario-id "s28-forking-strategist-late-escalation-rejected", :ctx/run-id "s28-forking-strategist-late-escalation-rejected-run"}}
{:ts "2026-06-18T12:51:49.481751352Z", :level :info, :message "scenario/start", :context {:id "s28-forking-strategist-late-escalation-rejected", :ctx/scenario-id "s28-forking-strategist-late-escalation-rejected", :ctx/run-id "s28-forking-strategist-late-escalation-rejected-run"}}
Captured event evidence: escrow-created hash: sha256:ffffffadffffffd8326c5c3408531a1effffff914cfffffff36c0c51ffffff8909ffffffe2ffffff8f66ffffffe45cffffffcdffffffd5ffffffdeffffffbf70fffffff00a7e6e
Captured event evidence: dispute-raised hash: sha256:ffffffbb20ffffffcc4fffffff9dffffffefffffffd82027735effffffb555ffffffd91f41ffffffb90cffffffd3ffffffb3ffffffa412ffffff9b515256ffffff8357ffffffb0ffffffbaffffffa95b
{:ts "2026-06-18T12:51:49.492844895Z", :level :debug, :message "Submitting resolution", :context {:caller "0xl0", :workflow-id 0}}
Captured event evidence: bond-posted hash: sha256:ffffffd3680cffffffdc1ffffffff7ffffff87ffffffa22324ffffffcfffffffdcffffffb11affffff9642ffffffa9ffffffc0ffffff9963ffffffe765ffffff9628117e36ffffffd623ffffff90ffffffd556
Captured event evidence: dispute-escalated hash: sha256:ffffff9effffff92550811ffffff92ffffffe101fffffffeffffff864e3cffffffef2106ffffffb6ffffffb9ffffff8fffffffb13f422affffff981d4f17ffffffa1ffffffa1fffffffaffffffa65072
{:ts "2026-06-18T12:51:49.508237889Z", :level :debug, :message "Submitting resolution", :context {:caller "0xl1", :workflow-id 0}}
Captured event evidence: escrow-released hash: sha256:ffffffff79ffffffeeffffff912affffffa4ffffff9fffffffeaffffffedffffff83ffffffa6ffffffaeffffff9b04ffffffad4dffffffaaffffffccffffff9c7d1200ffffff8c7d13ffffff9716ffffffed7fffffffdaffffffce0a
{:ts "2026-06-18T12:51:49.518168277Z", :level :info, :message "scenario/end", :context {:id "s29-forking-strategist-seller-escalates", :outcome :pass, :ctx/scenario-id "s29-forking-strategist-seller-escalates", :ctx/run-id "s29-forking-strategist-seller-escalates-run"}}
{:ts "2026-06-18T12:51:49.518359814Z", :level :info, :message "scenario/start", :context {:id "s29-forking-strategist-seller-escalates", :ctx/scenario-id "s29-forking-strategist-seller-escalates", :ctx/run-id "s29-forking-strategist-seller-escalates-run"}}
Captured event evidence: escrow-created hash: sha256:ffffffedffffff812d6bffffffbafffffffeffffffe5ffffffecffffffa8ffffffd7ffffff99ffffffc5ffffffacfffffffbfffffff8ffffffadffffff91ffffffaf2dfffffffbffffff9202ffffffcfffffffab7253ffffff9f42ffffffa7ffffffd96dfffffff5
Captured event evidence: dispute-raised hash: sha256:ffffffd0ffffff8a57ffffffb1ffffffc6ffffff95ffffffa0fffffff3ffffffee67ffffff8c4478ffffffb80a2cffffffcf07ffffff9fffffffaaffffffea6a33ffffffc3ffffffadffffffb4ffffffc9ffffffedfffffff514ffffffa92c
{:ts "2026-06-18T12:51:49.531565886Z", :level :debug, :message "Submitting resolution", :context {:caller "0xl0", :workflow-id 0}}
Captured event evidence: bond-posted hash: sha256:4b4459ffffffb0ffffffd7ffffffb541ffffff9b585cffffff9affffffc36b71fffffff3ffffffbd46ffffffcf0a6041310901ffffffcd43ffffff8b0dffffff9c615505
Captured event evidence: dispute-escalated hash: sha256:ffffff9affffff98ffffffaeffffffe6ffffffcaffffff85ffffff8dfffffff3ffffffddffffffdd58391a28ffffff80ffffffc7ffffffc22073ffffffd40a49705cffffff98092c74ffffffb72129ffffffb9
{:ts "2026-06-18T12:51:49.543066417Z", :level :debug, :message "Submitting resolution", :context {:caller "0xl1", :workflow-id 0}}
Captured event evidence: escrow-released hash: sha256:6375ffffffe2ffffffd61bfffffff6ffffffd6ffffffcc39ffffffa114533e03ffffffdeffffffe72351ffffffad45304fffffffb0ffffffe051ffffffe4ffffffdd1968ffffff8c01ffffffc6
{:ts "2026-06-18T12:51:49.552398081Z", :level :info, :message "scenario/end", :context {:id "s30-forking-strategist-double-loss", :outcome :pass, :ctx/scenario-id "s30-forking-strategist-double-loss", :ctx/run-id "s30-forking-strategist-double-loss-run"}}
{:ts "2026-06-18T12:51:49.552732029Z", :level :info, :message "scenario/start", :context {:id "s30-forking-strategist-double-loss", :ctx/scenario-id "s30-forking-strategist-double-loss", :ctx/run-id "s30-forking-strategist-double-loss-run"}}
Captured event evidence: escrow-created hash: sha256:3affffffcefffffff335ffffffec3c6319ffffffbeffffffdb6d7bffffffd26c67fffffff62a0affffffaeffffffb3ffffffb5712d2172572f40ffffff82ffffffdb391d
Captured event evidence: dispute-raised hash: sha256:27ffffff9a09441a35662dffffff9814fffffffa10ffffff84ffffffe6ffffffbaffffffe319fffffff4ffffffce06ffffffda43ffffff8cffffffe77c1bffffff904a1f5933ffffffaa
{:ts "2026-06-18T12:51:49.565178289Z", :level :debug, :message "Submitting resolution", :context {:caller "0xl0", :workflow-id 0}}
Captured event evidence: bond-posted hash: sha256:ffffffffffffffc1fffffff8ffffff94ffffffba0fffffff94fffffffdffffffdcffffff9dffffffe34705ffffffbfffffffbd51567f427a2b02ffffff84fffffffeffffff95751037ffffffb814ffffffdbffffffbb
Captured event evidence: dispute-escalated hash: sha256:ffffff8b2f06ffffffd731ffffff895e6016ffffff97ffffffac72ffffffdeffffff9d66ffffffb454ffffffa84affffffbe551408ffffff8cfffffff8ffffffe35effffff82ffffffc345ffffffe9ffffff94
{:ts "2026-06-18T12:51:49.577137497Z", :level :debug, :message "Submitting resolution", :context {:caller "0xl1", :workflow-id 0}}
Captured event evidence: bond-posted hash: sha256:ffffffaeffffff9c5dffffffb3577b73fffffffbffffffaaffffff83ffffffbeffffffe308ffffffe2ffffffb7ffffff93ffffffc4ffffffe8ffffff9dffffffdb47ffffffb1fffffff8ffffffecffffffb9ffffffe64a7837ffffffcdffffffba4d
Captured event evidence: dispute-escalated hash: sha256:12ffffffecffffffbc04ffffffd510ffffffeeffffffceffffffc94177ffffffe565ffffff87ffffff89ffffffb90bffffff8fffffffecffffffad0effffffe90630ffffff9fffffffaeffffffd333ffffffa411ffffffb2ffffffcd
{:ts "2026-06-18T12:51:49.592957378Z", :level :debug, :message "Submitting resolution", :context {:caller "0xl2", :workflow-id 0}}
Captured event evidence: escrow-released hash: sha256:36ffffffa371044affffff8bffffff9e37ffffffa752ffffff87ffffffb0564affffffda0e4865ffffff98ffffff8cffffffe2ffffffacffffffc2ffffff83ffffffd419ffffffc2ffffffa17d00ffffffa418
{:ts "2026-06-18T12:51:49.600921035Z", :level :debug, :message "guard/rejected", :context {:escrow-state :released, :workflow-id 0, :error :transfer-not-in-dispute, :ctx/scenario-id "s31-forking-strategist-all-levels-confirm", :ctx/run-id "s31-forking-strategist-all-levels-confirm-run", :ctx/event-index 7, :ctx/event-type "escalate_dispute", :ctx/evidence-group-id "s31-forking-strategist-all-levels-confirm-run:7:escalate_dispute"}}
{:ts "2026-06-18T12:51:49.601651763Z", :level :debug, :message "guard/rejected", :context {:escrow-state :released, :workflow-id 0, :error :transfer-not-in-dispute, :ctx/scenario-id "s31-forking-strategist-all-levels-confirm", :ctx/run-id "s31-forking-strategist-all-levels-confirm-run", :ctx/event-index 8, :ctx/event-type "execute_pending_settlement", :ctx/evidence-group-id "s31-forking-strategist-all-levels-confirm-run:8:execute_pending_settlement"}}
{:ts "2026-06-18T12:51:49.602197907Z", :level :info, :message "scenario/end", :context {:id "s31-forking-strategist-all-levels-confirm", :outcome :pass, :ctx/scenario-id "s31-forking-strategist-all-levels-confirm", :ctx/run-id "s31-forking-strategist-all-levels-confirm-run"}}
{:ts "2026-06-18T12:51:49.602371970Z", :level :info, :message "scenario/start", :context {:id "s31-forking-strategist-all-levels-confirm", :ctx/scenario-id "s31-forking-strategist-all-levels-confirm", :ctx/run-id "s31-forking-strategist-all-levels-confirm-run"}}
Captured event evidence: escrow-created hash: sha256:422663ffffffebffffffdd12777dfffffffeffffff9166371dffffffaf4affffffd3ffffff81fffffff56112ffffff861e3bfffffff0ffffffe678ffffff95fffffff2ffffffd802fffffff6ffffffc0
Captured event evidence: dispute-raised hash: sha256:6345ffffffe5fffffff5fffffff6ffffffb574fffffff4ffffffe9ffffff98ffffffefffffffc7ffffff93ffffffb8fffffff36273ffffffe156ffffffe5fffffffc7608ffffffe1ffffff811affffff8dffffff8511ffffffa6ffffffa94f
{:ts "2026-06-18T12:51:49.613483758Z", :level :debug, :message "Submitting resolution", :context {:caller "0xl0", :workflow-id 0}}
Captured event evidence: bond-posted hash: sha256:1005ffffffc3ffffffc827ffffffbdffffffb0ffffffc00639ffffffd7ffffff9dffffffcdffffffdcfffffff4ffffffd00c0b3bffffffcc4dffffffe329ffffff9e73ffffffb95bffffffd900ffffffa6ffffffe6ffffff86
Captured event evidence: dispute-escalated hash: sha256:fffffffdffffffbcffffffe1ffffffabfffffff5ffffff973bffffffb551fffffff1ffffffc6ffffffe34bffffffc7481cffffffa84afffffff0ffffff97ffffffd53f4604ffffffd5ffffffbd4d1308ffffff9158ffffffba
{:ts "2026-06-18T12:51:49.620360828Z", :level :debug, :message "Submitting resolution", :context {:caller "0xl1", :workflow-id 0}}
{:ts "2026-06-18T12:51:49.622248237Z", :level :debug, :message "guard/rejected", :context {:workflow-id 0, :ctx/event-index 5, :ctx/evidence-group-id "s32-forking-strategist-premature-settlement-rejected-run:5:execute_pending_settlement", :appeal-deadline 1250, :ctx/run-id "s32-forking-strategist-premature-settlement-rejected-run", :ctx/scenario-id "s32-forking-strategist-premature-settlement-rejected", :error :appeal-window-not-expired, :ctx/event-type "execute_pending_settlement", :block-time 1200}}
Captured event evidence: escrow-refunded hash: sha256:ffffffefffffffe83e4b6a294affffff8c503103ffffffd2ffffffc5ffffffb36effffff8135ffffffd3ffffff9c0c01ffffff8977ffffffe3ffffff9dffffffed200b7cffffffdcffffffdc50
{:ts "2026-06-18T12:51:49.627496222Z", :level :info, :message "scenario/end", :context {:id "s32-forking-strategist-premature-settlement-rejected", :outcome :pass, :ctx/scenario-id "s32-forking-strategist-premature-settlement-rejected", :ctx/run-id "s32-forking-strategist-premature-settlement-rejected-run"}}
{:ts "2026-06-18T12:51:49.627618295Z", :level :info, :message "scenario/start", :context {:id "s32-forking-strategist-premature-settlement-rejected", :ctx/scenario-id "s32-forking-strategist-premature-settlement-rejected", :ctx/run-id "s32-forking-strategist-premature-settlement-rejected-run"}}
Captured event evidence: escrow-created hash: sha256:ffffffe0ffffffb56cffffff9a441c7f3dffffffe131ffffffbaffffffd26d383c12ffffff847affffffa4fffffffc312effffff9243ffffffd04074fffffff1ffffff9421ffffffeaffffffcd
Captured event evidence: escrow-created hash: sha256:73161cffffffb2ffffffbc2cffffff8c0c6967602dffffffae0bffffff80ffffff96ffffffb563ffffffd3ffffffe76e29ffffffdaffffffd10e67fffffffcffffffb567512fffffffc3
Captured event evidence: dispute-raised hash: sha256:ffffffc9ffffff97ffffff9232ffffffc8ffffffcbffffffc55254ffffffeb57ffffffb5ffffffe3ffffffe3fffffff7ffffffd3677506ffffffe02affffffa73efffffff51713fffffff01864ffffffc5ffffffa3fffffff7
Captured event evidence: dispute-raised hash: sha256:ffffffe761fffffffe2effffffd0ffffff9bffffffbdffffffaaffffffd03bffffffa565ffffff84ffffffcd10ffffff977c30ffffffa2fffffff35a247d4f01ffffffbb0c7e3f590ffffffff3
{:ts "2026-06-18T12:51:49.641007899Z", :level :debug, :message "Submitting resolution", :context {:caller "0xl0", :workflow-id 0}}
{:ts "2026-06-18T12:51:49.642658445Z", :level :debug, :message "Submitting resolution", :context {:caller "0xl0", :workflow-id 1}}
Captured event evidence: bond-posted hash: sha256:ffffffaffffffff6ffffffaaffffffe9ffffff9affffff88ffffff8dffffffceffffffaa6fffffff8effffffcb366d762060ffffffd719ffffffa60cffffff8023ffffffee765c69ffffffda584676ffffff81
Captured event evidence: dispute-escalated hash: sha256:7e294fffffffe62effffff867375ffffffceffffffaf69456a74ffffffb5ffffffe2ffffffa40f57677dffffff9efffffff260ffffff934effffffc9ffffffa813ffffff9e79ffffff8c
Captured event evidence: escrow-released hash: sha256:6762fffffffbffffffd5ffffffe0ffffff83023b69ffffff9bffffffac1876ffffff94ffffff9c72ffffffc96a3000ffffffb345ffffffbbffffff8bffffffde34ffffffbf27ffffffd33b7dffffffbe
{:ts "2026-06-18T12:51:49.650918840Z", :level :debug, :message "Submitting resolution", :context {:caller "0xl1", :workflow-id 0}}
Captured event evidence: escrow-refunded hash: sha256:572b54ffffff8dffffffe4126b10ffffff88ffffffb554ffffff91203d176affffff99ffffff8affffffbfffffffb70f36ffffffd80bfffffff8ffffffceffffffe23f40187a1f
{:ts "2026-06-18T12:51:49.656636223Z", :level :info, :message "scenario/end", :context {:id "s33-forking-strategist-two-escrow-fork-isolation", :outcome :pass, :ctx/scenario-id "s33-forking-strategist-two-escrow-fork-isolation", :ctx/run-id "s33-forking-strategist-two-escrow-fork-isolation-run"}}
{:ts "2026-06-18T12:51:49.656725303Z", :level :info, :message "scenario/start", :context {:id "s33-forking-strategist-two-escrow-fork-isolation", :ctx/scenario-id "s33-forking-strategist-two-escrow-fork-isolation", :ctx/run-id "s33-forking-strategist-two-escrow-fork-isolation-run"}}

Testing resolver-sim.protocols.sew.slashing-test
{:ts "2026-06-18T12:51:49.657788697Z", :level :warn, :message "capture-event-evidence! called without :ctx/run-id in attribution — evidence will be orphaned", :context {:resolved-attr {:subject/type :resolver, :subject/id "0xRes", :action/type :stake/register, :evidence/reason :stake-registered}}}
Captured event evidence: stake-registered hash: sha256:33470f2f7d4f00266c15ffffffafffffffdcffffffe4ffffffcf6bffffffd7ffffffc2ffffffad00ffffffec38ffffffb64d0362ffffff80ffffff97ffffffdbffffff895621ffffffd4
{:ts "2026-06-18T12:51:49.659405458Z", :level :warn, :message "capture-event-evidence! called without :ctx/run-id in attribution — evidence will be orphaned", :context {:resolved-attr {:subject/type :escrow, :subject/id 0, :action/type :escrow/create, :evidence/reason :escrow-created}}}
Captured event evidence: escrow-created hash: sha256:4bffffff94ffffffcf12fffffff1425315734f18ffffffdf3d386412ffffffd1ffffffca1dffffffbb7f3effffffc24d5a2138ffffffcaffffffa94c2e3a
{:ts "2026-06-18T12:51:49.660992723Z", :level :warn, :message "capture-event-evidence! called without :ctx/run-id in attribution — evidence will be orphaned", :context {:resolved-attr {:subject/type :dispute, :subject/id 0, :action/type :dispute/raise, :evidence/reason :dispute-raised}}}
Captured event evidence: dispute-raised hash: sha256:ffffffed5effffffa5ffffff8663ffffffed4fffffffabffffff8430fffffff54dffffff8bffffffbe28ffffffaeffffffb145fffffff1ffffffddffffff8d7dffffffe5ffffffe14affffffdaffffff8dffffffadffffff95ffffffbe730e
{:ts "2026-06-18T12:51:49.662165616Z", :level :debug, :message "Submitting resolution", :context {:caller "0xRes", :workflow-id 0}}
{:ts "2026-06-18T12:51:49.662352323Z", :level :warn, :message "capture-event-evidence! called without :ctx/run-id in attribution — evidence will be orphaned", :context {:resolved-attr {}}}
Captured event evidence: fraud-slash-proposed hash: sha256:ffffffe4ffffffdcffffffbf7658ffffffa5ffffff86270850357667ffffffb02bfffffffdffffffd1ffffff86ffffffd0ffffffd459ffffffdf53ffffff8273fffffffbffffffadffffff9bffffffcf2fffffffe00a
{:ts "2026-06-18T12:51:49.663208681Z", :level :debug, :message "handle-fraud-slashing", :context {:now 1000, :appeal-window 10}}
{:ts "2026-06-18T12:51:49.663483586Z", :level :warn, :message "capture-event-evidence! called without :ctx/run-id in attribution — evidence will be orphaned", :context {:resolved-attr {:subject/type :resolver, :subject/id "0xRes", :action/type :slash, :evidence/reason :slashing}}}
Captured event evidence: slashing hash: sha256:ffffffe9ffffff97ffffffe0444c6fffffff97ffffffefffffffd40138ffffff8e35ffffff8c5afffffffeffffffe2ffffff80ffffffeaffffffcc7e7dffffff9fffffffd04e50ffffffbc3d4bffffffce0666
{:ts "2026-06-18T12:51:49.664417292Z", :level :warn, :message "capture-event-evidence! called without :ctx/run-id in attribution — evidence will be orphaned", :context {:resolved-attr {:subject/type :resolver, :subject/id "0xRes", :action/type :resolver/unavailable, :evidence/reason :resolver-unavailability-changed}}}
Captured event evidence: resolver-unavailability-changed hash: sha256:6722ffffff8affffffbdffffff9cffffff9c2218ffffffb26471ffffffde7f163d3660ffffffd9671effffff9fffffffb7ffffff87ffffffccffffff8c262fffffff8d243fffffffc670
Captured event evidence: :slash/prorata-allocation hash: nil
{:ts "2026-06-18T12:51:49.668743725Z", :level :warn, :message "capture-event-evidence! called without :ctx/run-id in attribution — evidence will be orphaned", :context {:resolved-attr {:subject/type :resolver, :subject/id "0xRes", :action/type :resolver/available, :evidence/reason :resolver-unavailability-changed}}}
Captured event evidence: resolver-unavailability-changed hash: sha256:4d6bffffffaeffffffafffffff854941ffffffce5c12ffffff8b23ffffff8e51ffffffb555ffffff93ffffffa2ffffffcfffffff9bffffffc57d18ffffffa246ffffffbdffffff8fffffffa02effffffc32effffffb7
{:ts "2026-06-18T12:51:49.669635159Z", :level :warn, :message "capture-event-evidence! called without :ctx/run-id in attribution — evidence will be orphaned", :context {:resolved-attr {:subject/type :resolver, :subject/id "0xRes", :action/type :resolver/unfreeze, :evidence/reason :resolver-unfrozen}}}
Captured event evidence: resolver-unfrozen hash: sha256:33ffffffb4fffffffb3ffffffff80c6cffffffb138784affffffb23b653dffffff98fffffff2ffffffb6215d73ffffffb1ffffff9cffffff8bffffffbbffffffc161ffffffe2ffffffbdffffff81ffffffcd64
{:ts "2026-06-18T12:51:49.670824463Z", :level :warn, :message "capture-event-evidence! called without :ctx/run-id in attribution — evidence will be orphaned", :context {:resolved-attr {:subject/type :resolver, :subject/id "0xL0Res", :action/type :stake/register, :evidence/reason :stake-registered}}}
Captured event evidence: stake-registered hash: sha256:ffffffb743ffffffe5fffffff0ffffffc010ffffff9fffffff9d2603ffffffc8ffffff95ffffffa0ffffffc33c7c17ffffffae2bfffffffc06fffffffeffffffa2ffffffbd1cffffffd976ffffffb238ffffffa676ffffffeb
{:ts "2026-06-18T12:51:49.671496679Z", :level :warn, :message "capture-event-evidence! called without :ctx/run-id in attribution — evidence will be orphaned", :context {:resolved-attr {:subject/type :escrow, :subject/id 0, :action/type :escrow/create, :evidence/reason :escrow-created}}}
Captured event evidence: escrow-created hash: sha256:32ffffff9f1428ffffffec6250ffffffa6ffffff9affffffa017ffffffb312ffffffce6bffffffb233fffffff45410ffffffa0ffffffebffffffa4ffffffa3ffffff85ffffffb372ffffffd138ffffffb32e7f
{:ts "2026-06-18T12:51:49.672187931Z", :level :warn, :message "capture-event-evidence! called without :ctx/run-id in attribution — evidence will be orphaned", :context {:resolved-attr {:subject/type :resolver, :subject/id "0xL0Res", :action/type :slash/appeal, :evidence/reason :fraud-slash-appealed}}}
Captured event evidence: fraud-slash-appealed hash: sha256:0d7affffffa3ffffffff6c49ffffff931d54ffffffc96b7a70336d5effffffd2ffffffd8fffffff2ffffffd8ffffffedffffffacffffffe8fffffff545ffffffaf1affffff932b3c74ffffffcb
{:ts "2026-06-18T12:51:49.672897307Z", :level :debug, :message "Resolving appeal", :context {:appeal-upheld? true, :workflow-id 0, :slash-id "0-reversal-0"}}
{:ts "2026-06-18T12:51:49.673002729Z", :level :warn, :message "capture-event-evidence! called without :ctx/run-id in attribution — evidence will be orphaned", :context {:resolved-attr {:subject/type :slash, :subject/id "0-reversal-0", :action/type :slash/resolve-appeal, :evidence/reason :slash-appeal/reversed}}}
Captured event evidence: reversed hash: sha256:0e6fffffff9cfffffff706314635ffffffedffffffdcffffffa21c0bffffffd5ffffffb03a24ffffffe7ffffffdeffffff9dffffff96ffffffaaffffffecffffffef105020ffffffd7ffffffc6ffffffe843ffffffe4
{:ts "2026-06-18T12:51:49.674953068Z", :level :warn, :message "capture-event-evidence! called without :ctx/run-id in attribution — evidence will be orphaned", :context {:resolved-attr {:subject/type :resolver, :subject/id "0xL0Res", :action/type :stake/register, :evidence/reason :stake-registered}}}
Captured event evidence: stake-registered hash: sha256:fffffff5ffffff9d5f32ffffff83ffffffb9ffffffa0ffffffaaffffffad3a1c1638066cffffff9fffffffcdffffff8dffffffd72608ffffffd153ffffffab7cffffffc009ffffffebffffffa9ffffff9bffffffd3ffffffe5
{:ts "2026-06-18T12:51:49.675772295Z", :level :warn, :message "capture-event-evidence! called without :ctx/run-id in attribution — evidence will be orphaned", :context {:resolved-attr {:subject/type :resolver, :subject/id "0xL1Res", :action/type :stake/register, :evidence/reason :stake-registered}}}
Captured event evidence: stake-registered hash: sha256:67ffffffdcffffff994cffffff87ffffffbd1d43ffffffb72affffff980c0d1affffffd162ffffffef2d18ffffffb60dfffffff94e35fffffff95503ffffff9a031c1cfffffff9
{:ts "2026-06-18T12:51:49.676522459Z", :level :warn, :message "capture-event-evidence! called without :ctx/run-id in attribution — evidence will be orphaned", :context {:resolved-attr {:subject/type :escrow, :subject/id 0, :action/type :escrow/create, :evidence/reason :escrow-created}}}
Captured event evidence: escrow-created hash: sha256:29ffffff836405fffffff40a6affffff9272ffffffa4ffffffc44fffffffa03b7141ffffff9b21ffffffc0ffffffa116ffffff906effffffc049ffffff90ffffffff671affffffafffffffc1ffffffb3
{:ts "2026-06-18T12:51:49.677424414Z", :level :warn, :message "capture-event-evidence! called without :ctx/run-id in attribution — evidence will be orphaned", :context {:resolved-attr {:subject/type :dispute, :subject/id 0, :action/type :dispute/raise, :evidence/reason :dispute-raised}}}
Captured event evidence: dispute-raised hash: sha256:74ffffff8cfffffffdffffffa76640ffffffd0ffffffaa3effffffc934ffffff953affffffdb05ffffff8effffff9378ffffffd4ffffffce14fffffff74711ffffffa641fffffffe5c092b5f10
{:ts "2026-06-18T12:51:49.678220636Z", :level :debug, :message "Submitting resolution", :context {:caller "0xL0Res", :workflow-id 0}}
{:ts "2026-06-18T12:51:49.678664295Z", :level :warn, :message "capture-event-evidence! called without :ctx/run-id in attribution — evidence will be orphaned", :context {:resolved-attr {:subject/type :bond, :subject/id "0-0xChallenger", :action/type :bond/post, :evidence/reason :bond-posted}}}
Captured event evidence: bond-posted hash: sha256:ffffffe01bffffffd5ffffff996dffffff8fffffffbfffffffa744ffffffed0508ffffffefffffffb17242205affffff884fffffffe7ffffffbfffffffb51519ffffff925bfffffffaffffffea55fffffff21c
{:ts "2026-06-18T12:51:49.679634730Z", :level :warn, :message "capture-event-evidence! called without :ctx/run-id in attribution — evidence will be orphaned", :context {:resolved-attr {:subject/type :dispute, :subject/id 0, :action/type :dispute/challenge, :evidence/reason :resolution-challenged}}}
Captured event evidence: resolution-challenged hash: sha256:fffffffbfffffff115fffffff034ffffff85ffffffeeffffff93ffffffb7fffffff8ffffffd512ffffff8f1dffffff9e23ffffffb04affffffe71effffff91121bffffffc6ffffff81ffffffd678ffffffef21fffffffdffffffd31d
{:ts "2026-06-18T12:51:49.680437535Z", :level :debug, :message "Submitting resolution", :context {:caller "0xL1Res", :workflow-id 0}}
{:ts "2026-06-18T12:51:49.680627288Z", :level :warn, :message "capture-event-evidence! called without :ctx/run-id in attribution — evidence will be orphaned", :context {:resolved-attr {:subject/type :resolver, :subject/id "0xL0Res", :action/type :slash, :evidence/reason :slashing}}}
Captured event evidence: slashing hash: sha256:0affffffb773ffffffd5ffffff8cffffff95ffffffeffffffffc39ffffffd37bffffff82ffffffc61cffffffc639ffffffa5ffffffecffffffc7ffffff8d442bffffffde3e2658ffffff8a4e0dffffffe3ffffffdb5f
{:ts "2026-06-18T12:51:49.682025191Z", :level :warn, :message "capture-event-evidence! called without :ctx/run-id in attribution — evidence will be orphaned", :context {:resolved-attr {:subject/type :resolver, :subject/id "0xL0Res", :action/type :stake/register, :evidence/reason :stake-registered}}}
Captured event evidence: stake-registered hash: sha256:47ffffff9dffffffa81dffffff91ffffff8e53ffffffdbffffff95ffffffe2ffffffbeffffffe9ffffffbaffffff9473ffffffe1472f7cffffffad6866ffffff88592e2cffffffccffffffed2376ffffff99ffffffca
{:ts "2026-06-18T12:51:49.682794923Z", :level :warn, :message "capture-event-evidence! called without :ctx/run-id in attribution — evidence will be orphaned", :context {:resolved-attr {:subject/type :resolver, :subject/id "0xL1Res", :action/type :stake/register, :evidence/reason :stake-registered}}}
Captured event evidence: stake-registered hash: sha256:ffffffd32effffff875d5061ffffffbffffffff854ffffff85ffffffe3ffffffa3ffffff8b59ffffffa7ffffffdfffffffc2fffffffeffffffdf3b1e37ffffffda27ffffffd6ffffffcc51ffffffafffffff86ffffff87ffffff9cfffffff2
{:ts "2026-06-18T12:51:49.683590574Z", :level :warn, :message "capture-event-evidence! called without :ctx/run-id in attribution — evidence will be orphaned", :context {:resolved-attr {:subject/type :escrow, :subject/id 0, :action/type :escrow/create, :evidence/reason :escrow-created}}}
Captured event evidence: escrow-created hash: sha256:1271ffffffc43cfffffffe685cffffffc5ffffffdf26ffffffad091cfffffff3164026ffffff96ffffff8cffffffe0ffffffecffffffa6ffffff84ffffffe570ffffff9e054effffffecffffffe6ffffff85fffffffb
{:ts "2026-06-18T12:51:49.684526023Z", :level :warn, :message "capture-event-evidence! called without :ctx/run-id in attribution — evidence will be orphaned", :context {:resolved-attr {:subject/type :dispute, :subject/id 0, :action/type :dispute/raise, :evidence/reason :dispute-raised}}}
Captured event evidence: dispute-raised hash: sha256:ffffffeaffffffdb5330ffffffa92dffffffaefffffff3ffffff904dffffffe65fffffffb17904ffffffa4fffffffa36ffffffcdffffffae4c7affffffd73011333f64ffffffea28ffffffb8ffffff85
{:ts "2026-06-18T12:51:49.685470068Z", :level :debug, :message "Submitting resolution", :context {:caller "0xL0Res", :workflow-id 0}}
{:ts "2026-06-18T12:51:49.685864533Z", :level :warn, :message "capture-event-evidence! called without :ctx/run-id in attribution — evidence will be orphaned", :context {:resolved-attr {:subject/type :bond, :subject/id "0-0xChallenger", :action/type :bond/post, :evidence/reason :bond-posted}}}
Captured event evidence: bond-posted hash: sha256:ffffffd7fffffff828ffffffdc13fffffff762fffffff1ffffffa45f2effffffc8fffffffe1663ffffff87ffffffaeffffffbfffffff96ffffffd8ffffffd4ffffffdb1a7affffff8affffff96ffffffba2dffffffa5ffffffe9ffffffa4ffffffee
{:ts "2026-06-18T12:51:49.686919340Z", :level :warn, :message "capture-event-evidence! called without :ctx/run-id in attribution — evidence will be orphaned", :context {:resolved-attr {:subject/type :dispute, :subject/id 0, :action/type :dispute/challenge, :evidence/reason :resolution-challenged}}}
Captured event evidence: resolution-challenged hash: sha256:ffffffc55f03ffffffa52f53ffffffc1ffffff89023226fffffff54a3dffffff9bffffffbaffffff90ffffffe62effffffffffffffe82fffffffebffffffd4ffffffff40ffffffc07d620a7effffff89
{:ts "2026-06-18T12:51:49.687785135Z", :level :debug, :message "Submitting resolution", :context {:caller "0xL1Res", :workflow-id 0}}
{:ts "2026-06-18T12:51:49.688013482Z", :level :warn, :message "capture-event-evidence! called without :ctx/run-id in attribution — evidence will be orphaned", :context {:resolved-attr {:subject/type :resolver, :subject/id "0xL0Res", :action/type :slash, :evidence/reason :slashing}}}
Captured event evidence: slashing hash: sha256:ffffffbb7dffffffd76827182a57ffffff93ffffff80ffffff96ffffff9741ffffffe35cffffff8e53fffffff9ffffff9f11ffffffa73c7e031415401a1fffffff886949
{:ts "2026-06-18T12:51:49.689765262Z", :level :warn, :message "capture-event-evidence! called without :ctx/run-id in attribution — evidence will be orphaned", :context {:resolved-attr {:subject/type :resolver, :subject/id "0xRes", :action/type :stake/register, :evidence/reason :stake-registered}}}
Captured event evidence: stake-registered hash: sha256:ffffff9a5dffffffc5ffffff8affffffd1ffffffe7ffffffa0ffffffa75c78ffffffd3ffffffe1046476237affffff82ffffff967a32ffffffc75d445600fffffffa6919fffffff8ffffff85ffffff95
{:ts "2026-06-18T12:51:49.690617421Z", :level :warn, :message "capture-event-evidence! called without :ctx/run-id in attribution — evidence will be orphaned", :context {:resolved-attr {:subject/type :escrow, :subject/id 0, :action/type :escrow/create, :evidence/reason :escrow-created}}}
Captured event evidence: escrow-created hash: sha256:ffffffb9ffffffad30ffffff8ffffffffb022a0effffff85ffffffb4ffffffbcffffffddffffff9f24343cffffffb6ffffff8075ffffffdaffffffa9ffffffd3ffffffb9ffffffa7ffffffcd4cffffffde45ffffff8b2dffffffd4fffffff1
{:ts "2026-06-18T12:51:49.691669423Z", :level :warn, :message "capture-event-evidence! called without :ctx/run-id in attribution — evidence will be orphaned", :context {:resolved-attr {:subject/type :dispute, :subject/id 0, :action/type :dispute/raise, :evidence/reason :dispute-raised}}}
Captured event evidence: dispute-raised hash: sha256:476e2cffffffa0ffffffb0ffffffdb301c4affffffd16d25385a044e3f13ffffff851b14001c41ffffffdbffffffc9ffffffb34f4204ffffffdaffffffb6
{:ts "2026-06-18T12:51:49.692459584Z", :level :debug, :message "Submitting resolution", :context {:caller "0xRes", :workflow-id 0}}
{:ts "2026-06-18T12:51:49.692898292Z", :level :warn, :message "capture-event-evidence! called without :ctx/run-id in attribution — evidence will be orphaned", :context {:resolved-attr {:subject/type :escrow, :subject/id 0, :action/type :escrow/create, :evidence/reason :escrow-created}}}
Captured event evidence: escrow-created hash: sha256:ffffffb9ffffffad30ffffff8ffffffffb022a0effffff85ffffffb4ffffffbcffffffddffffff9f24343cffffffb6ffffff8075ffffffdaffffffa9ffffffd3ffffffb9ffffffa7ffffffcd4cffffffde45ffffff8b2dffffffd4fffffff1
{:ts "2026-06-18T12:51:49.694718052Z", :level :warn, :message "capture-event-evidence! called without :ctx/run-id in attribution — evidence will be orphaned", :context {:resolved-attr {}}}
Captured event evidence: fraud-slash-proposed hash: sha256:04547cffffffa0591d7fffffffc95174ffffffd2003cffffffabffffffec536a0c6943ffffffabffffff84ffffff814e5b5b704fffffff9c5dffffffecffffffd3
{:ts "2026-06-18T12:51:49.695751729Z", :level :debug, :message "handle-fraud-slashing", :context {:now 1000, :appeal-window 100}}
{:ts "2026-06-18T12:51:49.696860850Z", :level :warn, :message "capture-event-evidence! called without :ctx/run-id in attribution — evidence will be orphaned", :context {:resolved-attr {}}}
Captured event evidence: fraud-slash-proposed hash: sha256:04547cffffffa0591d7fffffffc95174ffffffd2003cffffffabffffffec536a0c6943ffffffabffffff84ffffff814e5b5b704fffffff9c5dffffffecffffffd3
{:ts "2026-06-18T12:51:49.697848548Z", :level :debug, :message "handle-fraud-slashing", :context {:now 1000, :appeal-window 100}}
{:ts "2026-06-18T12:51:49.698058590Z", :level :warn, :message "capture-event-evidence! called without :ctx/run-id in attribution — evidence will be orphaned", :context {:resolved-attr {:subject/type :resolver, :subject/id "0xRes1", :action/type :stake/register, :evidence/reason :stake-registered}}}
Captured event evidence: stake-registered hash: sha256:ffffffbc37ffffffa91248fffffff2ffffffe5ffffffcf503affffff9f1c0fffffffe4ffffff9d2dffffff89ffffffa323195fffffffca7fffffffc70202ffffffbbffffff9cffffffa04514ffffffee
{:ts "2026-06-18T12:51:49.699014127Z", :level :warn, :message "capture-event-evidence! called without :ctx/run-id in attribution — evidence will be orphaned", :context {:resolved-attr {:subject/type :resolver, :subject/id "0xRes2", :action/type :stake/register, :evidence/reason :stake-registered}}}
Captured event evidence: stake-registered hash: sha256:ffffffe1ffffffd9ffffff90ffffffacfffffff5ffffff8cffffffb50007ffffffb45fffffffdc7b1e4b06ffffffceffffffb6ffffffaf62fffffff20876ffffffa74cffffffc74258ffffffa96f55ffffffe9
{:ts "2026-06-18T12:51:49.699998439Z", :level :warn, :message "capture-event-evidence! called without :ctx/run-id in attribution — evidence will be orphaned", :context {:resolved-attr {:subject/type :resolver, :subject/id "0xRes1", :action/type :slash, :evidence/reason :slashing}}}
Captured event evidence: slashing hash: sha256:20ffffffaa5affffffd0ffffffecffffffd433ffffffef023affffffaeffffffa5ffffffdbfffffff8fffffffdffffffb347ffffff9b493cffffffc531ffffffd02634140722ffffffdf65ffffff914f
{:ts "2026-06-18T12:51:49.700771548Z", :level :warn, :message "capture-event-evidence! called without :ctx/run-id in attribution — evidence will be orphaned", :context {:resolved-attr {:subject/type :resolver, :subject/id "0xRes2", :action/type :slash, :evidence/reason :slashing}}}
Captured event evidence: slashing hash: sha256:094d2367ffffff97ffffffc83affffffd4125e7b0bffffffd9ffffff90ffffff84ffffff86276bffffffca25ffffffd03332ffffff88ffffffc0ffffff8bffffffaefffffff079fffffff2ffffff9e54
{:ts "2026-06-18T12:51:49.702253291Z", :level :warn, :message "capture-event-evidence! called without :ctx/run-id in attribution — evidence will be orphaned", :context {:resolved-attr {:subject/type :resolver, :subject/id "0xRes", :action/type :stake/register, :evidence/reason :stake-registered}}}
Captured event evidence: stake-registered hash: sha256:ffffffefffffff81ffffffb3ffffffb4ffffffb6ffffff8d1d3affffffcc75ffffffae52fffffff233ffffffd1ffffffb6ffffffd5ffffffe349792bffffff917f76461b30ffffffdf3bffffffad3fffffffa6
{:ts "2026-06-18T12:51:49.703358725Z", :level :warn, :message "capture-event-evidence! called without :ctx/run-id in attribution — evidence will be orphaned", :context {:resolved-attr {:subject/type :escrow, :subject/id 0, :action/type :escrow/create, :evidence/reason :escrow-created}}}
Captured event evidence: escrow-created hash: sha256:21090c1d5cffffffc06e50ffffffe6ffffffd0ffffffc43447ffffffacffffffb8ffffff9d1241ffffffe7ffffffda54ffffffc9ffffffe5ffffffc2ffffffb91f0e40ffffff913dffffffc3ffffffe4
{:ts "2026-06-18T12:51:49.704344810Z", :level :warn, :message "capture-event-evidence! called without :ctx/run-id in attribution — evidence will be orphaned", :context {:resolved-attr {:subject/type :dispute, :subject/id 0, :action/type :dispute/raise, :evidence/reason :dispute-raised}}}
Captured event evidence: dispute-raised hash: sha256:7cffffffd5ffffff9bfffffffeffffffba39ffffffa3ffffffafffffffc6ffffffcfffffffc20304ffffffc9ffffffb1ffffff8d73ffffffd719ffffffab6418621f6bffffffa50c760bffffffee2f13
{:ts "2026-06-18T12:51:49.705284437Z", :level :debug, :message "Submitting resolution", :context {:caller "0xRes", :workflow-id 0}}
{:ts "2026-06-18T12:51:49.705498256Z", :level :warn, :message "capture-event-evidence! called without :ctx/run-id in attribution — evidence will be orphaned", :context {:resolved-attr {}}}
Captured event evidence: fraud-slash-proposed hash: sha256:ffffffb23effffffd34affffffc756ffffff9cffffffacffffff8242ffffffe9fffffffc392178ffffffeeffffff897bffffffafffffffed3323672e4affffffcfffffff852458071500
{:ts "2026-06-18T12:51:49.706431430Z", :level :debug, :message "handle-fraud-slashing", :context {:now 1000, :appeal-window 10}}
{:ts "2026-06-18T12:51:49.706628046Z", :level :warn, :message "capture-event-evidence! called without :ctx/run-id in attribution — evidence will be orphaned", :context {:resolved-attr {:subject/type :resolver, :subject/id "0xRes", :action/type :slash, :evidence/reason :slashing}}}
Captured event evidence: slashing hash: sha256:2838ffffffef272b4c49ffffffc7ffffff9d157b077b39ffffff887effffffdfffffffd1ffffffebffffff95ffffff8a55ffffffcd7affffffdb114ffffffff929ffffff80ffffffb4ffffffb2
{:ts "2026-06-18T12:51:49.707734502Z", :level :warn, :message "capture-event-evidence! called without :ctx/run-id in attribution — evidence will be orphaned", :context {:resolved-attr {:subject/type :resolver, :subject/id "0xRes", :action/type :resolver/unavailable, :evidence/reason :resolver-unavailability-changed}}}
Captured event evidence: resolver-unavailability-changed hash: sha256:ffffffbd20ffffffb142ffffff91ffffffa7076bffffffb6ffffffc1ffffff975601ffffff8e691829fffffff51738125ffffffff22cffffffa0ffffffac5d335b74ffffff9026
Captured event evidence: :slash/prorata-allocation hash: nil
{:ts "2026-06-18T12:51:49.711025785Z", :level :warn, :message "capture-event-evidence! called without :ctx/run-id in attribution — evidence will be orphaned", :context {:resolved-attr {:subject/type :resolver, :subject/id "0xRes", :action/type :stake/register, :evidence/reason :stake-registered}}}
Captured event evidence: stake-registered hash: sha256:ffffff90ffffff8cfffffff24dffffffe5ffffffd2ffffff9cffffffbaffffff80ffffffe94053ffffffc2fffffff611ffffffb257ffffff8f3dffffffadffffffa1ffffffc8434b0dffffffbf61162771ffffffb41f
{:ts "2026-06-18T12:51:49.712065714Z", :level :warn, :message "capture-event-evidence! called without :ctx/run-id in attribution — evidence will be orphaned", :context {:resolved-attr {:subject/type :escrow, :subject/id 0, :action/type :escrow/create, :evidence/reason :escrow-created}}}
Captured event evidence: escrow-created hash: sha256:4913ffffffc1ffffff8f3361ffffffaf140fffffffee6affffff94ffffffa40a0e19ffffffecffffffae2c2974370b2d78596f5f22ffffff82fffffff0ffffffdf
{:ts "2026-06-18T12:51:49.713118277Z", :level :warn, :message "capture-event-evidence! called without :ctx/run-id in attribution — evidence will be orphaned", :context {:resolved-attr {:subject/type :dispute, :subject/id 0, :action/type :dispute/raise, :evidence/reason :dispute-raised}}}
Captured event evidence: dispute-raised hash: sha256:6a1b0affffffc7ffffffbe76ffffffe728432d05fffffffaffffffb604ffffff8effffff8a66ffffffcbfffffffe153f17ffffffc2796146fffffff45afffffffe14fffffffbffffffa5
{:ts "2026-06-18T12:51:49.713940258Z", :level :debug, :message "Submitting resolution", :context {:caller "0xRes", :workflow-id 0}}
{:ts "2026-06-18T12:51:49.714127326Z", :level :warn, :message "capture-event-evidence! called without :ctx/run-id in attribution — evidence will be orphaned", :context {:resolved-attr {}}}
Captured event evidence: fraud-slash-proposed hash: sha256:ffffff88721b71277927ffffffc4fffffff7163fffffff8a5d1b213bffffffe71b7e107dffffff902fffffffba05ffffffc12d0cfffffffb0b1cffffffa8
{:ts "2026-06-18T12:51:49.715129723Z", :level :debug, :message "handle-fraud-slashing", :context {:now 1000, :appeal-window 100}}
{:ts "2026-06-18T12:51:49.715306711Z", :level :warn, :message "capture-event-evidence! called without :ctx/run-id in attribution — evidence will be orphaned", :context {:resolved-attr {:subject/type :resolver, :subject/id "0xRes", :action/type :slash/appeal, :evidence/reason :fraud-slash-appealed}}}
Captured event evidence: fraud-slash-appealed hash: sha256:ffffffa8ffffffa55461ffffffd8ffffffdfffffff91ffffffe848ffffffd6ffffff825e36ffffffecffffff8cffffff8bffffffa63cffffffcbffffffef01ffffffb2ffffffb92a5bfffffff37fffffff8efffffff573ffffffbaffffffd4
{:ts "2026-06-18T12:51:49.717188760Z", :level :debug, :message "Resolving appeal", :context {:appeal-upheld? true, :workflow-id 0, :slash-id 0}}
{:ts "2026-06-18T12:51:49.717399223Z", :level :warn, :message "capture-event-evidence! called without :ctx/run-id in attribution — evidence will be orphaned", :context {:resolved-attr {:subject/type :slash, :subject/id 0, :action/type :slash/resolve-appeal, :evidence/reason :slash-appeal/reversed}}}
Captured event evidence: reversed hash: sha256:5f00ffffff877e1a3d2cffffff84ffffffe630332c20ffffffebffffffdaffffff9dffffffea40ffffffd5ffffffd6ffffffd21cffffffc4ffffffd857617affffffe6ffffffa469ffffffb43a
{:ts "2026-06-18T12:51:49.719690173Z", :level :warn, :message "capture-event-evidence! called without :ctx/run-id in attribution — evidence will be orphaned", :context {:resolved-attr {:subject/type :resolver, :subject/id "0xL0Res", :action/type :stake/register, :evidence/reason :stake-registered}}}
Captured event evidence: stake-registered hash: sha256:64ffffffe075ffffff9c0bffffffa9636f14ffffffaa762270ffffffdeffffffaa19301228ffffff976f1bffffffa348583c2affffffa555ffffffa2ffffffadffffffdd
{:ts "2026-06-18T12:51:49.720846835Z", :level :warn, :message "capture-event-evidence! called without :ctx/run-id in attribution — evidence will be orphaned", :context {:resolved-attr {:subject/type :resolver, :subject/id "0xL1Res", :action/type :stake/register, :evidence/reason :stake-registered}}}
Captured event evidence: stake-registered hash: sha256:ffffffc7ffffffc4ffffffaf01174136fffffff85e503739ffffff9c5d30ffffffc83858ffffffc2ffffffb0395d2effffffad73ffffffe3ffffff9e000e4cffffff82ffffffb9
{:ts "2026-06-18T12:51:49.721809987Z", :level :warn, :message "capture-event-evidence! called without :ctx/run-id in attribution — evidence will be orphaned", :context {:resolved-attr {:subject/type :escrow, :subject/id 0, :action/type :escrow/create, :evidence/reason :escrow-created}}}
Captured event evidence: escrow-created hash: sha256:ffffff89fffffff753ffffff8a2e0cffffff88ffffff96ffffff96191f18ffffff9928ffffffbc6cffffffb9ffffffd0ffffffd9ffffffaaffffff9225ffffffde64ffffffd525ffffffb055ffffffd9ffffffc81d21
{:ts "2026-06-18T12:51:49.722812844Z", :level :warn, :message "capture-event-evidence! called without :ctx/run-id in attribution — evidence will be orphaned", :context {:resolved-attr {:subject/type :dispute, :subject/id 0, :action/type :dispute/raise, :evidence/reason :dispute-raised}}}
Captured event evidence: dispute-raised hash: sha256:fffffff62b745f13ffffffc2ffffffa9ffffffceffffffe94dffffffd638ffffff99ffffffd5ffffff8d3f016d5bffffffa43c14fffffff3ffffffc6ffffffddffffffb1fffffff571ffffffbdffffffb048ffffff9f
{:ts "2026-06-18T12:51:49.723697196Z", :level :debug, :message "Submitting resolution", :context {:caller "0xL0Res", :workflow-id 0}}
{:ts "2026-06-18T12:51:49.723911305Z", :level :warn, :message "capture-event-evidence! called without :ctx/run-id in attribution — evidence will be orphaned", :context {:resolved-attr {:subject/type :bond, :subject/id "0-0xChallenger", :action/type :bond/post, :evidence/reason :bond-posted}}}
Captured event evidence: bond-posted hash: sha256:ffffffccfffffffafffffff945ffffffaaffffffb206ffffffd9ffffffd31834fffffffbffffffb03affffffdaffffffa2083a4c49ffffffd4520d62ffffffba71ffffffcd12ffffff97515fffffff84
{:ts "2026-06-18T12:51:49.725212924Z", :level :warn, :message "capture-event-evidence! called without :ctx/run-id in attribution — evidence will be orphaned", :context {:resolved-attr {:subject/type :dispute, :subject/id 0, :action/type :dispute/challenge, :evidence/reason :resolution-challenged}}}
Captured event evidence: resolution-challenged hash: sha256:fffffffa66ffffffa8ffffff81ffffffdb3f3b150effffff92ffffffe866fffffff9ffffffcc37ffffff91ffffffd6ffffffde7805ffffff920029ffffff9fffffffc7672467ffffffe82d2cfffffff0
{:ts "2026-06-18T12:51:49.727506630Z", :level :debug, :message "Submitting resolution", :context {:caller "0xL1Res", :workflow-id 0}}
{:ts "2026-06-18T12:51:49.727744735Z", :level :warn, :message "capture-event-evidence! called without :ctx/run-id in attribution — evidence will be orphaned", :context {:resolved-attr {:subject/type :resolver, :subject/id "0xL0Res", :action/type :slash, :evidence/reason :slashing}}}
Captured event evidence: slashing hash: sha256:ffffffd0610a251d6effffffa53dffffff9d0f516e1612ffffff8effffff9affffffa372794873ffffffbb7dffffff9773ffffff83ffffffaf69ffffffbf2208ffffffc3
{:ts "2026-06-18T12:51:49.729493219Z", :level :warn, :message "capture-event-evidence! called without :ctx/run-id in attribution — evidence will be orphaned", :context {:resolved-attr {:subject/type :resolver, :subject/id "0xL0Res", :action/type :stake/register, :evidence/reason :stake-registered}}}
Captured event evidence: stake-registered hash: sha256:ffffffccffffffd112ffffff803048ffffffbd0566fffffff1ffffffb3ffffff9d6effffffddffffffc06618ffffffda5f5402ffffffd4ffffff9effffffe7ffffffa41935ffffffc4ffffffd5ffffffeeffffffc558
{:ts "2026-06-18T12:51:49.730286866Z", :level :warn, :message "capture-event-evidence! called without :ctx/run-id in attribution — evidence will be orphaned", :context {:resolved-attr {:subject/type :resolver, :subject/id "0xL1Res", :action/type :stake/register, :evidence/reason :stake-registered}}}
Captured event evidence: stake-registered hash: sha256:ffffff81ffffff90fffffffeffffffdf3455322a08ffffffd9fffffff4ffffffb8485a11ffffff9fffffffaa4bffffffcb3affffffc7ffffff9c3d2f0ffffffff0ffffffed4473ffffffc5ffffffa80d
{:ts "2026-06-18T12:51:49.731128956Z", :level :warn, :message "capture-event-evidence! called without :ctx/run-id in attribution — evidence will be orphaned", :context {:resolved-attr {:subject/type :escrow, :subject/id 0, :action/type :escrow/create, :evidence/reason :escrow-created}}}
Captured event evidence: escrow-created hash: sha256:ffffffb3612461212b702a0affffffa3ffffffd5ffffff8affffffec4bffffff8055ffffffe86effffffe4ffffffa912692fffffffda2b2fffffffbeffffff8a51ffffffd913ffffffd4
{:ts "2026-06-18T12:51:49.732109131Z", :level :warn, :message "capture-event-evidence! called without :ctx/run-id in attribution — evidence will be orphaned", :context {:resolved-attr {:subject/type :dispute, :subject/id 0, :action/type :dispute/raise, :evidence/reason :dispute-raised}}}
Captured event evidence: dispute-raised hash: sha256:ffffffd7ffffffe964646e63ffffffbe7cffffff86ffffff81ffffff8d666bffffff9b4f32ffffff8850ffffff99ffffffd2fffffff03c72ffffffa3fffffff6ffffffb908ffffffb7ffffffb7ffffffd9ffffffcf77
{:ts "2026-06-18T12:51:49.733396112Z", :level :debug, :message "Submitting resolution", :context {:caller "0xL0Res", :workflow-id 0}}
{:ts "2026-06-18T12:51:49.733604380Z", :level :warn, :message "capture-event-evidence! called without :ctx/run-id in attribution — evidence will be orphaned", :context {:resolved-attr {:subject/type :bond, :subject/id "0-0xChallenger", :action/type :bond/post, :evidence/reason :bond-posted}}}
Captured event evidence: bond-posted hash: sha256:30ffffffbb48ffffff81ffffffe52133001859ffffffc4ffffffffffffffec37ffffffb03a14ffffffb3147fffffffcb431f0fffffffa858ffffff8201ffffffd829ffffff830f
{:ts "2026-06-18T12:51:49.734851785Z", :level :warn, :message "capture-event-evidence! called without :ctx/run-id in attribution — evidence will be orphaned", :context {:resolved-attr {:subject/type :dispute, :subject/id 0, :action/type :dispute/challenge, :evidence/reason :resolution-challenged}}}
Captured event evidence: resolution-challenged hash: sha256:3ffffffff0ffffff9fffffffc6ffffff962564ffffffca601dffffff8bffffffea10fffffff5fffffff60226293574fffffffbffffffaa7179ffffffd66cffffffa2ffffff97fffffff7fffffff4ffffffb630
{:ts "2026-06-18T12:51:49.736240100Z", :level :debug, :message "Submitting resolution", :context {:caller "0xL1Res", :workflow-id 0}}
{:ts "2026-06-18T12:51:49.736481602Z", :level :warn, :message "capture-event-evidence! called without :ctx/run-id in attribution — evidence will be orphaned", :context {:resolved-attr {:subject/type :resolver, :subject/id "0xL0Res", :action/type :slash, :evidence/reason :slashing}}}
Captured event evidence: slashing hash: sha256:0fffffffd927fffffff20affffffed7d65ffffffe4ffffff99ffffff9425ffffffdc7f61ffffffad7a3a08ffffffe144ffffff9a75ffffff94320309ffffff9effffff9212ffffffd070
{:ts "2026-06-18T12:51:49.738763465Z", :level :warn, :message "capture-event-evidence! called without :ctx/run-id in attribution — evidence will be orphaned", :context {:resolved-attr {:subject/type :resolver, :subject/id "0xRes0", :action/type :stake/register, :evidence/reason :stake-registered}}}
Captured event evidence: stake-registered hash: sha256:ffffffda3116ffffff8059ffffffcfffffffde4d6cffffffe3ffffff9d080effffff83ffffffd8fffffff3ffffffc316ffffffbaffffffe22fffffff80ffffffafffffffe439ffffffb7ffffffa9ffffffda2cffffffc4ffffffc8ffffffe5
{:ts "2026-06-18T12:51:49.739969291Z", :level :warn, :message "capture-event-evidence! called without :ctx/run-id in attribution — evidence will be orphaned", :context {:resolved-attr {:subject/type :resolver, :subject/id "0xRes1", :action/type :stake/register, :evidence/reason :stake-registered}}}
Captured event evidence: stake-registered hash: sha256:6d5dffffff922547ffffffe04dffffffc339ffffffaf73ffffffa9ffffffa85d2fffffffd74428ffffff9309251cffffffe8ffffffb4ffffffc87affffffe100ffffffe6fffffff0ffffffcd5c
{:ts "2026-06-18T12:51:49.741266852Z", :level :warn, :message "capture-event-evidence! called without :ctx/run-id in attribution — evidence will be orphaned", :context {:resolved-attr {:subject/type :escrow, :subject/id 0, :action/type :escrow/create, :evidence/reason :escrow-created}}}
Captured event evidence: escrow-created hash: sha256:ffffff85fffffffb45fffffff6ffffffda4651ffffffd11a6fffffffebffffffa35bffffffcbffffff970349fffffff8ffffff9cffffffbd4dffffffec4effffffa1ffffff86fffffffeffffffae17fffffffefffffff4ffffffe1ffffffd7
{:ts "2026-06-18T12:51:49.742516782Z", :level :warn, :message "capture-event-evidence! called without :ctx/run-id in attribution — evidence will be orphaned", :context {:resolved-attr {:subject/type :dispute, :subject/id 0, :action/type :dispute/raise, :evidence/reason :dispute-raised}}}
Captured event evidence: dispute-raised hash: sha256:32ffffff841bffffff881509297a5e4cfffffff62d132c6533ffffff93ffffff98ffffffed06ffffffe31affffffaa5d1fffffff96ffffffc3ffffffd3ffffff8effffff9fffffffd3ffffffef
{:ts "2026-06-18T12:51:49.743617336Z", :level :debug, :message "Submitting resolution", :context {:caller "0xRes0", :workflow-id 0}}
{:ts "2026-06-18T12:51:49.743873336Z", :level :warn, :message "capture-event-evidence! called without :ctx/run-id in attribution — evidence will be orphaned", :context {:resolved-attr {}}}
Captured event evidence: fraud-slash-proposed hash: sha256:60ffffff96766effffff805e7b6e0d256f7effffffebffffffceffffffae061803ffffffb4ffffffd1fffffff31effffffba2a2cffffff8475ffffffc3ffffff8effffffa3102e
{:ts "2026-06-18T12:51:49.745079062Z", :level :debug, :message "handle-fraud-slashing", :context {:now 1000, :appeal-window 2000000}}
{:ts "2026-06-18T12:51:49.745279114Z", :level :warn, :message "capture-event-evidence! called without :ctx/run-id in attribution — evidence will be orphaned", :context {:resolved-attr {:subject/type :resolver, :subject/id "0xRes0", :action/type :slash, :evidence/reason :slashing}}}
Captured event evidence: slashing hash: sha256:3d7127ffffff8fffffffb7ffffff8efffffff3ffffff975550ffffff80ffffff93fffffffeffffffcaffffffcdffffffcc233a64ffffff91ffffffe7ffffffc1ffffffce4128ffffffa4ffffff87480effffffc174ffffffd9
{:ts "2026-06-18T12:51:49.746581314Z", :level :warn, :message "capture-event-evidence! called without :ctx/run-id in attribution — evidence will be orphaned", :context {:resolved-attr {:subject/type :resolver, :subject/id "0xRes0", :action/type :resolver/unavailable, :evidence/reason :resolver-unavailability-changed}}}
Captured event evidence: resolver-unavailability-changed hash: sha256:ffffffeaffffff9affffffebffffff90590670ffffff9effffff9708ffffffa1ffffffea03fffffff93dffffffd2ffffff9f72ffffffafffffffc3432bffffffbaffffff92771cffffffc30d2effffff85ffffffe7ffffff87
Captured event evidence: :slash/prorata-allocation hash: nil
{:ts "2026-06-18T12:51:49.749616688Z", :level :warn, :message "capture-event-evidence! called without :ctx/run-id in attribution — evidence will be orphaned", :context {:resolved-attr {:subject/type :bond, :subject/id "0-0xBuyer", :action/type :bond/post, :evidence/reason :bond-posted}}}
Captured event evidence: bond-posted hash: sha256:0affffffcdffffffa2ffffffbcffffffe0ffffff945366ffffffb2ffffffc3ffffffe4ffffff830d042dffffffd65e35fffffff86affffff871d74ffffffff77fffffffbffffffc9ffffffa2ffffffd119591d
{:ts "2026-06-18T12:51:49.750933606Z", :level :warn, :message "capture-event-evidence! called without :ctx/run-id in attribution — evidence will be orphaned", :context {:resolved-attr {:subject/type :dispute, :subject/id 0, :action/type :dispute/challenge, :evidence/reason :resolution-challenged}}}
Captured event evidence: resolution-challenged hash: sha256:78ffffffb1ffffffbd0b4538727026ffffffd3ffffff93256bffffffbf37402f7bffffffdc0859ffffff8dffffffbb441b2c19ffffffb339ffffffa3ffffffccffffffed
{:ts "2026-06-18T12:51:49.752070390Z", :level :debug, :message "Submitting resolution", :context {:caller "0xRes1", :workflow-id 0}}
{:ts "2026-06-18T12:51:49.752286173Z", :level :warn, :message "capture-event-evidence! called without :ctx/run-id in attribution — evidence will be orphaned", :context {:resolved-attr {:subject/type :resolver, :subject/id "0xRes0", :action/type :slash, :evidence/reason :slashing}}}
Captured event evidence: slashing hash: sha256:ffffffd739fffffff8472e706003ffffffa9ffffffd8ffffffc6ffffffc7ffffffa8ffffffe7ffffffed7e2e6e65ffffffa3ffffff97fffffff7ffffff8e57ffffff9affffffd219ffffffa744ffffffa4ffffffcc5e
{:ts "2026-06-18T12:51:49.754318900Z", :level :warn, :message "capture-event-evidence! called without :ctx/run-id in attribution — evidence will be orphaned", :context {:resolved-attr {:subject/type :resolver, :subject/id "0xRes", :action/type :stake/register, :evidence/reason :stake-registered}}}
Captured event evidence: stake-registered hash: sha256:ffffffbfffffffaaffffffe779ffffffec420739376d2f4e701fffffffc41dffffffa63c20fffffff779ffffffbb65ffffffa1fffffff36d221a77421c27
{:ts "2026-06-18T12:51:49.755435114Z", :level :warn, :message "capture-event-evidence! called without :ctx/run-id in attribution — evidence will be orphaned", :context {:resolved-attr {:subject/type :escrow, :subject/id 0, :action/type :escrow/create, :evidence/reason :escrow-created}}}
Captured event evidence: escrow-created hash: sha256:ffffffa706ffffffc46effffffcdffffffc17913fffffffe7a646bffffffcf4e6f324effffffacffffff814157ffffffa8ffffffca4c7e27ffffff87fffffff8344823ffffffcb
{:ts "2026-06-18T12:51:49.756951263Z", :level :warn, :message "capture-event-evidence! called without :ctx/run-id in attribution — evidence will be orphaned", :context {:resolved-attr {:subject/type :dispute, :subject/id 0, :action/type :dispute/raise, :evidence/reason :dispute-raised}}}
Captured event evidence: dispute-raised hash: sha256:ffffff9b63ffffff95631b4b6306223a6970104f1a62ffffffeeffffff9fffffffafffffffb3ffffffe1fffffff04affffffbafffffff834ffffff99ffffffb8ffffffebffffffabffffff8e77
{:ts "2026-06-18T12:51:49.757810025Z", :level :debug, :message "Submitting resolution", :context {:caller "0xRes", :workflow-id 0}}
{:ts "2026-06-18T12:51:49.757987956Z", :level :warn, :message "capture-event-evidence! called without :ctx/run-id in attribution — evidence will be orphaned", :context {:resolved-attr {}}}
Captured event evidence: fraud-slash-proposed hash: sha256:ffffffe5ffffff961effffffe7ffffffdfffffffb315ffffff91ffffffd1ffffffb7ffffff8cffffffdeffffffceffffff95ffffffd2ffffff814e401d0521ffffffd737ffffffccffffffd8ffffffe6ffffff82ffffff9bffffffd5ffffffb7ffffffcb13
{:ts "2026-06-18T12:51:49.758970064Z", :level :debug, :message "handle-fraud-slashing", :context {:now 1000, :appeal-window 10}}
{:ts "2026-06-18T12:51:49.759601140Z", :level :warn, :message "capture-event-evidence! called without :ctx/run-id in attribution — evidence will be orphaned", :context {:resolved-attr {:subject/type :resolver, :subject/id "0xL0Res", :action/type :stake/register, :evidence/reason :stake-registered}}}
Captured event evidence: stake-registered hash: sha256:ffffffb9ffffff922efffffffd76ffffffcd51ffffffc806ffffffb900562240ffffffa2fffffff1ffffff841effffff9b6d6201ffffff9fffffff891775ffffffbb424401fffffff717
{:ts "2026-06-18T12:51:49.760510429Z", :level :warn, :message "capture-event-evidence! called without :ctx/run-id in attribution — evidence will be orphaned", :context {:resolved-attr {:subject/type :resolver, :subject/id "0xL1Res", :action/type :stake/register, :evidence/reason :stake-registered}}}
Captured event evidence: stake-registered hash: sha256:3446ffffffe66d28155dffffff8a30fffffffaffffffcaffffff9b367126ffffffdcffffffb83a035315ffffff80ffffffac23ffffffbfffffffa67bffffffd1fffffff122ffffff8f5f
{:ts "2026-06-18T12:51:49.761430468Z", :level :warn, :message "capture-event-evidence! called without :ctx/run-id in attribution — evidence will be orphaned", :context {:resolved-attr {:subject/type :escrow, :subject/id 0, :action/type :escrow/create, :evidence/reason :escrow-created}}}
Captured event evidence: escrow-created hash: sha256:ffffffa0fffffffbffffffe135ffffffdeffffffe4ffffffbaffffffd8ffffff953dffffffe5304c6b647bffffffb4ffffffc5ffffff8d1c60ffffffff4f76ffffff803e2d55ffffffbc5fffffffb0ffffffef
{:ts "2026-06-18T12:51:49.762529500Z", :level :warn, :message "capture-event-evidence! called without :ctx/run-id in attribution — evidence will be orphaned", :context {:resolved-attr {:subject/type :dispute, :subject/id 0, :action/type :dispute/raise, :evidence/reason :dispute-raised}}}
Captured event evidence: dispute-raised hash: sha256:4bffffff93fffffff454ffffffafffffffd1ffffffa9ffffffbaffffffa2ffffffccffffff82ffffff90ffffffe6451b723cfffffff3ffffff90ffffffe068ffffffff4102ffffff896b5e4fffffffdf31fffffff464
{:ts "2026-06-18T12:51:49.763833493Z", :level :debug, :message "Submitting resolution", :context {:caller "0xL0Res", :workflow-id 0}}
{:ts "2026-06-18T12:51:49.764107207Z", :level :warn, :message "capture-event-evidence! called without :ctx/run-id in attribution — evidence will be orphaned", :context {:resolved-attr {:subject/type :bond, :subject/id "0-0xChallenger", :action/type :bond/post, :evidence/reason :bond-posted}}}
Captured event evidence: bond-posted hash: sha256:330dffffff9816fffffff07873ffffffffffffffa2ffffffceffffff865bffffff92ffffffc30b6723ffffff8cffffffb1ffffffacffffffcaffffff8d641affffff8843ffffff92ffffffda58ffffffb76b38
{:ts "2026-06-18T12:51:49.765882251Z", :level :warn, :message "capture-event-evidence! called without :ctx/run-id in attribution — evidence will be orphaned", :context {:resolved-attr {:subject/type :dispute, :subject/id 0, :action/type :dispute/challenge, :evidence/reason :resolution-challenged}}}
Captured event evidence: resolution-challenged hash: sha256:3a3e45ffffff9effffff9869043affffff8c65ffffffb71f73ffffffe5ffffff9430fffffffa44ffffffbb232afffffffdfffffff816ffffff8535ffffff9fffffffef63ffffff95ffffffc541
{:ts "2026-06-18T12:51:49.767018053Z", :level :debug, :message "Submitting resolution", :context {:caller "0xL1Res", :workflow-id 0}}
{:ts "2026-06-18T12:51:49.767848Z", :level :warn, :message "capture-event-evidence! called without :ctx/run-id in attribution — evidence will be orphaned", :context {:resolved-attr {:subject/type :resolver, :subject/id "0xRes", :action/type :stake/register, :evidence/reason :stake-registered}}}
Captured event evidence: stake-registered hash: sha256:1b744cffffffb5ffffffddffffffd7ffffffe2ffffffb54bffffffa54effffffd6ffffff88ffffff8effffffadffffff8effffffad79fffffff7fffffff8ffffffa15d4afffffff5ffffff87ffffff8c47123effffffba74ffffffe6
{:ts "2026-06-18T12:51:49.768843583Z", :level :warn, :message "capture-event-evidence! called without :ctx/run-id in attribution — evidence will be orphaned", :context {:resolved-attr {:subject/type :escrow, :subject/id 0, :action/type :escrow/create, :evidence/reason :escrow-created}}}
Captured event evidence: escrow-created hash: sha256:63ffffff9f1bffffffdb2afffffff2155e58260a362cffffffda1801ffffff99533bffffff925272fffffff5ffffffb6ffffffd666ffffffb7ffffff95ffffff82ffffff846906
{:ts "2026-06-18T12:51:49.769794111Z", :level :warn, :message "capture-event-evidence! called without :ctx/run-id in attribution — evidence will be orphaned", :context {:resolved-attr {:subject/type :dispute, :subject/id 0, :action/type :dispute/raise, :evidence/reason :dispute-raised}}}
Captured event evidence: dispute-raised hash: sha256:ffffffdfffffffbfffffff944fffffffe6560c75ffffffba1a2f18746d55ffffff9f6b2117ffffff90ffffffb3ffffff82ffffffe6ffffffb26effffffb53c28ffffff9d29ffffff8b21
{:ts "2026-06-18T12:51:49.770600463Z", :level :debug, :message "Submitting resolution", :context {:caller "0xRes", :workflow-id 0}}
{:ts "2026-06-18T12:51:49.770809162Z", :level :warn, :message "capture-event-evidence! called without :ctx/run-id in attribution — evidence will be orphaned", :context {:resolved-attr {}}}
Captured event evidence: fraud-slash-proposed hash: sha256:ffffffddffffffcbfffffffbfffffff074490effffff9174ffffff81ffffffa1ffffffabfffffff821101946ffffff98ffffffce0d50673259fffffff431ffffff9331ffffffa501fffffffc1c
{:ts "2026-06-18T12:51:49.771712970Z", :level :debug, :message "handle-fraud-slashing", :context {:now 1000, :appeal-window 100}}
{:ts "2026-06-18T12:51:49.771810487Z", :level :warn, :message "capture-event-evidence! called without :ctx/run-id in attribution — evidence will be orphaned", :context {:resolved-attr {:subject/type :resolver, :subject/id "0xRes", :action/type :slash/appeal, :evidence/reason :fraud-slash-appealed}}}
Captured event evidence: fraud-slash-appealed hash: sha256:fffffff54dffffffa8ffffffadffffffca76ffffffca61ffffff8766ffffffd1ffffff9cffffffa0ffffffebffffffc8061b70ffffffe016ffffffc9ffffffadffffff89ffffffd018050effffff890cffffffbbffffffac14
{:ts "2026-06-18T12:51:49.772717681Z", :level :debug, :message "Resolving appeal", :context {:appeal-upheld? false, :workflow-id 0, :slash-id 0}}
{:ts "2026-06-18T12:51:49.772805800Z", :level :warn, :message "capture-event-evidence! called without :ctx/run-id in attribution — evidence will be orphaned", :context {:resolved-attr {:subject/type :slash, :subject/id 0, :action/type :slash/resolve-appeal, :evidence/reason :slash-appeal/rejected}}}
Captured event evidence: rejected hash: sha256:73fffffff7fffffff9ffffff8045ffffffc8ffffffc4ffffff9e593c04ffffffebffffffb3ffffff90ffffffdf6048ffffff85fffffff7ffffffa7ffffffe01d7fffffffd7ffffffe4ffffffbc30ffffffda2c252cfffffffc
{:ts "2026-06-18T12:51:49.775317743Z", :level :warn, :message "capture-event-evidence! called without :ctx/run-id in attribution — evidence will be orphaned", :context {:resolved-attr {:subject/type :resolver, :subject/id "0xL0Res", :action/type :stake/register, :evidence/reason :stake-registered}}}
Captured event evidence: stake-registered hash: sha256:09ffffffe1ffffffa73cffffffd6ffffffefffffff9679ffffffbb133225ffffff905bffffffd9ffffffb7ffffffa1ffffffdf7f71fffffffdffffffb926ffffffa3766d14ffffffebffffff93ffffffb3ffffffa8ffffffe4
{:ts "2026-06-18T12:51:49.776064521Z", :level :warn, :message "capture-event-evidence! called without :ctx/run-id in attribution — evidence will be orphaned", :context {:resolved-attr {:subject/type :resolver, :subject/id "0xL1Res", :action/type :stake/register, :evidence/reason :stake-registered}}}
Captured event evidence: stake-registered hash: sha256:55704d1377425e5518ffffff87ffffffa86766ffffffd1511831ffffff94356fffffffec2765fffffff9ffffff88115b164740624e
{:ts "2026-06-18T12:51:49.776903505Z", :level :warn, :message "capture-event-evidence! called without :ctx/run-id in attribution — evidence will be orphaned", :context {:resolved-attr {:subject/type :escrow, :subject/id 0, :action/type :escrow/create, :evidence/reason :escrow-created}}}
Captured event evidence: escrow-created hash: sha256:ffffffde52fffffff4fffffffd7d74ffffffa5731d70ffffffbd6b2e7139ffffffa6ffffffb9ffffff95ffffff9affffff9cffffffd61a536fffffff83ffffffdeffffffa0ffffffb200684140
{:ts "2026-06-18T12:51:49.777906233Z", :level :warn, :message "capture-event-evidence! called without :ctx/run-id in attribution — evidence will be orphaned", :context {:resolved-attr {:subject/type :dispute, :subject/id 0, :action/type :dispute/raise, :evidence/reason :dispute-raised}}}
Captured event evidence: dispute-raised hash: sha256:6267ffffffc7ffffffddffffff9a1affffffe93f35fffffff4ffffff87ffffffeeffffff9bffffffdb2bffffffe2ffffffc5330b44ffffffba0a2904114effffffc5ffffffedffffffcdffffff83283e
{:ts "2026-06-18T12:51:49.778750357Z", :level :debug, :message "Submitting resolution", :context {:caller "0xL0Res", :workflow-id 0}}
{:ts "2026-06-18T12:51:49.778918989Z", :level :warn, :message "capture-event-evidence! called without :ctx/run-id in attribution — evidence will be orphaned", :context {:resolved-attr {:subject/type :bond, :subject/id "0-0xChallenger", :action/type :bond/post, :evidence/reason :bond-posted}}}
Captured event evidence: bond-posted hash: sha256:3f2a4679fffffffbffffffbf33ffffffb3fffffff9ffffff9bffffffdb7effffffb8ffffffabffffffd2ffffffd2ffffffd3ffffffeb0e6c45ffffffe8ffffff880743ffffff8d4305fffffff9225c05
{:ts "2026-06-18T12:51:49.779796347Z", :level :warn, :message "capture-event-evidence! called without :ctx/run-id in attribution — evidence will be orphaned", :context {:resolved-attr {:subject/type :dispute, :subject/id 0, :action/type :dispute/challenge, :evidence/reason :resolution-challenged}}}
Captured event evidence: resolution-challenged hash: sha256:5b08ffffffebffffffe4ffffff8dffffffde7f52260347ffffffd00528183654ffffffc1ffffffa4ffffffd7125843ffffffc85519ffffffef127a0fffffffe5ffffff8b
{:ts "2026-06-18T12:51:49.786409443Z", :level :debug, :message "Submitting resolution", :context {:caller "0xL1Res", :workflow-id 0}}
{:ts "2026-06-18T12:51:49.786743361Z", :level :warn, :message "capture-event-evidence! called without :ctx/run-id in attribution — evidence will be orphaned", :context {:resolved-attr {:subject/type :resolver, :subject/id "0xL0Res", :action/type :slash, :evidence/reason :slashing}}}
Captured event evidence: slashing hash: sha256:ffffffeb181c062876ffffffafffffffe93d270b59ffffffa959ffffffabffffffdb276b6ffffffffa3e174bffffffe60c31ffffffc12469ffffff832fffffffc4
{:ts "2026-06-18T12:51:49.788504629Z", :level :warn, :message "capture-event-evidence! called without :ctx/run-id in attribution — evidence will be orphaned", :context {:resolved-attr {:subject/type :resolver, :subject/id "0xL0Res", :action/type :stake/register, :evidence/reason :stake-registered}}}
Captured event evidence: stake-registered hash: sha256:09023fffffff9c245b4014ffffffaf20575dfffffff320ffffffb2ffffffa3ffffffd66c004dffffffa8712bffffffd95e6cfffffff274ffffffdcfffffffe526f
{:ts "2026-06-18T12:51:49.789276355Z", :level :warn, :message "capture-event-evidence! called without :ctx/run-id in attribution — evidence will be orphaned", :context {:resolved-attr {:subject/type :resolver, :subject/id "0xL1Res", :action/type :stake/register, :evidence/reason :stake-registered}}}
Captured event evidence: stake-registered hash: sha256:ffffffe0ffffffebffffffc4ffffffcf1c5bffffff8b5b67ffffff9b5b6d02ffffffbf5b7f050d57ffffffb21d41435a31ffffffdf7621131e07ffffffdf
{:ts "2026-06-18T12:51:49.790019646Z", :level :warn, :message "capture-event-evidence! called without :ctx/run-id in attribution — evidence will be orphaned", :context {:resolved-attr {:subject/type :escrow, :subject/id 0, :action/type :escrow/create, :evidence/reason :escrow-created}}}
Captured event evidence: escrow-created hash: sha256:064242ffffffbbfffffffdffffffc607fffffff8ffffffd566125056ffffffb25dffffff82ffffffe4ffffffa4ffffff9e40ffffffdeffffffe42c7bffffffd8ffffffa3ffffffffffffffff1507ffffff94ffffff94
{:ts "2026-06-18T12:51:49.790891774Z", :level :warn, :message "capture-event-evidence! called without :ctx/run-id in attribution — evidence will be orphaned", :context {:resolved-attr {:subject/type :dispute, :subject/id 0, :action/type :dispute/raise, :evidence/reason :dispute-raised}}}
Captured event evidence: dispute-raised hash: sha256:5afffffff3ffffffc91affffffee22785b1dffffffc5ffffffc96effffffcfffffffebfffffffffffffffcffffff8002ffffffc0ffffffcaffffffa2ffffffa126ffffffedfffffff4ffffffe118ffffff997a1a1affffffb2
{:ts "2026-06-18T12:51:49.791651777Z", :level :debug, :message "Submitting resolution", :context {:caller "0xL0Res", :workflow-id 0}}
{:ts "2026-06-18T12:51:49.791882338Z", :level :warn, :message "capture-event-evidence! called without :ctx/run-id in attribution — evidence will be orphaned", :context {:resolved-attr {:subject/type :bond, :subject/id "0-0xChallenger", :action/type :bond/post, :evidence/reason :bond-posted}}}
Captured event evidence: bond-posted hash: sha256:35ffffff88374e6effffff8667ffffffbfffffffe4fffffffbffffffb444ffffff94ffffffca5dffffffebfffffffaffffffa4ffffffaf5564ffffffbb365e66ffffffd7ffffffebffffffcc1fffffffe06a35
{:ts "2026-06-18T12:51:49.792664163Z", :level :warn, :message "capture-event-evidence! called without :ctx/run-id in attribution — evidence will be orphaned", :context {:resolved-attr {:subject/type :dispute, :subject/id 0, :action/type :dispute/challenge, :evidence/reason :resolution-challenged}}}
Captured event evidence: resolution-challenged hash: sha256:5654ffffff80ffffffedffffffa9ffffffae59ffffffdf18ffffffabffffffb5ffffffed594812ffffffc46714601038ffffffbeffffffffffffffedffffffbb43ffffffd85d1fffffffb0ffffff90fffffffb
{:ts "2026-06-18T12:51:49.793413165Z", :level :debug, :message "Submitting resolution", :context {:caller "0xL1Res", :workflow-id 0}}
{:ts "2026-06-18T12:51:49.793534687Z", :level :warn, :message "capture-event-evidence! called without :ctx/run-id in attribution — evidence will be orphaned", :context {:resolved-attr {:subject/type :resolver, :subject/id "0xL0Res", :action/type :slash, :evidence/reason :slashing}}}
Captured event evidence: slashing hash: sha256:560fffffffc7ffffffb0ffffffd1ffffffcfffffffa3ffffffe069ffffff9effffff8fffffffb125ffffff8002ffffff97ffffffdd1d1d42ffffffd0ffffffe8ffffffd2ffffff973e4effffffad0b69ffffff94ffffffc779
{:ts "2026-06-18T12:51:49.795302187Z", :level :warn, :message "capture-event-evidence! called without :ctx/run-id in attribution — evidence will be orphaned", :context {:resolved-attr {:subject/type :resolver, :subject/id "0xRes", :action/type :stake/register, :evidence/reason :stake-registered}}}
Captured event evidence: stake-registered hash: sha256:12ffffffbe02ffffffc13bffffffb2ffffff8bffffff987859fffffff93fffffff97ffffffc8ffffffabffffffd104ffffffd25bffffff9050ffffffb3ffffffdc24fffffff0ffffff9cffffffb0ffffffb905ffffff8f5cffffff88
{:ts "2026-06-18T12:51:49.796047011Z", :level :debug, :message "Resolving appeal", :context {:appeal-upheld? true, :workflow-id 42, :slash-id "42-reversal-0"}}
{:ts "2026-06-18T12:51:49.796118989Z", :level :warn, :message "capture-event-evidence! called without :ctx/run-id in attribution — evidence will be orphaned", :context {:resolved-attr {:subject/type :slash, :subject/id "42-reversal-0", :action/type :slash/resolve-appeal, :evidence/reason :slash-appeal/reversed}}}
Captured event evidence: reversed hash: sha256:72592dffffff89fffffffbfffffffc77ffffff82fffffff4231d2affffffb30f0fffffff8852ffffffcdffffffae30fffffff0ffffffbbffffffe2582304ffffffcf5cfffffff1ffffff84ffffffc338
{:ts "2026-06-18T12:51:49.797381223Z", :level :debug, :message "Resolving appeal", :context {:appeal-upheld? true, :workflow-id 0, :slash-id "s1"}}
{:ts "2026-06-18T12:51:49.797754366Z", :level :warn, :message "capture-event-evidence! called without :ctx/run-id in attribution — evidence will be orphaned", :context {:resolved-attr {:subject/type :resolver, :subject/id "0xRes", :action/type :stake/register, :evidence/reason :stake-registered}}}
Captured event evidence: stake-registered hash: sha256:3452fffffff7ffffffa530ffffffd7ffffffda77fffffff622ffffffc039ffffff8cffffffc608333c791cffffffd7ffffffbaffffff8d23ffffffcfffffffebffffffd9ffffffc9ffffffbf0bffffffb55e2b
{:ts "2026-06-18T12:51:49.798632014Z", :level :warn, :message "capture-event-evidence! called without :ctx/run-id in attribution — evidence will be orphaned", :context {:resolved-attr {:subject/type :escrow, :subject/id 0, :action/type :escrow/create, :evidence/reason :escrow-created}}}
Captured event evidence: escrow-created hash: sha256:59233b307833254fffffffb1fffffff9ffffffe31844ffffffffffffff99417911ffffffc2ffffffc7ffffffd96fffffffbcfffffffe6f17ffffffcaffffffeaffffffca5afffffff6ffffffa7
{:ts "2026-06-18T12:51:49.799531785Z", :level :warn, :message "capture-event-evidence! called without :ctx/run-id in attribution — evidence will be orphaned", :context {:resolved-attr {:subject/type :dispute, :subject/id 0, :action/type :dispute/raise, :evidence/reason :dispute-raised}}}
Captured event evidence: dispute-raised hash: sha256:ffffffba5a6927ffffffc369455e0fffffffb0567a68ffffffefffffff94ffffff88ffffffefffffffa45dffffffa72567ffffffdf1352ffffffb45a7613ffffff86ffffff810a
{:ts "2026-06-18T12:51:49.800262181Z", :level :debug, :message "Submitting resolution", :context {:caller "0xRes", :workflow-id 0}}
{:ts "2026-06-18T12:51:49.800477453Z", :level :warn, :message "capture-event-evidence! called without :ctx/run-id in attribution — evidence will be orphaned", :context {:resolved-attr {}}}
Captured event evidence: fraud-slash-proposed hash: sha256:7206405bffffffa04cfffffff0fffffff61458ffffffc44827fffffff057ffffffdd7851fffffff846ffffffd0ffffff94ffffffe345ffffffc0ffffffa1ffffffa137ffffff83ffffffb8ffffffe0ffffffd7
{:ts "2026-06-18T12:51:49.801238558Z", :level :debug, :message "handle-fraud-slashing", :context {:now 1000, :appeal-window 100}}
{:ts "2026-06-18T12:51:49.801698889Z", :level :warn, :message "capture-event-evidence! called without :ctx/run-id in attribution — evidence will be orphaned", :context {:resolved-attr {:subject/type :resolver, :subject/id "0xRes", :action/type :stake/register, :evidence/reason :stake-registered}}}
Captured event evidence: stake-registered hash: sha256:1cffffff94ffffffa8ffffffacffffffcd48ffffffb5fffffff50332ffffffc13946ffffff9b435f15111858ffffffc8ffffff8c16376645ffffffc9077e22fffffffa63
{:ts "2026-06-18T12:51:49.802471787Z", :level :warn, :message "capture-event-evidence! called without :ctx/run-id in attribution — evidence will be orphaned", :context {:resolved-attr {:subject/type :escrow, :subject/id 0, :action/type :escrow/create, :evidence/reason :escrow-created}}}
Captured event evidence: escrow-created hash: sha256:28ffffff9fffffffdb5d602423ffffffe3022bffffff86ffffffe2187affffff8cffffff89fffffff2ffffff872cffffffdc771cffffff9111fffffff4ffffffbfffffffa825442fffffff803e
{:ts "2026-06-18T12:51:49.803321291Z", :level :warn, :message "capture-event-evidence! called without :ctx/run-id in attribution — evidence will be orphaned", :context {:resolved-attr {:subject/type :dispute, :subject/id 0, :action/type :dispute/raise, :evidence/reason :dispute-raised}}}
Captured event evidence: dispute-raised hash: sha256:ffffffffffffffb0723c5affffffc11e1e64fffffff2ffffffd5fffffff710ffffffb430ffffffc5646cffffff86ffffff9d3f66ffffff9f40ffffff904a0848ffffff83637c7c
{:ts "2026-06-18T12:51:49.804062729Z", :level :debug, :message "Submitting resolution", :context {:caller "0xRes", :workflow-id 0}}
{:ts "2026-06-18T12:51:49.804220280Z", :level :warn, :message "capture-event-evidence! called without :ctx/run-id in attribution — evidence will be orphaned", :context {:resolved-attr {:subject/type :escrow, :subject/id 0, :action/type :escrow/released, :evidence/reason :escrow-released}}}
Captured event evidence: escrow-released hash: sha256:704dfffffff3ffffff8c445d224cffffffa847037affffffa61b07301afffffffa70ffffff810dffffffe3221941607effffffa4ffffffc800fffffffbfffffff0
{:ts "2026-06-18T12:51:49.805112196Z", :level :warn, :message "capture-event-evidence! called without :ctx/run-id in attribution — evidence will be orphaned", :context {:resolved-attr {}}}
Captured event evidence: fraud-slash-proposed hash: sha256:ffffffdd10ffffffcdffffff8efffffff9181c2c76ffffffbc2f3600fffffffe235cffffffdbfffffff1ffffffdbffffffa05dfffffff3ffffffecffffffb52571ffffffe3ffffffeeffffffbdffffffce72ffffffeb
{:ts "2026-06-18T12:51:49.805944046Z", :level :debug, :message "handle-fraud-slashing", :context {:now 1000, :appeal-window 0}}
{:ts "2026-06-18T12:51:49.806069616Z", :level :warn, :message "capture-event-evidence! called without :ctx/run-id in attribution — evidence will be orphaned", :context {:resolved-attr {:subject/type :resolver, :subject/id "0xRes", :action/type :slash, :evidence/reason :slashing}}}
Captured event evidence: slashing hash: sha256:7139fffffffcffffffc64effffffed3effffffc51cffffff8effffffb920ffffffaf005cffffffa544ffffffa27168ffffff90ffffff860d77ffffffd85f615b58ffffffc5ffffff8dfffffff7
{:ts "2026-06-18T12:51:49.806932146Z", :level :warn, :message "capture-event-evidence! called without :ctx/run-id in attribution — evidence will be orphaned", :context {:resolved-attr {:subject/type :resolver, :subject/id "0xRes", :action/type :resolver/unavailable, :evidence/reason :resolver-unavailability-changed}}}
Captured event evidence: resolver-unavailability-changed hash: sha256:48ffffff90ffffffa3ffffffc6584b387c0afffffff6ffffff99ffffff982effffffbdffffff88626d0538ffffffc50effffff90ffffff8703ffffffffffffffefffffffde6458ffffff8a3227
Captured event evidence: :slash/prorata-allocation hash: nil
{:ts "2026-06-18T12:51:49.810001104Z", :level :warn, :message "capture-event-evidence! called without :ctx/run-id in attribution — evidence will be orphaned", :context {:resolved-attr {:subject/type :resolver, :subject/id "0xRes", :action/type :stake/register, :evidence/reason :stake-registered}}}
Captured event evidence: stake-registered hash: sha256:48ffffff910cffffffe9fffffff8791907fffffffaffffffd2ffffffb16dfffffff4ffffffc0ffffffca6b01ffffffaf363e5effffffb7ffffffb666ffffff8cffffffdf0bffffffb066ffffff84ffffffcd42
{:ts "2026-06-18T12:51:49.811035582Z", :level :warn, :message "capture-event-evidence! called without :ctx/run-id in attribution — evidence will be orphaned", :context {:resolved-attr {:subject/type :escrow, :subject/id 0, :action/type :escrow/create, :evidence/reason :escrow-created}}}
Captured event evidence: escrow-created hash: sha256:1844117a2fffffffe9ffffffabffffffcdfffffff450ffffffd1ffffff996732ffffff911dffffffd3ffffff857dffffff84ffffff825ffffffff06cffffffda30ffffff9dffffffccffffff816b7d6c
{:ts "2026-06-18T12:51:49.812039221Z", :level :warn, :message "capture-event-evidence! called without :ctx/run-id in attribution — evidence will be orphaned", :context {:resolved-attr {:subject/type :dispute, :subject/id 0, :action/type :dispute/raise, :evidence/reason :dispute-raised}}}
Captured event evidence: dispute-raised hash: sha256:ffffffcb04ffffffdc4b42ffffff89ffffffa4ffffffe373ffffff98ffffff991c2affffff93ffffffc3230b473dffffffc5ffffff990effffffaa24fffffffcffffffd8ffffff8cffffffdf37ffffff9c5c68
{:ts "2026-06-18T12:51:49.812830154Z", :level :debug, :message "Submitting resolution", :context {:caller "0xRes", :workflow-id 0}}
{:ts "2026-06-18T12:51:49.813004818Z", :level :warn, :message "capture-event-evidence! called without :ctx/run-id in attribution — evidence will be orphaned", :context {:resolved-attr {}}}
Captured event evidence: fraud-slash-proposed hash: sha256:766dffffff9c45ffffff9817ffffff98ffffffec2f12ffffffa4ffffff8effffffa204ffffffd9ffffffcb58fffffff3ffffffe80cffffffbafffffff26901ffffffe32c22ffffff967cffffffb7ffffffed32
{:ts "2026-06-18T12:51:49.813831609Z", :level :debug, :message "handle-fraud-slashing", :context {:now 1000, :appeal-window 86400}}
{:ts "2026-06-18T12:51:49.814418381Z", :level :warn, :message "capture-event-evidence! called without :ctx/run-id in attribution — evidence will be orphaned", :context {:resolved-attr {:subject/type :resolver, :subject/id "0xRes", :action/type :slash/appeal, :evidence/reason :fraud-slash-appealed}}}
Captured event evidence: fraud-slash-appealed hash: sha256:ffffffa6ffffffe268400340ffffffb3ffffffe438ffffff974cffffff83ffffffeb7e3dffffffbe73ffffffffffffff81ffffffdaffffff81ffffffe33affffff8fffffffe3ffffff873738041effffffd871
{:ts "2026-06-18T12:51:49.815493607Z", :level :warn, :message "capture-event-evidence! called without :ctx/run-id in attribution — evidence will be orphaned", :context {:resolved-attr {:subject/type :resolver, :subject/id "0xRes", :action/type :slash/appeal, :evidence/reason :fraud-slash-appealed}}}
Captured event evidence: fraud-slash-appealed hash: sha256:ffffffa6ffffffe268400340ffffffb3ffffffe438ffffff974cffffff83ffffffeb7e3dffffffbe73ffffffffffffff81ffffffdaffffff81ffffffe33affffff8fffffffe3ffffff873738041effffffd871
{:ts "2026-06-18T12:51:49.816408987Z", :level :debug, :message "Resolving appeal", :context {:appeal-upheld? true, :workflow-id 0, :slash-id 0}}
{:ts "2026-06-18T12:51:49.816483540Z", :level :warn, :message "capture-event-evidence! called without :ctx/run-id in attribution — evidence will be orphaned", :context {:resolved-attr {:subject/type :slash, :subject/id 0, :action/type :slash/resolve-appeal, :evidence/reason :slash-appeal/reversed}}}
Captured event evidence: reversed hash: sha256:23ffffffa9ffffffce73ffffffb9ffffffcd4b2c17ffffffb50c6d30ffffffcf0750ffffff8bffffffad29ffffffebffffffef4276672d3a34ffffff94ffffff96ffffffd2ffffff90ffffffd1
{:ts "2026-06-18T12:51:49.817647535Z", :level :warn, :message "capture-event-evidence! called without :ctx/run-id in attribution — evidence will be orphaned", :context {:resolved-attr {:subject/type :resolver, :subject/id "0xL0Res", :action/type :stake/register, :evidence/reason :stake-registered}}}
Captured event evidence: stake-registered hash: sha256:3579fffffff54d3a011056045effffffdcffffffd72324ffffffbe6cffffffd9ffffffcbffffffb5ffffffd6ffffffa7ffffffcd4108ffffffdeffffffc66cffffffbd0b10ffffffba08
{:ts "2026-06-18T12:51:49.818383913Z", :level :warn, :message "capture-event-evidence! called without :ctx/run-id in attribution — evidence will be orphaned", :context {:resolved-attr {:subject/type :resolver, :subject/id "0xL1Res", :action/type :stake/register, :evidence/reason :stake-registered}}}
Captured event evidence: stake-registered hash: sha256:523b6bfffffffa47056cffffffb52e41ffffffbe7456ffffffc1ffffff9cffffff94ffffffca612f3affffffc65affffff9effffffe701ffffffd66a74fffffffa0cffffffd97f
{:ts "2026-06-18T12:51:49.819124109Z", :level :warn, :message "capture-event-evidence! called without :ctx/run-id in attribution — evidence will be orphaned", :context {:resolved-attr {:subject/type :escrow, :subject/id 0, :action/type :escrow/create, :evidence/reason :escrow-created}}}
Captured event evidence: escrow-created hash: sha256:44ffffff8bfffffffe3a3fffffffd8ffffffdaffffffd2110e6f0461fffffffe24ffffffa8ffffffad50010affffffc3ffffffa3336dffffffd4ffffffa34f63ffffffbcfffffffc6fffffffbe
{:ts "2026-06-18T12:51:49.819983081Z", :level :warn, :message "capture-event-evidence! called without :ctx/run-id in attribution — evidence will be orphaned", :context {:resolved-attr {:subject/type :dispute, :subject/id 0, :action/type :dispute/raise, :evidence/reason :dispute-raised}}}
Captured event evidence: dispute-raised hash: sha256:ffffffc116ffffffe1ffffff93ffffffd56129ffffff9406ffffffda4c002c2b59ffffffb5ffffffbbffffff88ffffffa077ffffff80ffffffcbfffffff9ffffffb838255664ffffffafffffffd32bffffffd2
{:ts "2026-06-18T12:51:49.820796467Z", :level :debug, :message "Submitting resolution", :context {:caller "0xL0Res", :workflow-id 0}}
{:ts "2026-06-18T12:51:49.821006057Z", :level :warn, :message "capture-event-evidence! called without :ctx/run-id in attribution — evidence will be orphaned", :context {:resolved-attr {:subject/type :bond, :subject/id "0-0xChallenger", :action/type :bond/post, :evidence/reason :bond-posted}}}
Captured event evidence: bond-posted hash: sha256:ffffffb82633fffffff1094dffffffff16ffffff9131fffffff0ffffffacffffff9fffffff80ffffffc742fffffff6fffffffbfffffff0257fffffffc33a53ffffffe7ffffffd607ffffff8affffffe907ffffffcf3e
{:ts "2026-06-18T12:51:49.822093076Z", :level :warn, :message "capture-event-evidence! called without :ctx/run-id in attribution — evidence will be orphaned", :context {:resolved-attr {:subject/type :dispute, :subject/id 0, :action/type :dispute/challenge, :evidence/reason :resolution-challenged}}}
Captured event evidence: resolution-challenged hash: sha256:5a02ffffffa7ffffffb948fffffffdffffff9439ffffff885e757effffffdefffffff8265b0b20fffffff0fffffff456ffffffe3ffffffebffffffc5ffffff9d09ffffff960363ffffffc5ffffff9effffffad
{:ts "2026-06-18T12:51:49.823155898Z", :level :debug, :message "Submitting resolution", :context {:caller "0xL1Res", :workflow-id 0}}
{:ts "2026-06-18T12:51:49.823411247Z", :level :warn, :message "capture-event-evidence! called without :ctx/run-id in attribution — evidence will be orphaned", :context {:resolved-attr {:subject/type :resolver, :subject/id "0xL0Res", :action/type :slash, :evidence/reason :slashing}}}
Captured event evidence: slashing hash: sha256:ffffffdafffffff3ffffff912cffffffe6ffffffe0fffffffaffffffcb0812ffffffa8ffffffa1ffffffb9ffffffe9ffffffa8ffffffec3c68fffffff5ffffffd7ffffff8fffffffc7436effffff85ffffffe04079ffffffe8ffffffbdffffff9754
{:ts "2026-06-18T12:51:49.824566345Z", :level :warn, :message "capture-event-evidence! called without :ctx/run-id in attribution — evidence will be orphaned", :context {:resolved-attr {:subject/type :resolver, :subject/id "0xL0Res", :action/type :slash, :evidence/reason :slashing}}}
Captured event evidence: slashing hash: sha256:2035ffffff8bffffffe962ffffffeeffffffa820ffffff80ffffffdb7affffff94ffffff981b09ffffffa3291c1fffffffabffffff9f6476ffffffa949ffffffb3ffffffc60b595b3961
{:ts "2026-06-18T12:51:49.826441070Z", :level :debug, :message "Resolving appeal", :context {:appeal-upheld? true, :workflow-id 0, :slash-id "0-reversal-0"}}
{:ts "2026-06-18T12:51:49.826527776Z", :level :warn, :message "capture-event-evidence! called without :ctx/run-id in attribution — evidence will be orphaned", :context {:resolved-attr {:subject/type :slash, :subject/id "0-reversal-0", :action/type :slash/resolve-appeal, :evidence/reason :slash-appeal/reversed}}}
Captured event evidence: reversed hash: sha256:ffffffc22afffffffcffffffa8ffffff96ffffff8324ffffff871effffff9a4215ffffffb1410f353e4bffffff8168fffffffbffffffd6435b2c63ffffffa3007d7effffff8affffff82

Testing resolver-sim.protocols.sew.phase-k-test
{:ts "2026-06-18T12:51:49.828454741Z", :level :warn, :message "capture-event-evidence! called without :ctx/run-id in attribution — evidence will be orphaned", :context {:resolved-attr {:subject/type :resolver, :subject/id "0xRes0", :action/type :stake/register, :evidence/reason :stake-registered}}}
Captured event evidence: stake-registered hash: sha256:15ffffffeb1f31ffffffecffffffe360ffffffca3affffff93ffffffd656ffffffd810ffffffcc22ffffffab78ffffffcb57525809ffffff92fffffff9ffffff9affffffaf1e1effffffe3ffffffb7ffffffd8
{:ts "2026-06-18T12:51:49.829451717Z", :level :warn, :message "capture-event-evidence! called without :ctx/run-id in attribution — evidence will be orphaned", :context {:resolved-attr {:subject/type :resolver, :subject/id "0xRes1", :action/type :stake/register, :evidence/reason :stake-registered}}}
Captured event evidence: stake-registered hash: sha256:6e1cffffffa54400fffffffb7affffffedffffffd352ffffffe819ffffffaf51ffffffd06cffffff912467135926ffffffa7ffffff8dffffffbdffffffa74e4166ffffffacffffffafffffffec
{:ts "2026-06-18T12:51:49.830233752Z", :level :warn, :message "capture-event-evidence! called without :ctx/run-id in attribution — evidence will be orphaned", :context {:resolved-attr {:subject/type :escrow, :subject/id 0, :action/type :escrow/create, :evidence/reason :escrow-created}}}
Captured event evidence: escrow-created hash: sha256:2fffffffb400ffffffd0503b281cfffffff21affffffc9ffffffd334ffffffa523ffffffa1ffffffbcffffff84ffffffaaffffffadfffffffb6d100affffff9159ffffffa1ffffffc66fffffffdb7b61
{:ts "2026-06-18T12:51:49.831180793Z", :level :warn, :message "capture-event-evidence! called without :ctx/run-id in attribution — evidence will be orphaned", :context {:resolved-attr {:subject/type :dispute, :subject/id 0, :action/type :dispute/raise, :evidence/reason :dispute-raised}}}
Captured event evidence: dispute-raised hash: sha256:341b5377fffffff777ffffff9551ffffffa2ffffff8dffffffcefffffffb716547ffffff99264e55ffffff9dffffffeb64ffffffde5bffffffd5ffffff9c0200ffffffc8ffffffe4ffffffa3ffffffca
{:ts "2026-06-18T12:51:49.831934655Z", :level :debug, :message "Submitting resolution", :context {:caller "0xRes0", :workflow-id 0}}
{:ts "2026-06-18T12:51:49.832105161Z", :level :warn, :message "capture-event-evidence! called without :ctx/run-id in attribution — evidence will be orphaned", :context {:resolved-attr {:subject/type :bond, :subject/id "0-0xSeller", :action/type :bond/post, :evidence/reason :bond-posted}}}
Captured event evidence: bond-posted hash: sha256:3effffff877f2affffffd828ffffff9f12ffffffccffffffd07816ffffff84ffffffb8ffffffda69fffffffeffffffbfffffffd1ffffff87ffffffefffffffa651ffffffb4ffffffae724003ffffffc1ffffffa027ffffffde
{:ts "2026-06-18T12:51:49.832801382Z", :level :warn, :message "capture-event-evidence! called without :ctx/run-id in attribution — evidence will be orphaned", :context {:resolved-attr {:subject/type :dispute, :subject/id 0, :action/type :dispute/escalate, :evidence/reason :dispute-escalated}}}
Captured event evidence: dispute-escalated hash: sha256:3a4732ffffffb0ffffff94ffffffcf30ffffffa045ffffff9bffffffb4ffffff8bffffffba46ffffffaaffffffcaffffff85757d4264ffffff80ffffff9263ffffff9351ffffffffffffffd83206ffffff874c
{:ts "2026-06-18T12:51:49.833433932Z", :level :debug, :message "Submitting resolution", :context {:caller "0xRes1", :workflow-id 0}}
{:ts "2026-06-18T12:51:49.833615369Z", :level :warn, :message "capture-event-evidence! called without :ctx/run-id in attribution — evidence will be orphaned", :context {:resolved-attr {:subject/type :resolver, :subject/id "0xRes0", :action/type :slash, :evidence/reason :slashing}}}
Captured event evidence: slashing hash: sha256:03fffffff6ffffff875effffffb4fffffff965ffffffdaffffffb2ffffffceffffff9fffffffd727ffffffd86042ffffffe0ffffff8f5519ffffffee723dfffffff7ffffffc5327516fffffff9544334
{:ts "2026-06-18T12:51:49.835532174Z", :level :warn, :message "capture-event-evidence! called without :ctx/run-id in attribution — evidence will be orphaned", :context {:resolved-attr {:subject/type :escrow, :subject/id 0, :action/type :escrow/create, :evidence/reason :escrow-created}}}
Captured event evidence: escrow-created hash: sha256:5477ffffff95ffffff81ffffffc678ffffff86660c69ffffff8cffffff82ffffffd27cffffff8effffff8d3bfffffffeffffffe1fffffff6ffffffdc556cffffffe575ffffffbe3a0d0effffff9dffffffe4ffffffa8
{:ts "2026-06-18T12:51:49.836745164Z", :level :warn, :message "capture-event-evidence! called without :ctx/run-id in attribution — evidence will be orphaned", :context {:resolved-attr {:subject/type :resolver, :subject/id "0xResolver", :action/type :stake/register, :evidence/reason :stake-registered}}}
Captured event evidence: stake-registered hash: sha256:ffffffb531ffffffa6ffffffd1ffffffa9197fffffffbaffffffce400056ffffffe024295c42284b16ffffffd814125cffffffd67fffffff8bffffffbe59ffffffabfffffff02e
{:ts "2026-06-18T12:51:49.837502051Z", :level :warn, :message "capture-event-evidence! called without :ctx/run-id in attribution — evidence will be orphaned", :context {:resolved-attr {:subject/type :escrow, :subject/id 0, :action/type :escrow/create, :evidence/reason :escrow-created}}}
Captured event evidence: escrow-created hash: sha256:05ffffff9bffffffc8ffffffe225ffffffe4fffffff0ffffff82fffffff50bfffffffa3d33307afffffffaffffffa1ffffffbcffffff82663dffffffc0ffffff98ffffff894c7affffff94ffffff9e1fffffffa2ffffff9fffffff88
{:ts "2026-06-18T12:51:49.838672118Z", :level :warn, :message "capture-event-evidence! called without :ctx/run-id in attribution — evidence will be orphaned", :context {:resolved-attr {:subject/type :resolver, :subject/id "0xResolver", :action/type :stake/register, :evidence/reason :stake-registered}}}
Captured event evidence: stake-registered hash: sha256:fffffff3ffffffab2dffffffd23215ffffff99ffffff9421ffffffc254ffffffbaffffffb35c39ffffff9e5e386fffffffc1ffffffd9ffffff91ffffffe749626d636affffffde21ffffffd7fffffff6
{:ts "2026-06-18T12:51:49.839878355Z", :level :warn, :message "capture-event-evidence! called without :ctx/run-id in attribution — evidence will be orphaned", :context {:resolved-attr {:subject/type :resolver, :subject/id "0xRes", :action/type :stake/register, :evidence/reason :stake-registered}}}
Captured event evidence: stake-registered hash: sha256:766219ffffffdd7dffffff8029376bfffffff32828ffffff9a6a5115ffffffce696d09ffffff8b5bffffff8b6b2dffffffc9416d3f0affffffd777
{:ts "2026-06-18T12:51:49.840800268Z", :level :warn, :message "capture-event-evidence! called without :ctx/run-id in attribution — evidence will be orphaned", :context {:resolved-attr {:subject/type :escrow, :subject/id 0, :action/type :escrow/create, :evidence/reason :escrow-created}}}
Captured event evidence: escrow-created hash: sha256:ffffffe450ffffff8dffffffc6ffffff9affffffe630fffffffc2f28ffffffc816ffffff8dffffffdbffffffd8ffffffa359243a7d4520ffffffd0ffffffd7ffffffbbffffff9dfffffffcffffffea4f252e56
{:ts "2026-06-18T12:51:49.841622229Z", :level :warn, :message "capture-event-evidence! called without :ctx/run-id in attribution — evidence will be orphaned", :context {:resolved-attr {:subject/type :dispute, :subject/id 0, :action/type :dispute/raise, :evidence/reason :dispute-raised}}}
Captured event evidence: dispute-raised hash: sha256:741774ffffff9442ffffffdb52ffffff856d07014d73522344ffffff816203122721ffffffc919ffffffedffffffce4963ffffffc9ffffff88ffffffa3ffffffff
{:ts "2026-06-18T12:51:49.842294425Z", :level :debug, :message "Submitting resolution", :context {:caller "0xRes", :workflow-id 0}}
{:ts "2026-06-18T12:51:49.842436206Z", :level :warn, :message "capture-event-evidence! called without :ctx/run-id in attribution — evidence will be orphaned", :context {:resolved-attr {}}}
Captured event evidence: fraud-slash-proposed hash: sha256:4c0effffffe02f5e41ffffffa77fffffffcbffffff81ffffff8941ffffffe1ffffffdcffffffc84cffffffde4e2effffffd022ffffff9effffff9dffffffc5ffffff9226fffffffeffffffdd20ffffffb3ffffffba72
{:ts "2026-06-18T12:51:49.843049458Z", :level :debug, :message "handle-fraud-slashing", :context {:now 1000, :appeal-window 86400}}
{:ts "2026-06-18T12:51:49.843739408Z", :level :warn, :message "capture-event-evidence! called without :ctx/run-id in attribution — evidence will be orphaned", :context {:resolved-attr {:subject/type :resolver, :subject/id "0xRes", :action/type :slash, :evidence/reason :slashing}}}
Captured event evidence: slashing hash: sha256:50ffffff940fffffffaa385c2bffffffcf7115ffffff91ffffffb7ffffffe34cffffffac7d3e70ffffff81ffffff9360392c6effffff9a203544ffffff8bffffff976b40
{:ts "2026-06-18T12:51:49.844364774Z", :level :warn, :message "capture-event-evidence! called without :ctx/run-id in attribution — evidence will be orphaned", :context {:resolved-attr {:subject/type :resolver, :subject/id "0xRes", :action/type :resolver/unavailable, :evidence/reason :resolver-unavailability-changed}}}
Captured event evidence: resolver-unavailability-changed hash: sha256:ffffff96ffffff94ffffffcaffffffcf64ffffff8effffff9cfffffff9ffffffc42a3973fffffffc5517ffffffa67cffffffde64ffffff8e2affffffd0ffffffacffffffa2ffffff8d224d6326496efffffff6
Captured event evidence: :slash/prorata-allocation hash: nil

Testing resolver-sim.protocols.sew.phase-m-test
{:ts "2026-06-18T12:51:49.846462445Z", :level :warn, :message "capture-event-evidence! called without :ctx/run-id in attribution — evidence will be orphaned", :context {:resolved-attr {:subject/type :resolver, :subject/id "0xRes0", :action/type :stake/register, :evidence/reason :stake-registered}}}
Captured event evidence: stake-registered hash: sha256:08ffffffe5ffffffe55b3dffffffa66434ffffffb5ffffff95ffffff93fffffff41c266dffffffa5ffffffc4fffffff4ffffffde4fffffffa4ffffff80ffffffa0ffffffaffffffff6ffffffc9ffffffa2fffffff4ffffffb9ffffff866d26
{:ts "2026-06-18T12:51:49.846991015Z", :level :warn, :message "capture-event-evidence! called without :ctx/run-id in attribution — evidence will be orphaned", :context {:resolved-attr {:subject/type :resolver, :subject/id "0xRes1", :action/type :stake/register, :evidence/reason :stake-registered}}}
Captured event evidence: stake-registered hash: sha256:ffffffd3fffffff7ffffffaffffffff4ffffff81ffffffb7ffffffd7fffffff1ffffff9b56ffffffa0ffffff95ffffffbb3cffffffdc446952ffffffe704ffffff8f4034ffffff91ffffffb7604137ffffffedffffff9208ffffff88
{:ts "2026-06-18T12:51:49.847503235Z", :level :warn, :message "capture-event-evidence! called without :ctx/run-id in attribution — evidence will be orphaned", :context {:resolved-attr {:subject/type :resolver, :subject/id "0xRes2", :action/type :stake/register, :evidence/reason :stake-registered}}}
Captured event evidence: stake-registered hash: sha256:ffffffda1bffffff9f70ffffffa5ffffffbaffffffe2ffffffe25359115d38187538ffffffa26cffffffdbffffffbb0fffffffc6ffffffa9ffffffaaffffffe7166566ffffffc91b59ffffffe6
{:ts "2026-06-18T12:51:49.848039260Z", :level :warn, :message "capture-event-evidence! called without :ctx/run-id in attribution — evidence will be orphaned", :context {:resolved-attr {:subject/type :escrow, :subject/id 0, :action/type :escrow/create, :evidence/reason :escrow-created}}}
Captured event evidence: escrow-created hash: sha256:1cffffffdc615f506319ffffffc063ffffff9c07ffffffb60f26ffffffba184604ffffffef10fffffffb363a05ffffffd21d4d015cffffffe64dffffffa4
{:ts "2026-06-18T12:51:49.848710243Z", :level :warn, :message "capture-event-evidence! called without :ctx/run-id in attribution — evidence will be orphaned", :context {:resolved-attr {:subject/type :dispute, :subject/id 0, :action/type :dispute/raise, :evidence/reason :dispute-raised}}}
Captured event evidence: dispute-raised hash: sha256:1966ffffffd2745efffffff321ffffffea15523b30ffffffe2ffffffb8ffffffb0ffffffc0ffffffa1ffffffc05310ffffff89ffffff93ffffffdfffffffd1ffffffffffffffa60870ffffffb677ffffffb0fffffff0
{:ts "2026-06-18T12:51:49.849320680Z", :level :debug, :message "Submitting resolution", :context {:caller "0xRes0", :workflow-id 0}}
{:ts "2026-06-18T12:51:49.849500314Z", :level :warn, :message "capture-event-evidence! called without :ctx/run-id in attribution — evidence will be orphaned", :context {:resolved-attr {:subject/type :bond, :subject/id "0-0xBuyer", :action/type :bond/post, :evidence/reason :bond-posted}}}
Captured event evidence: bond-posted hash: sha256:ffffffc5266c173851ffffffd8ffffffe8ffffff84ffffff83ffffff8a4cffffff9e521009ffffff9539ffffffb3ffffffaa7b070459023865425dffffffce3cffffffc7
{:ts "2026-06-18T12:51:49.850200082Z", :level :warn, :message "capture-event-evidence! called without :ctx/run-id in attribution — evidence will be orphaned", :context {:resolved-attr {:subject/type :dispute, :subject/id 0, :action/type :dispute/escalate, :evidence/reason :dispute-escalated}}}
Captured event evidence: dispute-escalated hash: sha256:ffffffa41623ffffffa76affffffac3cffffffbc6a26737479ffffffeeffffff8e58ffffff85ffffffc155ffffff933fffffffc75202ffffff92fffffffa1901ffffffeb4b56ffffff90
{:ts "2026-06-18T12:51:49.850895271Z", :level :debug, :message "Submitting resolution", :context {:caller "0xRes1", :workflow-id 0}}
{:ts "2026-06-18T12:51:49.851412730Z", :level :warn, :message "capture-event-evidence! called without :ctx/run-id in attribution — evidence will be orphaned", :context {:resolved-attr {:subject/type :bond, :subject/id "0-0xBuyer", :action/type :bond/post, :evidence/reason :bond-posted}}}
Captured event evidence: bond-posted hash: sha256:ffffffec27ffffffa8ffffffe0ffffff92ffffffc373331051574537fffffff02dffffffc5ffffffb5ffffffdaffffff85ffffffbfffffffeeffffffe8ffffffbd30ffffffb3ffffffecffffffffffffffad0e7cfffffff228
{:ts "2026-06-18T12:51:49.852182863Z", :level :warn, :message "capture-event-evidence! called without :ctx/run-id in attribution — evidence will be orphaned", :context {:resolved-attr {:subject/type :dispute, :subject/id 0, :action/type :dispute/challenge, :evidence/reason :resolution-challenged}}}
Captured event evidence: resolution-challenged hash: sha256:ffffff9846765bffffffeeffffffac7e11ffffff9fffffffe0ffffffb7fffffffeffffff8fffffffeaffffff8cffffff97027dffffffc46e05ffffff8e0fffffffb4771226ffffffe8ffffffa8452853
{:ts "2026-06-18T12:51:49.852962444Z", :level :debug, :message "Submitting resolution", :context {:caller "0xRes2", :workflow-id 0}}
{:ts "2026-06-18T12:51:49.853149862Z", :level :warn, :message "capture-event-evidence! called without :ctx/run-id in attribution — evidence will be orphaned", :context {:resolved-attr {:subject/type :escrow, :subject/id 0, :action/type :escrow/released, :evidence/reason :escrow-released}}}
Captured event evidence: escrow-released hash: sha256:61fffffffd1772333effffffd4ffffffba3dffffffe9fffffff6ffffffcd16ffffffd8ffffffa25f25ffffffae2e0061ffffffc9ffffff8c544c02773affffff98ffffffa31affffffdd

FAIL in (evidence-updated-persists-across-levels) (phase_m_test.clj:139)
evidence-updated? flag persists across multiple reversals (Solidity semantics)
L2 reversal also uses Track 2 (evidence-updated? still true)
expected: (= :pending (get-in world [:pending-fraud-slashes slash-l1-id :status]))
  actual: (not (= :pending nil))
{:ts "2026-06-18T12:51:49.856602053Z", :level :warn, :message "capture-event-evidence! called without :ctx/run-id in attribution — evidence will be orphaned", :context {:resolved-attr {:subject/type :resolver, :subject/id "0xRes0", :action/type :stake/register, :evidence/reason :stake-registered}}}
Captured event evidence: stake-registered hash: sha256:ffffffcfffffff8bffffff9f14470fffffffe5ffffffc82d47fffffff2ffffff82ffffffba7fffffffd6fffffffc2efffffff37effffffb2ffffffb56308fffffff170ffffff823c3e2440550f
{:ts "2026-06-18T12:51:49.857236587Z", :level :warn, :message "capture-event-evidence! called without :ctx/run-id in attribution — evidence will be orphaned", :context {:resolved-attr {:subject/type :resolver, :subject/id "0xRes1", :action/type :stake/register, :evidence/reason :stake-registered}}}
Captured event evidence: stake-registered hash: sha256:0dffffffff25ffffffb215ffffffd6ffffffa9795837332c70ffffffd3ffffff8f38ffffffc26a23ffffffceffffffc2fffffff74d5fffffff835fffffffbf03ffffff915336ffffffc3
{:ts "2026-06-18T12:51:49.857880789Z", :level :warn, :message "capture-event-evidence! called without :ctx/run-id in attribution — evidence will be orphaned", :context {:resolved-attr {:subject/type :escrow, :subject/id 0, :action/type :escrow/create, :evidence/reason :escrow-created}}}
Captured event evidence: escrow-created hash: sha256:ffffffe2112c6affffffb4ffffff87ffffff9fffffff9affffffff47ffffff98fffffff112420bfffffff756ffffffd9ffffff9d50ffffffc7185effffffe33c04ffffffe002fffffffcfffffff4ffffffa109
{:ts "2026-06-18T12:51:49.858619672Z", :level :warn, :message "capture-event-evidence! called without :ctx/run-id in attribution — evidence will be orphaned", :context {:resolved-attr {:subject/type :dispute, :subject/id 0, :action/type :dispute/raise, :evidence/reason :dispute-raised}}}
Captured event evidence: dispute-raised hash: sha256:ffffff8affffffb17dffffffa36a3a1e7219143a11ffffffe171ffffffbefffffff526ffffffd504fffffff52affffffa0fffffffeffffffda01ffffffb632ffffffd477ffffffa12cffffffff
{:ts "2026-06-18T12:51:49.859235088Z", :level :debug, :message "Submitting resolution", :context {:caller "0xRes0", :workflow-id 0}}
{:ts "2026-06-18T12:51:49.859555040Z", :level :warn, :message "capture-event-evidence! called without :ctx/run-id in attribution — evidence will be orphaned", :context {:resolved-attr {:subject/type :bond, :subject/id "0-0xBuyer", :action/type :bond/post, :evidence/reason :bond-posted}}}
Captured event evidence: bond-posted hash: sha256:6fffffffd1ffffffd0ffffffee76561c50ffffffa2ffffffcf0856ffffffb0ffffffefffffffbcffffffb1ffffffb87bffffff9affffff8fffffffc3ffffff9e4cffffffdaffffff92ffffffd3ffffff9565fffffff7ffffff8100ffffffa2
{:ts "2026-06-18T12:51:49.860203270Z", :level :warn, :message "capture-event-evidence! called without :ctx/run-id in attribution — evidence will be orphaned", :context {:resolved-attr {:subject/type :dispute, :subject/id 0, :action/type :dispute/escalate, :evidence/reason :dispute-escalated}}}
Captured event evidence: dispute-escalated hash: sha256:3affffff8fffffffb233fffffff5ffffffb31affffffccffffff9b1effffff810316ffffffaf14ffffff95ffffffa1ffffffd020ffffffbfffffff9ffffffff3fffffffaffffffc3ffffff99ffffffe8ffffffecffffffc4ffffffa4ffffff90ffffffb8ffffffd3
{:ts "2026-06-18T12:51:49.861024650Z", :level :debug, :message "Submitting resolution", :context {:caller "0xRes1", :workflow-id 0}}
{:ts "2026-06-18T12:51:49.861491393Z", :level :warn, :message "capture-event-evidence! called without :ctx/run-id in attribution — evidence will be orphaned", :context {:resolved-attr {:subject/type :resolver, :subject/id "0xRes0", :action/type :stake/register, :evidence/reason :stake-registered}}}
Captured event evidence: stake-registered hash: sha256:1bffffffad1bfffffff2ffffff89ffffffd5ffffff9506ffffffa523fffffff235ffffffbfffffffae7cffffffcbffffffd6270574ffffffe874454dffffffa32d5cffffffad50fffffff6ffffffa827
{:ts "2026-06-18T12:51:49.862130645Z", :level :warn, :message "capture-event-evidence! called without :ctx/run-id in attribution — evidence will be orphaned", :context {:resolved-attr {:subject/type :resolver, :subject/id "0xRes1", :action/type :stake/register, :evidence/reason :stake-registered}}}
Captured event evidence: stake-registered hash: sha256:4755725ffffffff7ffffff9bffffff9dffffff90fffffff65effffff8f01ffffffb6182c42ffffff9dffffffab2f11ffffffb832ffffff99ffffffcaffffffa64951ffffffa768ffffffc5ffffffc839
{:ts "2026-06-18T12:51:49.862837958Z", :level :warn, :message "capture-event-evidence! called without :ctx/run-id in attribution — evidence will be orphaned", :context {:resolved-attr {:subject/type :escrow, :subject/id 0, :action/type :escrow/create, :evidence/reason :escrow-created}}}
Captured event evidence: escrow-created hash: sha256:ffffff80ffffffa3ffffffdc4effffff921575ffffff98585b5effffff9e544275ffffffaf373affffffb61c6726ffffffed5310ffffffeeffffffb8034927fffffff8ffffff8b
{:ts "2026-06-18T12:51:49.863814535Z", :level :warn, :message "capture-event-evidence! called without :ctx/run-id in attribution — evidence will be orphaned", :context {:resolved-attr {:subject/type :dispute, :subject/id 0, :action/type :dispute/raise, :evidence/reason :dispute-raised}}}
Captured event evidence: dispute-raised hash: sha256:ffffffdcffffff9d5b56ffffffe6ffffffa4ffffffb75c2dffffffdfffffffb55120115effffff851f29ffffff957dffffffeaffffff84ffffffde2808ffffffc073fffffffaffffff96754a75
{:ts "2026-06-18T12:51:49.864559419Z", :level :debug, :message "Submitting resolution", :context {:caller "0xRes0", :workflow-id 0}}
{:ts "2026-06-18T12:51:49.864750445Z", :level :warn, :message "capture-event-evidence! called without :ctx/run-id in attribution — evidence will be orphaned", :context {:resolved-attr {:subject/type :bond, :subject/id "0-0xBuyer", :action/type :bond/post, :evidence/reason :bond-posted}}}
Captured event evidence: bond-posted hash: sha256:42ffffffb5ffffffbc046d27fffffff3ffffffcdffffffe4fffffffdffffff9728ffffffb7ffffffbb18ffffffc2ffffffacffffff8702ffffff91133fffffffa73dffffffb7ffffff8cffffffbcffffffbc6bffffff9066ffffffcf
{:ts "2026-06-18T12:51:49.865566665Z", :level :warn, :message "capture-event-evidence! called without :ctx/run-id in attribution — evidence will be orphaned", :context {:resolved-attr {:subject/type :dispute, :subject/id 0, :action/type :dispute/escalate, :evidence/reason :dispute-escalated}}}
Captured event evidence: dispute-escalated hash: sha256:79732a5fffffffc67c29ffffff8effffffc420ffffffa7ffffff8f08ffffffa72a4dffffffa7fffffffd76ffffff8b6660ffffff84357affffffa83b4cfffffff0ffffffdd0dffffffd5
{:ts "2026-06-18T12:51:49.866608367Z", :level :debug, :message "Submitting resolution", :context {:caller "0xRes1", :workflow-id 0}}
{:ts "2026-06-18T12:51:49.866764406Z", :level :warn, :message "capture-event-evidence! called without :ctx/run-id in attribution — evidence will be orphaned", :context {:resolved-attr {:subject/type :resolver, :subject/id "0xRes0", :action/type :slash, :evidence/reason :slashing}}}
Captured event evidence: slashing hash: sha256:ffffffc84a0008093e37ffffff84ffffffde4bffffffdb0affffffdfffffff892bffffffa03effffffb646ffffffd224ffffffea20fffffffc2bffffffc2ffffffdeffffffa6ffffff9f2950fffffff3
{:ts "2026-06-18T12:51:49.867994177Z", :level :debug, :message "Submitting resolution", :context {:caller "0xRes1", :workflow-id 0}}
{:ts "2026-06-18T12:51:49.868576451Z", :level :warn, :message "capture-event-evidence! called without :ctx/run-id in attribution — evidence will be orphaned", :context {:resolved-attr {:subject/type :resolver, :subject/id "0xRes0", :action/type :slash/appeal, :evidence/reason :fraud-slash-appealed}}}
Captured event evidence: fraud-slash-appealed hash: sha256:fffffff954ffffff85455654ffffffc63effffffffffffff816f78ffffff86ffffff94fffffff05f3d7cffffffaf2a04185affffffe8710affffff80ffffff9a5effffffbbffffffe6ffffffdf
{:ts "2026-06-18T12:51:49.869637660Z", :level :debug, :message "Resolving appeal", :context {:appeal-upheld? true, :workflow-id 0, :slash-id "0-reversal-0"}}
{:ts "2026-06-18T12:51:49.869727432Z", :level :warn, :message "capture-event-evidence! called without :ctx/run-id in attribution — evidence will be orphaned", :context {:resolved-attr {:subject/type :slash, :subject/id "0-reversal-0", :action/type :slash/resolve-appeal, :evidence/reason :slash-appeal/reversed}}}
Captured event evidence: reversed hash: sha256:0749ffffffe5ffffff86524bfffffffffffffff804ffffffbdffffffec707c32ffffffa936ffffffbc23ffffff824b61ffffffca290affffff8977ffffffe652ffffff8f480e1b

Testing resolver-sim.scenario.expectations-test

Testing resolver-sim.scenario.equilibrium-test
DEBUG: terminal-world trace count: 2
DEBUG: last entry has world?: true
DEBUG: terminal-world trace count: 1
DEBUG: last entry has world?: true
DEBUG: terminal-world trace count: 1
DEBUG: last entry has world?: true
DEBUG: terminal-world trace count: 1
DEBUG: last entry has world?: true
DEBUG: terminal-world trace count: 1
DEBUG: last entry has world?: true
DEBUG: terminal-world trace count: 1
DEBUG: last entry has world?: true
DEBUG: terminal-world trace count: 1
DEBUG: last entry has world?: true
DEBUG: terminal-world trace count: 1
DEBUG: last entry has world?: true
DEBUG: terminal-world trace count: 1
DEBUG: last entry has world?: true
DEBUG: terminal-world trace count: 1
DEBUG: last entry has world?: true
DEBUG: terminal-world trace count: 1
DEBUG: last entry has world?: true
DEBUG: terminal-world trace count: 1
DEBUG: last entry has world?: true
DEBUG: terminal-world trace count: 2
DEBUG: last entry has world?: true
DEBUG: terminal-world trace count: 2
DEBUG: last entry has world?: true
DEBUG: terminal-world trace count: 2
DEBUG: last entry has world?: true
DEBUG: terminal-world trace count: 2
DEBUG: last entry has world?: true
DEBUG: terminal-world trace count: 2
DEBUG: last entry has world?: true
DEBUG: terminal-world trace count: 2
DEBUG: last entry has world?: true
DEBUG: terminal-world trace count: 2
DEBUG: last entry has world?: true
DEBUG: result status: :fail offending: [{:metric :profitable-deviation, :node/id 1|resolver|execute_resolution, :regret 100, :agent resolver}]
DEBUG: terminal-world trace count: 4
DEBUG: last entry has world?: true
DEBUG: terminal-world trace count: 2
DEBUG: last entry has world?: true
DEBUG: terminal-world trace count: 2
DEBUG: last entry has world?: true
DEBUG: terminal-world trace count: 1
DEBUG: last entry has world?: true
DEBUG: terminal-world trace count: 2
DEBUG: last entry has world?: true
DEBUG: terminal-world trace count: 2
DEBUG: last entry has world?: true
DEBUG: terminal-world trace count: 2
DEBUG: last entry has world?: true
DEBUG: terminal-world trace count: 2
DEBUG: last entry has world?: true
DEBUG: terminal-world trace count: 2
DEBUG: last entry has world?: true
DEBUG: terminal-world trace count: 4
DEBUG: last entry has world?: true
DEBUG: terminal-world trace count: 2
DEBUG: last entry has world?: true
DEBUG: terminal-world trace count: 2
DEBUG: last entry has world?: true
DEBUG: terminal-world trace count: 4
DEBUG: last entry has world?: true
DEBUG: terminal-world trace count: 4
DEBUG: last entry has world?: true
DEBUG: terminal-world trace count: 2
DEBUG: last entry has world?: true
DEBUG: terminal-world trace count: 2
DEBUG: last entry has world?: true
DEBUG: terminal-world trace count: 2
DEBUG: last entry has world?: true
DEBUG: terminal-world trace count: 2
DEBUG: last entry has world?: true
DEBUG: terminal-world trace count: 2
DEBUG: last entry has world?: true
DEBUG: terminal-world trace count: 1
DEBUG: last entry has world?: true
DEBUG: terminal-world trace count: 1
DEBUG: last entry has world?: true

Testing resolver-sim.sim.multi-epoch-test

🔁 Running Phase J: Multi-Epoch Reputation Simulation
   Epochs: 8
   Trials per epoch: 80
   Initial resolvers: 10
   Strategy mix: {:honest 0.6, :lazy 0.1, :malicious 0.2, :collusive 0.1}

   Epoch 1: honest=150, malice=-9, dominance=Infinity×
   Epoch 2: honest=150, malice=-122, dominance=Infinity×
   Epoch 3: honest=150, malice=-84, dominance=Infinity×
   Epoch 4: honest=150, malice=-19, dominance=Infinity×
   Epoch 5: honest=150, malice=-75, dominance=Infinity×
   Epoch 6: honest=150, malice=-66, dominance=Infinity×
   Epoch 7: honest=150, malice=-19, dominance=Infinity×
   Epoch 8: honest=150, malice=-159, dominance=Infinity×

✓ Phase J complete. Final state:
   Resolvers exited: 3 (4 slashed, 0 natural)
   Honest cumulative: 96000
   Malice cumulative: -35250
   Win rate - honest: 100.0%
   Win rate - malice: 0.0%


── Stochastic Equilibrium Claims ─────────────────────────────────────────
  ✅ strategy-adaptation-compatibility        no strategy-space mismatch detected for adaptation targets
  ✅ malice-net-profit-negative               Malice cumulative profit = -35250 < 0: slashing deters net profit
  ✅ honest-dominates                         dominance-ratio=Infinity ≥ 1.2 at final epoch 8
  ✅ slashing-deters                          malice win-rate=0.0% < honest=100.0%: slashing reduces win frequency
  ❌ participation-stable                     exit-rate=30.0% ≥ 20%: significant resolver attrition
  ❌ honest-survival-rate                     honest survival=100.0% ≤ malice survival=100.0%

  Overall: fail  (4/6 claims pass (2 fail, 0 inconclusive))

── Mechanism-Property Proxies (multi-epoch population) ────────────────────
  ❌ budget-balance                           net value sum=60750 suggests outflow imbalance (honest=96000 malice=-35250)
  ✅ collusion-resistance                     malice pool ×1.00 of initial (≤1.1): no coalition growth detected
  ✅ incentive-compatibility                  honest profit=96000≥malice=-35250 and win-rate=100.0%≥0.0%
  ✅ individual-rationality                   honest cumulative profit=96000 > 0: participation individually rational

  Mechanism proxies: fail
───────────────────────────────────────────────────────────────────────────

🔁 Running Phase J: Multi-Epoch Reputation Simulation
   Epochs: 2
   Trials per epoch: 20
   Initial resolvers: 10
   Strategy mix: {:honest 0.6, :lazy 0.1, :malicious 0.2, :collusive 0.1}

   Epoch 1: honest=150, malice=-188, dominance=Infinity×
   Epoch 2: honest=150, malice=113, dominance=1.3×

✓ Phase J complete. Final state:
   Resolvers exited: 0 (0 slashed, 0 natural)
   Honest cumulative: 6000
   Malice cumulative: -1500
   Win rate - honest: 100.0%
   Win rate - malice: 0.0%


── Stochastic Equilibrium Claims ─────────────────────────────────────────
  ✅ strategy-adaptation-compatibility        no strategy-space mismatch detected for adaptation targets
  ✅ malice-net-profit-negative               Malice cumulative profit = -1500 < 0: slashing deters net profit
  ✅ honest-dominates                         dominance-ratio=1.33 ≥ 1.2 at final epoch 2
  ✅ slashing-deters                          malice win-rate=0.0% < honest=100.0%: slashing reduces win frequency
  ✅ participation-stable                     exit-rate=0.0% < 20%: resolver pool is stable
  ❌ honest-survival-rate                     honest survival=100.0% ≤ malice survival=100.0%

  Overall: fail  (5/6 claims pass (1 fail, 0 inconclusive))

── Mechanism-Property Proxies (multi-epoch population) ────────────────────
  ❌ budget-balance                           net value sum=4500 suggests outflow imbalance (honest=6000 malice=-1500)
  ✅ collusion-resistance                     malice pool ×1.00 of initial (≤1.1): no coalition growth detected
  ✅ incentive-compatibility                  honest profit=6000≥malice=-1500 and win-rate=100.0%≥0.0%
  ✅ individual-rationality                   honest cumulative profit=6000 > 0: participation individually rational

  Mechanism proxies: fail
───────────────────────────────────────────────────────────────────────────

🔁 Running Phase J: Multi-Epoch Reputation Simulation
   Epochs: 5
   Trials per epoch: 100
   Initial resolvers: 10
   Strategy mix: {:honest 0.6, :lazy 0.1, :malicious 0.2, :collusive 0.1}

   Epoch 1: honest=150, malice=-30, dominance=Infinity×
   Epoch 2: honest=150, malice=45, dominance=3.3×
   Epoch 3: honest=150, malice=-90, dominance=Infinity×
   Epoch 4: honest=150, malice=-60, dominance=Infinity×
   Epoch 5: honest=150, malice=8, dominance=20.0×

✓ Phase J complete. Final state:
   Resolvers exited: 2 (2 slashed, 0 natural)
   Honest cumulative: 75000
   Malice cumulative: -2250
   Win rate - honest: 100.0%
   Win rate - malice: 0.0%


── Stochastic Equilibrium Claims ─────────────────────────────────────────
  ✅ strategy-adaptation-compatibility        no strategy-space mismatch detected for adaptation targets
  ✅ malice-net-profit-negative               Malice cumulative profit = -2250 < 0: slashing deters net profit
  ✅ honest-dominates                         dominance-ratio=20.00 ≥ 1.2 at final epoch 5
  ✅ slashing-deters                          malice win-rate=0.0% < honest=100.0%: slashing reduces win frequency
  ❌ participation-stable                     exit-rate=20.0% ≥ 20%: significant resolver attrition
  ❌ honest-survival-rate                     honest survival=100.0% ≤ malice survival=100.0%

  Overall: fail  (4/6 claims pass (2 fail, 0 inconclusive))

── Mechanism-Property Proxies (multi-epoch population) ────────────────────
  ❌ budget-balance                           net value sum=72750 suggests outflow imbalance (honest=75000 malice=-2250)
  ✅ collusion-resistance                     malice pool ×1.00 of initial (≤1.1): no coalition growth detected
  ✅ incentive-compatibility                  honest profit=75000≥malice=-2250 and win-rate=100.0%≥0.0%
  ✅ individual-rationality                   honest cumulative profit=75000 > 0: participation individually rational

  Mechanism proxies: fail
───────────────────────────────────────────────────────────────────────────

🔁 Running Phase J: Multi-Epoch Reputation Simulation
   Epochs: 5
   Trials per epoch: 100
   Initial resolvers: 10
   Strategy mix: {:honest 0.6, :lazy 0.1, :malicious 0.2, :collusive 0.1}

   Epoch 1: honest=150, malice=-225, dominance=Infinity×
   Epoch 2: honest=150, malice=15, dominance=10.0×
   Epoch 3: honest=150, malice=-60, dominance=Infinity×
   Epoch 4: honest=150, malice=-218, dominance=Infinity×
   Epoch 5: honest=150, malice=-158, dominance=Infinity×

✓ Phase J complete. Final state:
   Resolvers exited: 0 (0 slashed, 0 natural)
   Honest cumulative: 75000
   Malice cumulative: -64500
   Win rate - honest: 100.0%
   Win rate - malice: 0.0%


── Stochastic Equilibrium Claims ─────────────────────────────────────────
  ✅ strategy-adaptation-compatibility        no strategy-space mismatch detected for adaptation targets
  ✅ malice-net-profit-negative               Malice cumulative profit = -64500 < 0: slashing deters net profit
  ✅ honest-dominates                         dominance-ratio=Infinity ≥ 1.2 at final epoch 5
  ✅ slashing-deters                          malice win-rate=0.0% < honest=100.0%: slashing reduces win frequency
  ✅ participation-stable                     exit-rate=0.0% < 20%: resolver pool is stable
  ❌ honest-survival-rate                     honest survival=100.0% ≤ malice survival=100.0%

  Overall: fail  (5/6 claims pass (1 fail, 0 inconclusive))

── Mechanism-Property Proxies (multi-epoch population) ────────────────────
  ❌ budget-balance                           net value sum=10500 suggests outflow imbalance (honest=75000 malice=-64500)
  ✅ collusion-resistance                     malice pool ×1.00 of initial (≤1.1): no coalition growth detected
  ✅ incentive-compatibility                  honest profit=75000≥malice=-64500 and win-rate=100.0%≥0.0%
  ✅ individual-rationality                   honest cumulative profit=75000 > 0: participation individually rational

  Mechanism proxies: fail
───────────────────────────────────────────────────────────────────────────

🔁 Running Phase J: Multi-Epoch Reputation Simulation
   Epochs: 2
   Trials per epoch: 2000
   Initial resolvers: 10
   Strategy mix: {:honest 0.6, :lazy 0.1, :malicious 0.2, :collusive 0.1}

   Epoch 1: honest=150, malice=-118, dominance=Infinity×
   Epoch 2: honest=150, malice=-118, dominance=Infinity×

✓ Phase J complete. Final state:
   Resolvers exited: 1 (1 slashed, 0 natural)
   Honest cumulative: 600000
   Malice cumulative: -334500
   Win rate - honest: 100.0%
   Win rate - malice: 0.0%


── Stochastic Equilibrium Claims ─────────────────────────────────────────
  ⚠️ strategy-adaptation-compatibility        
  ✅ malice-net-profit-negative               Malice cumulative profit = -334500 < 0: slashing deters net profit
  ✅ honest-dominates                         dominance-ratio=Infinity ≥ 1.2 at final epoch 2
  ✅ slashing-deters                          malice win-rate=0.0% < honest=100.0%: slashing reduces win frequency
  ✅ participation-stable                     exit-rate=10.0% < 20%: resolver pool is stable
  ❌ honest-survival-rate                     honest survival=100.0% ≤ malice survival=100.0%

  Overall: fail  (4/6 claims pass (1 fail, 1 inconclusive))

── Mechanism-Property Proxies (multi-epoch population) ────────────────────
  ❌ budget-balance                           net value sum=265500 suggests outflow imbalance (honest=600000 malice=-334500)
  ✅ collusion-resistance                     malice pool ×1.00 of initial (≤1.1): no coalition growth detected
  ✅ incentive-compatibility                  honest profit=600000≥malice=-334500 and win-rate=100.0%≥0.0%
  ✅ individual-rationality                   honest cumulative profit=600000 > 0: participation individually rational

  Mechanism proxies: fail
───────────────────────────────────────────────────────────────────────────

🔁 Running Phase J: Multi-Epoch Reputation Simulation
   Epochs: 5
   Trials per epoch: 50
   Initial resolvers: 10
   Strategy mix: {:honest 0.6, :lazy 0.1, :malicious 0.2, :collusive 0.1}

   Epoch 1: honest=150, malice=-90, dominance=Infinity×
   Epoch 2: honest=150, malice=75, dominance=2.0×
   Epoch 3: honest=150, malice=-150, dominance=Infinity×
   Epoch 4: honest=150, malice=-30, dominance=Infinity×
   Epoch 5: honest=150, malice=-75, dominance=Infinity×

✓ Phase J complete. Final state:
   Resolvers exited: 2 (1 slashed, 1 natural)
   Honest cumulative: 37500
   Malice cumulative: -9300
   Win rate - honest: 100.0%
   Win rate - malice: 0.0%


── Stochastic Equilibrium Claims ─────────────────────────────────────────
  ✅ strategy-adaptation-compatibility        no strategy-space mismatch detected for adaptation targets
  ✅ malice-net-profit-negative               Malice cumulative profit = -9300 < 0: slashing deters net profit
  ✅ honest-dominates                         dominance-ratio=Infinity ≥ 1.2 at final epoch 5
  ✅ slashing-deters                          malice win-rate=0.0% < honest=100.0%: slashing reduces win frequency
  ❌ participation-stable                     exit-rate=20.0% ≥ 20%: significant resolver attrition
  ❌ honest-survival-rate                     honest survival=100.0% ≤ malice survival=100.0%

  Overall: fail  (4/6 claims pass (2 fail, 0 inconclusive))

── Mechanism-Property Proxies (multi-epoch population) ────────────────────
  ❌ budget-balance                           net value sum=28200 suggests outflow imbalance (honest=37500 malice=-9300)
  ✅ collusion-resistance                     malice pool ×1.00 of initial (≤1.1): no coalition growth detected
  ✅ incentive-compatibility                  honest profit=37500≥malice=-9300 and win-rate=100.0%≥0.0%
  ✅ individual-rationality                   honest cumulative profit=37500 > 0: participation individually rational

  Mechanism proxies: fail
───────────────────────────────────────────────────────────────────────────

🔁 Running Phase J: Multi-Epoch Reputation Simulation
   Epochs: 5
   Trials per epoch: 50
   Initial resolvers: 10
   Strategy mix: {:honest 0.6, :lazy 0.1, :malicious 0.2, :collusive 0.1}

   Epoch 1: honest=150, malice=-90, dominance=Infinity×
   Epoch 2: honest=150, malice=75, dominance=2.0×
   Epoch 3: honest=150, malice=-150, dominance=Infinity×
   Epoch 4: honest=150, malice=-30, dominance=Infinity×
   Epoch 5: honest=150, malice=-75, dominance=Infinity×

✓ Phase J complete. Final state:
   Resolvers exited: 2 (1 slashed, 1 natural)
   Honest cumulative: 37500
   Malice cumulative: -9300
   Win rate - honest: 100.0%
   Win rate - malice: 0.0%


── Stochastic Equilibrium Claims ─────────────────────────────────────────
  ✅ strategy-adaptation-compatibility        no strategy-space mismatch detected for adaptation targets
  ✅ malice-net-profit-negative               Malice cumulative profit = -9300 < 0: slashing deters net profit
  ✅ honest-dominates                         dominance-ratio=Infinity ≥ 1.2 at final epoch 5
  ✅ slashing-deters                          malice win-rate=0.0% < honest=100.0%: slashing reduces win frequency
  ❌ participation-stable                     exit-rate=20.0% ≥ 20%: significant resolver attrition
  ❌ honest-survival-rate                     honest survival=100.0% ≤ malice survival=100.0%

  Overall: fail  (4/6 claims pass (2 fail, 0 inconclusive))

── Mechanism-Property Proxies (multi-epoch population) ────────────────────
  ❌ budget-balance                           net value sum=28200 suggests outflow imbalance (honest=37500 malice=-9300)
  ✅ collusion-resistance                     malice pool ×1.00 of initial (≤1.1): no coalition growth detected
  ✅ incentive-compatibility                  honest profit=37500≥malice=-9300 and win-rate=100.0%≥0.0%
  ✅ individual-rationality                   honest cumulative profit=37500 > 0: participation individually rational

  Mechanism proxies: fail
───────────────────────────────────────────────────────────────────────────

Testing resolver-sim.sim.defection-test

Testing resolver-sim.sim.strategy-adaptation-test

Testing resolver-sim.sim.waterfall-test

Testing resolver-sim.io.scenario-fixture-parity-test

Testing resolver-sim.contract-model.replay-batch-test
{:ts "2026-06-18T12:51:50.674182914Z", :level :info, :message "scenario/end", :context {:id "batch-test", :outcome :pass, :ctx/scenario-id "batch-test", :ctx/run-id "batch-test-run"}}
{:ts "2026-06-18T12:51:50.674420348Z", :level :info, :message "scenario/start", :context {:id "batch-test", :ctx/scenario-id "batch-test", :ctx/run-id "batch-test-run"}}
{:ts "2026-06-18T12:51:50.679278598Z", :level :info, :message "scenario/end", :context {:id "batch-test", :outcome :pass, :ctx/scenario-id "batch-test", :ctx/run-id "batch-test-run"}}
{:ts "2026-06-18T12:51:50.679412855Z", :level :info, :message "scenario/start", :context {:id "batch-test", :ctx/scenario-id "batch-test", :ctx/run-id "batch-test-run"}}
Captured event evidence: escrow-created hash: sha256:095affffffbeffffffe9ffffffd0540bffffffad2c1079fffffff97cffffffa3ffffffb251ffffff97ffffffee757e4e2836ffffffacffffffb2263b3affffffd4ffffffceffffff83ffffffa3
Captured event evidence: escrow-created hash: sha256:ffffffc2ffffffb6ffffffd7ffffffb2ffffffe6ffffffce32116b73ffffff8effffff98ffffffceffffff8961fffffffe77ffffff82254effffffdc0a3effffffd2ffffffbeffffffb2ffffff9739ffffffea06ffffff9c60
Captured event evidence: escrow-created hash: sha256:74110665343b606009ffffffaa32ffffff95087effffffe1fffffff959ffffffc6ffffffedffffffc4ffffffaa5cffffff87ffffffc21bffffffb5ffffff9342ffffffd104ffffff9e23
Captured event evidence: escrow-created hash: sha256:ffffffb345ffffff90ffffffbd64ffffffe5ffffffacffffffe20c26ffffffcc5f74696cffffffccffffffac7cffffffe6fffffff612ffffffd5ffffffee5affffffe141ffffffcc77ffffffc7311effffffa0
Captured event evidence: dispute-raised hash: sha256:335e500058383bffffff82640f350777ffffffe8ffffff987bffffffa0711effffff8427ffffff9effffffadffffff8c06436affffff9542ffffffb907ffffffc8
Captured event evidence: dispute-raised hash: sha256:ffffffcd0afffffff7ffffffc029ffffff903b1effffffcdffffff8359ffffff91ffffff80ffffffd31affffff92ffffffdbfffffffbffffffa8ffffffbaffffffceffffffbefffffff3ffffffa0437564ffffff963d59ffffffae2f
Captured event evidence: dispute-raised hash: sha256:ffffffb3ffffffdfffffffd6ffffffac7dffffffb6fffffff3ffffffac19ffffffbc62ffffffa83afffffff8ffffffe0ffffff8519134730ffffffc2396affffff8265fffffff51a38ffffffe6fffffffeffffff8affffffad
Captured event evidence: dispute-raised hash: sha256:23ffffffe3774b1b730afffffff14a320f4cffffffb5ffffffa058ffffffa05affffffa60d4534fffffff9ffffffda13ffffffb1ffffff99ffffffc67dffffffa729fffffff6ffffffde
Captured event evidence: escrow-refunded hash: sha256:ffffffadffffffba57ffffffe4ffffffbe6affffff9c2225ffffffc27bffffff9cfffffff0ffffff8f3e50ffffffce7c7356fffffff525ffffffa7ffffffe64dffffffccffffff93ffffffaf03ffffffbe1bffffffc9
Captured event evidence: escrow-refunded hash: sha256:ffffff99ffffff830252ffffffbdffffffa74a0a76ffffffa1ffffffeafffffff5ffffffe955ffffffba366dffffff82ffffffbcffffffed05ffffffebffffffecffffffad08ffffffcefffffff062ffffffe1ffffff9fffffff8946
Captured event evidence: escrow-refunded hash: sha256:031cffffff906549ffffffed6d7dffffffd9661020ffffffeefffffff265ffffffca74ffffffceffffff97ffffffc04fffffff897bffffff8414190fffffffdb20fffffffb49ffffffe1
Captured event evidence: escrow-refunded hash: sha256:3e485dffffffb91e633a0c38fffffff5ffffff8cffffff85ffffff82ffffffcdffffffd3ffffffffffffffe0ffffffb6ffffffd95e0305ffffff95ffffff85fffffff811ffffff8213ffffffde3fffffffd67a
{:ts "2026-06-18T12:51:50.754404713Z", :level :info, :message "scenario/end", :context {:id "batch-auto-cancel", :outcome :pass, :ctx/scenario-id "batch-auto-cancel", :ctx/run-id "batch-auto-cancel-run"}}
{:ts "2026-06-18T12:51:50.754567053Z", :level :info, :message "scenario/start", :context {:id "batch-auto-cancel", :ctx/scenario-id "batch-auto-cancel", :ctx/run-id "batch-auto-cancel-run"}}
{:ts "2026-06-18T12:51:50.760711091Z", :level :info, :message "scenario/end", :context {:id "batch-test-simple", :outcome :pass, :ctx/scenario-id "batch-test-simple", :ctx/run-id "batch-test-simple-run"}}
{:ts "2026-06-18T12:51:50.760862832Z", :level :info, :message "scenario/start", :context {:id "batch-test-simple", :ctx/scenario-id "batch-test-simple", :ctx/run-id "batch-test-simple-run"}}
{:ts "2026-06-18T12:51:50.764511318Z", :level :info, :message "scenario/end", :context {:id "batch-test", :outcome :pass, :ctx/scenario-id "batch-test", :ctx/run-id "batch-test-run"}}
{:ts "2026-06-18T12:51:50.764625967Z", :level :info, :message "scenario/start", :context {:id "batch-test", :ctx/scenario-id "batch-test", :ctx/run-id "batch-test-run"}}

Testing resolver-sim.contract-model.replay-batch-sew-test
Captured event evidence: escrow-created hash: sha256:ffffffef525566ffffffa3ffffffb9ffffffcdffffff8c3cffffffcf1017ffffffc348ffffff8affffffba4076ffffff8bffffffc905305071ffffffcfffffffa5ffffffb766334f712e
Captured event evidence: escrow-created hash: sha256:205111ffffff9fffffff90ffffffa2556e1736fffffff7fffffff4ffffffb5ffffffa54d66ffffff9b09fffffffeffffff98ffffff8673ffffffd1ffffff9effffffa6ffffff874fffffffa125ffffffc917ffffffa8
Captured event evidence: escrow-created hash: sha256:08ffffffebffffffe138ffffffacfffffffcffffffbeffffff8858fffffff8fffffff5fffffff06835ffffffcb57ffffff8b22781e662c5b3079ffffffabffffffbeffffffbdffffffecffffff8dffffffeaffffffce
Captured event evidence: escrow-created hash: sha256:ffffffc416ffffff9cffffffa64bfffffff5ffffffae3effffffc0ffffffac40ffffffcffffffff1ffffff8affffffaaffffffe4ffffffe6ffffffb6ffffffa9ffffffacffffffff2b493479ffffff987dffffffb5ffffffa15bffffffa1ffffff90
Captured event evidence: dispute-raised hash: sha256:ffffffe438ffffffa96f6dffffffc3ffffffac76ffffffc67852ffffffd967ffffffbaffffffdcffffff86ffffff81fffffff7ffffffd1675dffffffe247fffffffd53ffffffc2584f2328ffffffd94b
Captured event evidence: dispute-raised hash: sha256:070a16471c1a22ffffff800f576e7a63764c695557ffffffc0ffffffa6ffffffc6ffffffedffffffa1ffffff83fffffffdffffffbcfffffff938ffffffd510ffffffaaffffff91
Captured event evidence: dispute-raised hash: sha256:ffffffe30d1647ffffffde4affffffe4ffffff83fffffff1ffffffb63fffffffadffffff9737ffffff874f1105fffffff0ffffff8038ffffff935b3effffff8d2835ffffffe4ffffffc47effffffe6ffffffb5
Captured event evidence: dispute-raised hash: sha256:64fffffff15079ffffff88fffffffdffffff92ffffffe06d22ffffff8b4effffffd03effffffbe6bffffff8f5c6fffffffb3ffffff86ffffffeaffffffc3114a17ffffffd33c6bffffffb05cffffffcc
{:ts "2026-06-18T12:51:50.802956482Z", :level :debug, :message "Submitting resolution", :context {:caller "0xR0", :workflow-id 0}}
Captured event evidence: escrow-released hash: sha256:ffffffda7effffffc8ffffffac4c4767ffffffc7ffffffb84d6302fffffffcffffffd05bffffffdd36410fffffffa0fffffff4ffffffbaffffff87ffffffd552fffffffc6255ffffff99ffffffefffffffb747
{:ts "2026-06-18T12:51:50.808453664Z", :level :debug, :message "Submitting resolution", :context {:caller "0xR1", :workflow-id 1}}
Captured event evidence: escrow-released hash: sha256:0cffffffe218ffffffda19ffffffc9182a0b315fffffffd47625ffffffe475ffffffeb28ffffffcaffffffa2fffffff0ffffffdf6bffffffd14407ffffff823dffffffc7504726
{:ts "2026-06-18T12:51:50.812896549Z", :level :debug, :message "Submitting resolution", :context {:caller "0xR0", :workflow-id 0}}
Captured event evidence: escrow-released hash: sha256:61ffffffee20ffffff9e567a33ffffffee1dffffffa17b611e215346ffffff916affffffd1ffffffbaffffffe25e1308ffffff833c1dffffffe942ffffffecffffffa540
{:ts "2026-06-18T12:51:50.826076361Z", :level :debug, :message "Submitting resolution", :context {:caller "0xR1", :workflow-id 1}}
Captured event evidence: escrow-released hash: sha256:ffffffc7ffffff8dffffffda616a6b1effffffacffffff8cffffffffffffffaeffffffdb03095e5f4b161effffff9e1effffffceffffffa952ffffff852f1371ffffff81ffffffe330ffffffd2
{:ts "2026-06-18T12:51:50.833160999Z", :level :info, :message "scenario/end", :context {:id "batch-sew-test", :outcome :pass, :ctx/scenario-id "batch-sew-test", :ctx/run-id "batch-sew-test-run"}}
{:ts "2026-06-18T12:51:50.833336364Z", :level :info, :message "scenario/start", :context {:id "batch-sew-test", :ctx/scenario-id "batch-sew-test", :ctx/run-id "batch-sew-test-run"}}
Captured event evidence: escrow-created hash: sha256:03ffffffabffffffc9ffffffc6ffffffd72fffffffb17c71ffffff8e0c1bffffffbd53ffffffa5fffffffbffffff860fffffffac107858ffffffe5ffffffae16ffffffd7ffffffe55bffffffc507ffffffff5e
Captured event evidence: escrow-created hash: sha256:ffffffaeffffff8d4570ffffffd2ffffffe04dffffffc7ffffff9f40fffffffeffffff96ffffffdc001c243fffffffe1fffffff70d16ffffffa96c73ffffffc476ffffffc4ffffff9e08ffffffa804ffffffec
Captured event evidence: escrow-created hash: sha256:ffffffd1ffffffe5fffffffa36ffffffebffffffe408ffffff947709636953ffffffd3ffffff90526effffff9cffffffdd2fffffff99ffffffaaffffff9f77ffffffefffffffbcffffff86ffffff8d3f7afffffff7ffffff8d
Captured event evidence: escrow-created hash: sha256:ffffffc04d0c18ffffffa460ffffffe2565affffffcaffffff92ffffffae5f53ffffffa9ffffff944f14ffffffec2efffffff8ffffffddffffffaf19ffffff9dffffffabffffffd9ffffffd6ffffffc6ffffff8dffffffda4d
Captured event evidence: dispute-raised hash: sha256:2effffffcfffffff8055fffffff7ffffffd80bffffffb1ffffff8affffffb0036affffffac22ffffff91ffffffe817ffffff8c47ffffffbe07ffffffeaffffffde3dffffffdb32ffffffd8ffffffbf51322effffffae
Captured event evidence: dispute-raised hash: sha256:ffffff86ffffffd12125ffffffdaffffffbd1d6633ffffffe2ffffffacfffffff87d311affffff80ffffffc276ffffffc627ffffff84132fffffffcd611b1702ffffffdc6bffffffccffffff9a
Captured event evidence: dispute-raised hash: sha256:ffffffb6fffffffcffffffe547ffffff95ffffffd7297effffff8bffffffccffffffe777ffffff8bffffffd6ffffffc644ffffffe3ffffffcaffffffb90163ffffff92ffffff835dffffffebffffffd8ffffffc747ffffffa2282a44
Captured event evidence: dispute-raised hash: sha256:ffffffc5ffffffa6ffffffa81e15fffffff1ffffffd56e1d27ffffffa93affffffdcffffffa8fffffff9ffffff96ffffff947fffffff976fffffff941b313c23ffffffac2d23ffffffee653371
{:ts "2026-06-18T12:51:50.875412691Z", :level :debug, :message "Submitting resolution", :context {:caller "0xR0", :workflow-id 0}}
Captured event evidence: escrow-released hash: sha256:09ffffffecffffffe9293e73ffffffcdffffff86fffffff3ffffffd66a7025ffffffe1ffffffa90864ffffffb0ffffffba2dffffffa302ffffffd35bffffffa1ffffff9a75ffffff9dffffff87ffffffb6ffffffcdffffffb9
{:ts "2026-06-18T12:51:50.879466974Z", :level :debug, :message "Submitting resolution", :context {:caller "0xR0", :workflow-id 1}}
Captured event evidence: escrow-released hash: sha256:52ffffffb16d0cffffff8407ffffffc62effffffc34effffffd93e1a401c2fffffffe2ffffffed6dffffff9619ffffff8033ffffffc020ffffff8b0dffffffea30ffffffbb63ffffffbd
{:ts "2026-06-18T12:51:50.884235081Z", :level :debug, :message "Submitting resolution", :context {:caller "0xR0", :workflow-id 0}}
Captured event evidence: escrow-released hash: sha256:ffffffe4ffffffc8ffffff83ffffffcb52ffffffd43817fffffffaffffffd833ffffff9affffffac63ffffffbf2f141affffffa0ffffffcd20183fffffffeb58ffffff91ffffffb5ffffff9d43ffffffc9515a
{:ts "2026-06-18T12:51:50.889830571Z", :level :info, :message "scenario/start", :context {:id "batch-sew-test", :ctx/scenario-id "batch-sew-test", :ctx/run-id "batch-sew-test-run"}}
{:ts "2026-06-18T12:51:50.892757608Z", :level :debug, :message "set-resolver-capacity", :context {:resolver "0xR0", :max-concurrent 2, :ctx/scenario-id "batch-sew-test", :ctx/run-id "batch-sew-test-run", :ctx/event-index 0, :ctx/event-type "set_resolver_capacity", :ctx/evidence-group-id "batch-sew-test-run:0:set_resolver_capacity"}}
Captured event evidence: escrow-created hash: sha256:ffffffedfffffff92d7affffff807dffffff8effffffe5ffffffae696bffffffc1297652ffffff88ffffffd723ffffff931e2dffffffd4ffffffd9025d445f27ffffffc316ffffffd0ffffffff
{:ts "2026-06-18T12:51:50.899140433Z", :level :debug, :message "set-resolver-capacity", :context {:resolver "0xR0", :max-concurrent 2, :ctx/scenario-id "batch-sew-test", :ctx/run-id "batch-sew-test-run", :ctx/event-index 0, :ctx/event-type "set_resolver_capacity", :ctx/evidence-group-id "batch-sew-test-run:0:set_resolver_capacity"}}
Captured event evidence: escrow-created hash: sha256:ffffffccffffff93567516233e1cffffffd7ffffffd7ffffffc6ffffffae767affffff811857155afffffff0fffffff5ffffffb6ffffff826a45ffffffb2714307ffffffcf64ffffff96
Captured event evidence: escrow-created hash: sha256:ffffffcafffffff2ffffffd879ffffffcdffffffe0fffffffbffffffabffffffd0086dffffffe214ffffffd0ffffff94ffffffd9fffffff349fffffffdffffffdfffffff88ffffffe4ffffffd84c330a47fffffffb73ffffff8d22ffffffbc
Captured event evidence: escrow-created hash: sha256:446d78ffffff97ffffffe3ffffffacffffffb40c14ffffffbd2bffffff867563fffffff724ffffffda59ffffffa920ffffff88fffffff5ffffffe6ffffffccffffff83ffffffc2170a12ffffffca5dffffffbf
Captured event evidence: escrow-created hash: sha256:ffffffd5fffffff177ffffffb8ffffffcaffffffc6ffffffce62ffffffd31b35ffffff83ffffffa8054fffffff891effffff9affffffae4673ffffffc3ffffffdc05ffffff9139ffffffd1fffffff5ffffffb8ffffff8dffffff89ffffff86
Captured event evidence: escrow-created hash: sha256:ffffffa1ffffffcbffffff8b4dffffff8b5f45fffffff20766132cffffff83797affffffe0ffffff91ffffff8d1d42ffffffa5ffffff87044a42331c7443fffffff8403d
Captured event evidence: dispute-raised hash: sha256:6fffffff8dffffffdbffffff894fffffff87ffffffbf4cffffff8fffffffd9031fffffffff6cffffff9245ffffffa6ffffffe3ffffffc419ffffff8cfffffffa51ffffffa1ffffff9a22667dffffffd55effffffc511
Captured event evidence: dispute-raised hash: sha256:281068ffffffb5fffffff001ffffffe52354ffffff9fffffff82ffffff9cffffffc5fffffff1fffffffbffffffd4107c6354fffffff16c7033337fffffffeeffffffc814ffffffc85f09
Captured event evidence: dispute-raised hash: sha256:5affffffc203ffffffa0ffffffd20264ffffffd2061b4653ffffffe47bffffffac5affffff9a721bffffffabffffffa9ffffffebffffffe8ffffffb8ffffff8b73ffffffcaffffffc9722dffffffecffffffeb
Captured event evidence: dispute-raised hash: sha256:ffffffb0ffffffa1ffffffca52fffffffe23ffffffdeffffffb0650c14ffffffc4ffffff90ffffffd558ffffffb1fffffff47affffffbfffffffacffffffbd5bffffffbaffffff9fffffffd066793849ffffff90ffffffe010
{:ts "2026-06-18T12:51:50.942552134Z", :level :info, :message "scenario/start", :context {:id "batch-sew-test", :ctx/scenario-id "batch-sew-test", :ctx/run-id "batch-sew-test-run"}}
Captured event evidence: escrow-created hash: sha256:ffffffc5ffffffde22ffffff8bffffffbb70fffffff6ffffffb75cffffff9effffffc2ffffff84ffffffb1ffffffa64d4402ffffffac2b0affffffb5ffffffa2170bffffffaa63203affffff9d622bffffff82
Captured event evidence: escrow-created hash: sha256:ffffffd0ffffff8553ffffff8a0030ffffff94ffffffff19ffffffa4546effffffa90fffffffdeffffffe008605fffffffe8ffffffd91dffffffb1ffffffc760ffffffd05f25634affffffdeffffffdd
Captured event evidence: escrow-created hash: sha256:ffffffc3ffffffeeffffffb879312bffffff9539ffffffa8ffffffea0100443dffffff9bffffff8dffffffefffffffb0ffffffc273fffffff956ffffffd56a6d14ffffffb77d4267ffffffb0ffffffa4
Captured event evidence: escrow-created hash: sha256:232cffffffe276ffffff805efffffff976ffffffbbffffffa9ffffff92ffffffa2ffffff97ffffffb50affffff8dffffffb038ffffffab55fffffffa7a68ffffff935b1c2fffffffa370ffffffa8523a
Captured event evidence: escrow-created hash: sha256:123cffffffe411ffffffcb17ffffffb0062affffff857f0b3affffff85ffffffc11fffffffe0ffffff95ffffffd71a39ffffffa0fffffff6ffffff87ffffff9368ffffffaeffffffbcffffffe6ffffff8b0964
Captured event evidence: escrow-created hash: sha256:ffffffcdffffffc5fffffffdffffff8dffffff9437ffffffe56bffffffcbfffffff20e78476bffffffd7ffffff99ffffffe0ffffff815427ffffffc3ffffffa4ffffffce7a565cffffffde2c0bffffffc1211f
Captured event evidence: dispute-raised hash: sha256:45fffffff8ffffff9fffffff88ffffffb71fffffffc9ffffffa4fffffff075376e5310ffffffaefffffff3ffffff94ffffffcd16ffffffa10a3a13ffffffcf1668610cffffffa93cffffff84ffffffac
Captured event evidence: dispute-raised hash: sha256:27ffffffd5ffffff840bffffffe3ffffff89ffffffea2f120444ffffffce3affffffbdffffff9cffffffbf5fffffffb543ffffffde18ffffffd1ffffffbbffffff992101ffffffd0ffffff9c4842ffffff9dffffffb7
Captured event evidence: dispute-raised hash: sha256:21ffffffe01d05ffffffce23ffffff97ffffffc826fffffff1ffffff910165ffffff91fffffff53e57ffffff9affffff9370ffffff8d317d39ffffffc767ffffff91452bffffffcaffffffac60
Captured event evidence: dispute-raised hash: sha256:ffffffa7ffffffdc462effffff98694a685c34ffffffb2ffffffc1fffffffa450c72ffffffc3ffffff8effffffe379ffffffa3ffffff8affffffb6ffffff87ffffff85406264ffffffb22c42ffffff9d
Captured event evidence: dispute-raised hash: sha256:ffffffb3ffffffeb38ffffffc4ffffffc0ffffff88ffffffc77513fffffffcffffffcbffffffd8ffffff8dffffffeb74ffffffad47614844ffffffb312ffffffac207dffffffadffffff895bffffffac284c70
Captured event evidence: dispute-raised hash: sha256:fffffff4ffffffd2657cffffff9bffffffbf0f4c2bffffff9507ffffff911c2a42093674ffffffe3ffffffe34e10ffffffc0ffffffc17f295910ffffff9606756d
{:ts "2026-06-18T12:51:50.999366263Z", :level :debug, :message "Submitting resolution", :context {:caller "0xR0", :workflow-id 0}}
Captured event evidence: escrow-released hash: sha256:ffffff9d42215dfffffff73d7f4effffffddffffffe763fffffff3fffffff9ffffffd175ffffffcc7cffffffda44ffffff9d181c0c24ffffff91ffffff82076fffffff9efffffff5ffffffd5ffffffd2
{:ts "2026-06-18T12:51:51.003968653Z", :level :debug, :message "Submitting resolution", :context {:caller "0xR1", :workflow-id 1}}
Captured event evidence: escrow-released hash: sha256:25ffffff81ffffffebfffffff5ffffff9900ffffff9a1afffffff625ffffff98ffffff90ffffffc8377559ffffffbcfffffff5ffffff9122ffffffec03ffffff887779ffffffe87e2effffffbc78ffffffc0ffffffd8
{:ts "2026-06-18T12:51:51.008737873Z", :level :debug, :message "Submitting resolution", :context {:caller "0xR2", :workflow-id 2}}
Captured event evidence: escrow-released hash: sha256:ffffffb2ffffffec36ffffffc33bffffffc37a5942074f447bffffffe8ffffffcfffffffb970ffffff9f2a1a22ffffffec565a170908ffffffc1fffffff023ffffffd9fffffff3
{:ts "2026-06-18T12:51:51.013817747Z", :level :debug, :message "Submitting resolution", :context {:caller "0xR0", :workflow-id 0}}
Captured event evidence: escrow-released hash: sha256:fffffffdffffffa050ffffffe924ffffffccfffffff150ffffffc1ffffffd40bffffff885f0ffffffff1ffffff9fffffffedffffff9b3b1265ffffffd353ffffffb16dffffffd546ffffffae4b49ffffff9bffffffc1
{:ts "2026-06-18T12:51:51.018308614Z", :level :debug, :message "Submitting resolution", :context {:caller "0xR1", :workflow-id 1}}
Captured event evidence: escrow-released hash: sha256:fffffff8ffffffb64cffffffed69ffffff87ffffffe35a78772c7fffffffb9ffffffceffffffe0ffffffb6356cffffffd1ffffffeaffffffe30d2f3807ffffff8efffffff520ffffffbe5effffffa018
{:ts "2026-06-18T12:51:51.023358881Z", :level :debug, :message "Submitting resolution", :context {:caller "0xR2", :workflow-id 2}}
Captured event evidence: escrow-released hash: sha256:635a66ffffffdbffffff987747ffffffaeffffff8cffffff8dffffffb9ffffff8c4f0c39fffffffd0e2d783540ffffffb1293fffffffa535ffffffddffffffa314ffffffceffffffea1d
{:ts "2026-06-18T12:51:51.029007502Z", :level :info, :message "scenario/end", :context {:id "batch-sew-test", :outcome :pass, :ctx/scenario-id "batch-sew-test", :ctx/run-id "batch-sew-test-run"}}
{:ts "2026-06-18T12:51:51.029148602Z", :level :info, :message "scenario/start", :context {:id "batch-sew-test", :ctx/scenario-id "batch-sew-test", :ctx/run-id "batch-sew-test-run"}}
Captured event evidence: escrow-created hash: sha256:14ffffffbbffffffe14259ffffffd1ffffffc213ffffffaf5f45fffffff7ffffffe6ffffffeb3327ffffffa422fffffff50419ffffffc91cffffffbb3a1b6020ffffff86fffffff1040e
Captured event evidence: escrow-created hash: sha256:6fffffffaa1bffffffe511ffffff881b6431ffffffb403ffffffc8ffffffe3ffffffc6145060ffffffed7b4effffff871b05ffffffc4ffffffa92e136bffffff955dffffffd8ffffffa5
Captured event evidence: dispute-raised hash: sha256:fffffff5ffffffa8ffffffe7ffffffbdffffffa0fffffffe156e3f2bffffffc7ffffff8d5963ffffffad08fffffffcffffff9effffffe1ffffffee1bffffffc0fffffffd0effffffdcffffffc1fffffff6ffffffb0137effffffccffffff9f
Captured event evidence: dispute-raised hash: sha256:142cffffffac3952ffffff813424554effffffdaffffffe212ffffffd974787bffffffaaffffff9dffffff935dffffffb2ffffffe908fffffff1ffffffa676ffffff96ffffffd5280c56
{:ts "2026-06-18T12:51:51.048721429Z", :level :debug, :message "Submitting resolution", :context {:caller "0xR0", :workflow-id 0}}
Captured event evidence: escrow-released hash: sha256:ffffff8cffffffd2ffffffee16ffffffb1ffffffb8ffffffd6ffffff92fffffff8ffffffbbffffff9c673b10ffffffa40affffffff1b2b6bfffffffdffffffa12c1a36ffffffaf04ffffff9512ffffffaeffffff9a49
{:ts "2026-06-18T12:51:51.052569687Z", :level :debug, :message "Submitting resolution", :context {:caller "0xR0", :workflow-id 0}}
Captured event evidence: escrow-released hash: sha256:ffffffb60b67ffffffdafffffff2ffffffdb3ffffffffcffffffefffffff9f780e14ffffffafffffffdb27fffffff60bffffffe02dffffffeeffffffcc51ffffffd35532525e5b566249
{:ts "2026-06-18T12:51:51.056540560Z", :level :debug, :message "Submitting resolution", :context {:caller "0xR0", :workflow-id 0}}
Captured event evidence: escrow-released hash: sha256:ffffffd1ffffffeeffffffa9ffffffdaffffff9f736bffffffd7fffffff46c4049ffffffef5c32560d2dffffff953bffffffd1ffffffb4ffffff88fffffff93e184bffffffaf6f08ffffffe1ffffffcf
{:ts "2026-06-18T12:51:51.060976983Z", :level :info, :message "scenario/end", :context {:id "batch-sew-test", :outcome :pass, :ctx/scenario-id "batch-sew-test", :ctx/run-id "batch-sew-test-run"}}
{:ts "2026-06-18T12:51:51.061092454Z", :level :info, :message "scenario/start", :context {:id "batch-sew-test", :ctx/scenario-id "batch-sew-test", :ctx/run-id "batch-sew-test-run"}}

Testing resolver-sim.contract-model.replay-batch-appeal-test
Captured event evidence: stake-registered hash: sha256:ffffffaf50ffffff85ffffff8e6bffffffd4ffffffb5ffffffc7ffffffa7ffffffbc5622ffffff8bffffff92226411207b544affffffd7ffffffe9ffffff9f53ffffffc56346ffffffbbffffff91ffffff8578
Captured event evidence: stake-registered hash: sha256:ffffff99693effffff896454fffffffbffffff87fffffff97027fffffffe7c3bffffffb5330fffffff98ffffffdf390f3a261571ffffff8852566634ffffffccffffffb5
Captured event evidence: stake-registered hash: sha256:ffffffda52ffffff9729150bffffffb26dffffff9dffffffea2722ffffffe3ffffffdaffffffda4cffffffc8fffffffefffffff7555cffffff8959ffffffb936ffffff803bffffffd40004fffffffe49
Captured event evidence: stake-registered hash: sha256:ffffffc7ffffffdc164747156d6cffffffe908ffffffd9ffffff9823fffffff234602772ffffff82ffffff92ffffffb2ffffffb10bffffff8cffffffb0ffffff8effffffa2ffffffb3401e5dffffffdb
{:ts "2026-06-18T12:51:51.077907077Z", :level :info, :message "scenario/end", :context {:id "batch-resolver-test", :outcome :pass, :ctx/scenario-id "batch-resolver-test", :ctx/run-id "batch-resolver-test-run"}}
{:ts "2026-06-18T12:51:51.078052535Z", :level :info, :message "scenario/start", :context {:id "batch-resolver-test", :ctx/scenario-id "batch-resolver-test", :ctx/run-id "batch-resolver-test-run"}}
Captured event evidence: stake-registered hash: sha256:1d40ffffff90ffffffdbfffffff310ffffffdcffffffb8ffffffa50dffffff82fffffffd38ffffff844bffffff9bffffffdcffffffeeffffffecffffff95ffffffeaffffffc1ffffffe81affffff84ffffffa5ffffff8c3c00ffffffb414ffffffa4
Captured event evidence: stake-registered hash: sha256:44ffffff80ffffffd969ffffffc002ffffffa7fffffff2ffffff9dffffffad3affffff9affffffd4ffffffeb7affffff8cffffffec1c34ffffffcdffffffb3ffffff9a754cffffffb271ffffffd368ffffffb7ffffffb315fffffffb
Captured event evidence: stake-registered hash: sha256:ffffff88fffffff27effffffb74effffffe513ffffffa74d2affffff85ffffff8d5540ffffffb8ffffffceffffffefffffffe95d6fffffffc17effffffc6ffffff9337ffffffba5411ffffff802cffffff86ffffffe3
Captured event evidence: stake-registered hash: sha256:fffffffdfffffff7ffffff89ffffffd4ffffffdaffffff90561bffffff9e3e3313ffffffd1ffffffb01525ffffffe11fffffffb4ffffffe9ffffffdcffffffebffffffa8ffffff98ffffff9affffffc278ffffffd7ffffffe1ffffffd644ffffffd3
Captured event evidence: stake-registered hash: sha256:1577ffffff99ffffff9dffffffb3ffffffdc17616e72ffffffab32ffffffbbffffffebffffffbf4a7dffffffe865ffffffff50ffffff88ffffffaf693f26ffffffe9ffffffa6ffffffe2ffffffba5fffffff80
{:ts "2026-06-18T12:51:51.096707557Z", :level :info, :message "scenario/end", :context {:id "batch-resolver-test", :outcome :pass, :ctx/scenario-id "batch-resolver-test", :ctx/run-id "batch-resolver-test-run"}}
{:ts "2026-06-18T12:51:51.096816034Z", :level :info, :message "scenario/start", :context {:id "batch-resolver-test", :ctx/scenario-id "batch-resolver-test", :ctx/run-id "batch-resolver-test-run"}}
Captured event evidence: stake-registered hash: sha256:34ffffff91ffffffa3ffffff88ffffffd1746a20fffffff8ffffff8effffffc1357471ffffffd25effffffd3fffffffc2b660fffffffa80c62ffffffe5ffffff9affffffc34f1728ffffff83ffffff95
Captured event evidence: stake-registered hash: sha256:ffffffff3a3c146c0b06fffffff8ffffffae14ffffff85ffffff870cffffff9518ffffffa37dffffffb429ffffffe6ffffff9bffffffc9ffffffd053ffffffd777ffffffafffffffbdffffffabffffff84ffffff8148
{:ts "2026-06-18T12:51:51.106317553Z", :level :info, :message "scenario/end", :context {:id "batch-resolver-test", :outcome :pass, :ctx/scenario-id "batch-resolver-test", :ctx/run-id "batch-resolver-test-run"}}
{:ts "2026-06-18T12:51:51.106435548Z", :level :info, :message "scenario/start", :context {:id "batch-resolver-test", :ctx/scenario-id "batch-resolver-test", :ctx/run-id "batch-resolver-test-run"}}
{:ts "2026-06-18T12:51:51.108721269Z", :level :debug, :message "set-resolver-capacity", :context {:resolver "0xR0", :max-concurrent 5, :ctx/scenario-id "batch-resolver-test", :ctx/run-id "batch-resolver-test-run", :ctx/event-index 0, :ctx/event-type "set_resolver_capacity", :ctx/evidence-group-id "batch-resolver-test-run:0:set_resolver_capacity"}}
Captured event evidence: stake-registered hash: sha256:ffffffd6fffffff7ffffff98600050ffffff83756b5e56110361ffffff9b185f77ffffffd159ffffffd0ffffffebffffffd47279ffffffd705ffffffcd092e2b2f
{:ts "2026-06-18T12:51:51.116259293Z", :level :debug, :message "set-resolver-capacity", :context {:resolver "0xR0", :max-concurrent 5, :ctx/scenario-id "batch-resolver-test", :ctx/run-id "batch-resolver-test-run", :ctx/event-index 0, :ctx/event-type "set_resolver_capacity", :ctx/evidence-group-id "batch-resolver-test-run:0:set_resolver_capacity"}}
{:ts "2026-06-18T12:51:51.119073314Z", :level :info, :message "scenario/end", :context {:id "batch-resolver-test", :outcome :pass, :ctx/scenario-id "batch-resolver-test", :ctx/run-id "batch-resolver-test-run"}}
{:ts "2026-06-18T12:51:51.119201930Z", :level :info, :message "scenario/start", :context {:id "batch-resolver-test", :ctx/scenario-id "batch-resolver-test", :ctx/run-id "batch-resolver-test-run"}}
Captured event evidence: escrow-created hash: sha256:682e2c0efffffffcffffff83ffffff87ffffffae452b1f02ffffffdd4afffffff040ffffffbcffffffc0ffffffff12ffffffacffffffcb225353ffffff9b4f54547bffffffef31
Captured event evidence: escrow-created hash: sha256:31ffffffc71effffff81ffffffbc65103412ffffff86ffffffdf2dffffff8d4860ffffffd041ffffffa745795e6504ffffffdb74ffffff90774dffffffa0fffffff1ffffff89ffffff9c
Captured event evidence: escrow-created hash: sha256:1f56ffffff9271ffffff8a7231ffffffedffffffae61ffffffd007597522442255fffffff3ffffffc3ffffffacffffffe90a05ffffffc079275affffffb5ffffff87ffffffa460
Captured event evidence: escrow-created hash: sha256:5dfffffff5135fffffffc3ffffffbc2506ffffffedfffffff1ffffffec557bffffffb3ffffff9effffffaefffffff7ffffffa2566644fffffff90d0cffffff88552b2cffffff92ffffffd1fffffffc79
Captured event evidence: dispute-raised hash: sha256:6dfffffffdffffff8f4cffffffb46b413432430d116affffffc517ffffff8e1effffffce336affffffb03466104c3049ffffffba1cffffffdd511e
Captured event evidence: dispute-raised hash: sha256:ffffffb5302c2e15ffffff82263dffffffa2ffffff8062ffffffa6ffffffadffffffff1516ffffffb624ffffffeaffffffbdffffff8effffffceffffffd2ffffffdc761e44ffffffd7ffffffdb231260
Captured event evidence: dispute-raised hash: sha256:ffffffeb2fffffffaa21283b7bffffffb3fffffff4ffffffce2dffffffac6e0b69fffffff138ffffff8c23625dffffffbaffffffe5ffffffd4ffffffd7ffffff8b100654ffffff99ffffffe4ffffffa3
Captured event evidence: dispute-raised hash: sha256:fffffff9ffffffc1ffffffd363ffffffd664ffffff920d48ffffffcb2affffffffffffffffffffffe80d367d435cffffffcfffffffa214ffffffb2ffffffe522ffffffa164ffffffa44dffffff83ffffff9f6e
{:ts "2026-06-18T12:51:51.164933958Z", :level :debug, :message "Submitting resolution", :context {:caller "0xR0", :workflow-id 0}}
Captured event evidence: escrow-released hash: sha256:1a14ffffffc039ffffffa2ffffffa91e7bffffffdc0afffffffbffffffa9ffffffc05bffffffdeffffffa13e5514ffffffc521ffffff8dffffffa6fffffffaffffffa9fffffff4ffffffd5ffffffd601ffffff806863
{:ts "2026-06-18T12:51:51.169707636Z", :level :debug, :message "Submitting resolution", :context {:caller "0xR0", :workflow-id 1}}
Captured event evidence: escrow-released hash: sha256:3939ffffffdf73ffffffee0e06fffffffc1fffffffb9ffffffa565ffffffb5ffffffb6fffffff637ffffff9d4f06ffffff8456245d4031ffffffc613ffffffe833fffffff115ffffff84
{:ts "2026-06-18T12:51:51.176147099Z", :level :debug, :message "Submitting resolution", :context {:caller "0xR0", :workflow-id 0}}
Captured event evidence: escrow-released hash: sha256:64ffffff915b67ffffffbffffffff2ffffff9306fffffff2ffffff84ffffffd8ffffff910affffffe3ffffffae5f30ffffffeb43ffffff84ffffffb64265ffffffc679ffffffbcffffffdbffffffc0ffffffde110effffff9d
{:ts "2026-06-18T12:51:51.181798907Z", :level :info, :message "scenario/start", :context {:id "batch-resolver-test", :ctx/scenario-id "batch-resolver-test", :ctx/run-id "batch-resolver-test-run"}}
Captured event evidence: stake-registered hash: sha256:4727ffffffa05b5b51111cffffffb362ffffffacffffff93ffffffdd362bffffffc6ffffffa8ffffffcdffffffaf0e09ffffffe24039ffffffa710fffffff3ffffff8749ffffffe83e75
Captured event evidence: stake-registered hash: sha256:ffffffccffffffe4101effffff9effffffc6ffffffe0ffffffb15347ffffffc0ffffffcbffffffddffffffe376ffffffeeffffff8c4876ffffffbcffffffdfffffffa9fffffff969ffffffed2306624e17ffffffffffffff97
Captured event evidence: stake-registered hash: sha256:71ffffffc7ffffffc2ffffffe9ffffffa73244ffffffe71effffffd6ffffffc0ffffffb56effffffa3fffffffaffffff9922fffffff7ffffffc37dffffffa8ffffff8fffffffc8ffffffd4ffffffdcffffffeb61ffffff9f56ffffffd84c53
Captured event evidence: stake-registered hash: sha256:3839ffffffadffffffbdfffffff6fffffff2147affffffe8ffffff84ffffffaeffffff93ffffffeb68ffffffceffffffa2ffffff8a7c55ffffff9659ffffffafffffffc457012affffffeaffffffeb5cfffffffbffffffaf3b
{:ts "2026-06-18T12:51:51.195115630Z", :level :info, :message "scenario/end", :context {:id "batch-resolver-test", :outcome :pass, :ctx/scenario-id "batch-resolver-test", :ctx/run-id "batch-resolver-test-run"}}
{:ts "2026-06-18T12:51:51.195212486Z", :level :info, :message "scenario/start", :context {:id "batch-resolver-test", :ctx/scenario-id "batch-resolver-test", :ctx/run-id "batch-resolver-test-run"}}
Captured event evidence: stake-registered hash: sha256:ffffffc7ffffffcdffffffc1ffffffefffffff977dffffff957bffffff9245ffffffb36d6c65ffffffcb71ffffffa2ffffffac5713ffffff85ffffffb375ffffffd87a39ffffff993a752a43ffffffb8
Captured event evidence: stake-registered hash: sha256:ffffffa7ffffffdc2b14ffffffbbfffffffbfffffffb0369ffffff96ffffffbafffffff46908ffffff891876ffffffbd5affffffdeffffffdcffffffa8ffffff86ffffff854039ffffffa8082cffffffcaffffff9bffffffab
Captured event evidence: stake-registered hash: sha256:26ffffff923fffffffbaffffffab6e71fffffff6ffffffe83960ffffffa02dffffff82272f6c34634cffffffa506fffffff6ffffff9bfffffff7ffffff89ffffffd3ffffffd12dfffffff4fffffff9ffffffc4
{:ts "2026-06-18T12:51:51.205820711Z", :level :info, :message "scenario/end", :context {:id "batch-resolver-test", :outcome :pass, :ctx/scenario-id "batch-resolver-test", :ctx/run-id "batch-resolver-test-run"}}
{:ts "2026-06-18T12:51:51.205923597Z", :level :info, :message "scenario/start", :context {:id "batch-resolver-test", :ctx/scenario-id "batch-resolver-test", :ctx/run-id "batch-resolver-test-run"}}

Testing resolver-sim.contract-model.replay-batch-slash-domain-test
{:ts "2026-06-18T12:51:51.210112377Z", :level :info, :message "scenario/end", :context {:id "slash-domain-test", :outcome :pass, :ctx/scenario-id "slash-domain-test", :ctx/run-id "slash-domain-test-run"}}
{:ts "2026-06-18T12:51:51.210228449Z", :level :info, :message "scenario/start", :context {:id "slash-domain-test", :ctx/scenario-id "slash-domain-test", :ctx/run-id "slash-domain-test-run"}}
{:ts "2026-06-18T12:51:51.213236972Z", :level :info, :message "scenario/end", :context {:id "slash-domain-test", :outcome :pass, :ctx/scenario-id "slash-domain-test", :ctx/run-id "slash-domain-test-run"}}
{:ts "2026-06-18T12:51:51.213412397Z", :level :info, :message "scenario/start", :context {:id "slash-domain-test", :ctx/scenario-id "slash-domain-test", :ctx/run-id "slash-domain-test-run"}}
{:ts "2026-06-18T12:51:51.216314587Z", :level :info, :message "scenario/end", :context {:id "slash-domain-test", :outcome :pass, :ctx/scenario-id "slash-domain-test", :ctx/run-id "slash-domain-test-run"}}
{:ts "2026-06-18T12:51:51.216439726Z", :level :info, :message "scenario/start", :context {:id "slash-domain-test", :ctx/scenario-id "slash-domain-test", :ctx/run-id "slash-domain-test-run"}}
{:ts "2026-06-18T12:51:51.221142959Z", :level :info, :message "scenario/end", :context {:id "slash-domain-test", :outcome :pass, :ctx/scenario-id "slash-domain-test", :ctx/run-id "slash-domain-test-run"}}
{:ts "2026-06-18T12:51:51.221324727Z", :level :info, :message "scenario/start", :context {:id "slash-domain-test", :ctx/scenario-id "slash-domain-test", :ctx/run-id "slash-domain-test-run"}}
{:ts "2026-06-18T12:51:51.226735463Z", :level :info, :message "scenario/end", :context {:id "slash-domain-test", :outcome :pass, :ctx/scenario-id "slash-domain-test", :ctx/run-id "slash-domain-test-run"}}
{:ts "2026-06-18T12:51:51.226875701Z", :level :info, :message "scenario/start", :context {:id "slash-domain-test", :ctx/scenario-id "slash-domain-test", :ctx/run-id "slash-domain-test-run"}}
{:ts "2026-06-18T12:51:51.231448395Z", :level :info, :message "scenario/end", :context {:id "slash-domain-test", :outcome :pass, :ctx/scenario-id "slash-domain-test", :ctx/run-id "slash-domain-test-run"}}
{:ts "2026-06-18T12:51:51.231622057Z", :level :info, :message "scenario/start", :context {:id "slash-domain-test", :ctx/scenario-id "slash-domain-test", :ctx/run-id "slash-domain-test-run"}}
{:ts "2026-06-18T12:51:51.236978500Z", :level :info, :message "scenario/end", :context {:id "slash-domain-test", :outcome :pass, :ctx/scenario-id "slash-domain-test", :ctx/run-id "slash-domain-test-run"}}
{:ts "2026-06-18T12:51:51.237132324Z", :level :info, :message "scenario/start", :context {:id "slash-domain-test", :ctx/scenario-id "slash-domain-test", :ctx/run-id "slash-domain-test-run"}}
{:ts "2026-06-18T12:51:51.241737670Z", :level :info, :message "scenario/end", :context {:id "slash-domain-test", :outcome :pass, :ctx/scenario-id "slash-domain-test", :ctx/run-id "slash-domain-test-run"}}
{:ts "2026-06-18T12:51:51.241858792Z", :level :info, :message "scenario/start", :context {:id "slash-domain-test", :ctx/scenario-id "slash-domain-test", :ctx/run-id "slash-domain-test-run"}}
{:ts "2026-06-18T12:51:51.245436533Z", :level :info, :message "scenario/end", :context {:id "slash-domain-test", :outcome :pass, :ctx/scenario-id "slash-domain-test", :ctx/run-id "slash-domain-test-run"}}
{:ts "2026-06-18T12:51:51.245524782Z", :level :info, :message "scenario/start", :context {:id "slash-domain-test", :ctx/scenario-id "slash-domain-test", :ctx/run-id "slash-domain-test-run"}}
{:ts "2026-06-18T12:51:51.249134284Z", :level :info, :message "scenario/end", :context {:id "slash-domain-test", :outcome :pass, :ctx/scenario-id "slash-domain-test", :ctx/run-id "slash-domain-test-run"}}
{:ts "2026-06-18T12:51:51.249274171Z", :level :info, :message "scenario/start", :context {:id "slash-domain-test", :ctx/scenario-id "slash-domain-test", :ctx/run-id "slash-domain-test-run"}}
{:ts "2026-06-18T12:51:51.253503699Z", :level :info, :message "scenario/end", :context {:id "slash-domain-test", :outcome :pass, :ctx/scenario-id "slash-domain-test", :ctx/run-id "slash-domain-test-run"}}
{:ts "2026-06-18T12:51:51.253618288Z", :level :info, :message "scenario/start", :context {:id "slash-domain-test", :ctx/scenario-id "slash-domain-test", :ctx/run-id "slash-domain-test-run"}}
{:ts "2026-06-18T12:51:51.256803459Z", :level :info, :message "scenario/end", :context {:id "slash-domain-test", :outcome :pass, :ctx/scenario-id "slash-domain-test", :ctx/run-id "slash-domain-test-run"}}
{:ts "2026-06-18T12:51:51.256895424Z", :level :info, :message "scenario/start", :context {:id "slash-domain-test", :ctx/scenario-id "slash-domain-test", :ctx/run-id "slash-domain-test-run"}}
{:ts "2026-06-18T12:51:51.260158624Z", :level :info, :message "scenario/end", :context {:id "slash-domain-test", :outcome :pass, :ctx/scenario-id "slash-domain-test", :ctx/run-id "slash-domain-test-run"}}
{:ts "2026-06-18T12:51:51.260250891Z", :level :info, :message "scenario/start", :context {:id "slash-domain-test", :ctx/scenario-id "slash-domain-test", :ctx/run-id "slash-domain-test-run"}}
{:ts "2026-06-18T12:51:51.263568184Z", :level :info, :message "scenario/end", :context {:id "slash-domain-test", :outcome :pass, :ctx/scenario-id "slash-domain-test", :ctx/run-id "slash-domain-test-run"}}
{:ts "2026-06-18T12:51:51.263718822Z", :level :info, :message "scenario/start", :context {:id "slash-domain-test", :ctx/scenario-id "slash-domain-test", :ctx/run-id "slash-domain-test-run"}}
{:ts "2026-06-18T12:51:51.270958676Z", :level :info, :message "scenario/end", :context {:id "slash-domain-test", :outcome :pass, :ctx/scenario-id "slash-domain-test", :ctx/run-id "slash-domain-test-run"}}
{:ts "2026-06-18T12:51:51.271132057Z", :level :info, :message "scenario/start", :context {:id "slash-domain-test", :ctx/scenario-id "slash-domain-test", :ctx/run-id "slash-domain-test-run"}}
{:ts "2026-06-18T12:51:51.274849095Z", :level :info, :message "scenario/end", :context {:id "slash-domain-test", :outcome :pass, :ctx/scenario-id "slash-domain-test", :ctx/run-id "slash-domain-test-run"}}
{:ts "2026-06-18T12:51:51.274955188Z", :level :info, :message "scenario/start", :context {:id "slash-domain-test", :ctx/scenario-id "slash-domain-test", :ctx/run-id "slash-domain-test-run"}}
{:ts "2026-06-18T12:51:51.278751227Z", :level :info, :message "scenario/end", :context {:id "slash-domain-test", :outcome :pass, :ctx/scenario-id "slash-domain-test", :ctx/run-id "slash-domain-test-run"}}
{:ts "2026-06-18T12:51:51.278856197Z", :level :info, :message "scenario/start", :context {:id "slash-domain-test", :ctx/scenario-id "slash-domain-test", :ctx/run-id "slash-domain-test-run"}}

Ran 258 tests containing 1302 assertions.
1 failures, 0 errors.
Error while executing task: test:unit
