Running unit tests (all — framework + Sew)...

Testing resolver-sim.core-tests

Testing resolver-sim.protocols.sew.replay-test
{:ts "2026-06-17T14:47:52.078118750Z", :level :info, :message "scenario/end", :context {:id "test", :outcome :pass, :ctx/scenario-id "test", :ctx/run-id "test-run"}}
{:ts "2026-06-17T14:47:52.081161970Z", :level :info, :message "scenario/start", :context {:id "test", :ctx/scenario-id "test", :ctx/run-id "test-run"}}
{:ts "2026-06-17T14:47:52.100010270Z", :level :info, :message "scenario/end", :context {:id "test", :outcome :pass, :ctx/scenario-id "test", :ctx/run-id "test-run"}}
{:ts "2026-06-17T14:47:52.100616940Z", :level :info, :message "scenario/start", :context {:id "test", :ctx/scenario-id "test", :ctx/run-id "test-run"}}
{:ts "2026-06-17T14:47:52.120629536Z", :level :info, :message "scenario/end", :context {:id "test", :outcome :pass, :ctx/scenario-id "test", :ctx/run-id "test-run"}}
{:ts "2026-06-17T14:47:52.121032286Z", :level :info, :message "scenario/start", :context {:id "test", :ctx/scenario-id "test", :ctx/run-id "test-run"}}
{:ts "2026-06-17T14:47:52.132042354Z", :level :debug, :message "guard/rejected", :context {:workflow-id 999, :error :invalid-workflow-id, :ctx/scenario-id "test", :ctx/run-id "test-run", :ctx/event-index 1, :ctx/event-type "release"}}
{:ts "2026-06-17T14:47:52.133450097Z", :level :info, :message "scenario/end", :context {:id "test", :outcome :pass, :ctx/scenario-id "test", :ctx/run-id "test-run"}}
{:ts "2026-06-17T14:47:52.133684946Z", :level :info, :message "scenario/start", :context {:id "test", :ctx/scenario-id "test", :ctx/run-id "test-run"}}
{:ts "2026-06-17T14:47:52.143212669Z", :level :info, :message "scenario/end", :context {:id "test", :outcome :pass, :ctx/scenario-id "test", :ctx/run-id "test-run"}}
{:ts "2026-06-17T14:47:52.143705481Z", :level :info, :message "scenario/start", :context {:id "test", :ctx/scenario-id "test", :ctx/run-id "test-run"}}
DEBUG: slash-resolver-stake called for 0xResolver amount 7960
Captured event evidence: slashing hash: sha256:ffffff8cffffff96266c55ffffffafffffffb6fffffff409ffffff9846ffffffc7002b0f032effffffaeffffffd4ffffffa70104ffffffefffffff8bfffffffeffffffb0fffffffb23ffffff8a32ffffffb126
{:ts "2026-06-17T14:47:52.176276016Z", :level :info, :message "scenario/end", :context {:id "test", :outcome :pass, :ctx/scenario-id "test", :ctx/run-id "test-run"}}
{:ts "2026-06-17T14:47:52.176706780Z", :level :info, :message "scenario/start", :context {:id "test", :ctx/scenario-id "test", :ctx/run-id "test-run"}}
{:ts "2026-06-17T14:47:52.192623312Z", :level :debug, :message "Submitting resolution", :context {:caller "0xResolver", :workflow-id 0}}
{:ts "2026-06-17T14:47:52.198971894Z", :level :info, :message "scenario/end", :context {:id "test", :outcome :pass, :ctx/scenario-id "test", :ctx/run-id "test-run"}}
{:ts "2026-06-17T14:47:52.199257069Z", :level :info, :message "scenario/start", :context {:id "test", :ctx/scenario-id "test", :ctx/run-id "test-run"}}
{:ts "2026-06-17T14:47:52.216601813Z", :level :info, :message "scenario/end", :context {:id "test", :outcome :pass, :ctx/scenario-id "test", :ctx/run-id "test-run"}}
{:ts "2026-06-17T14:47:52.216927937Z", :level :info, :message "scenario/start", :context {:id "test", :ctx/scenario-id "test", :ctx/run-id "test-run"}}
{:ts "2026-06-17T14:47:52.233075621Z", :level :debug, :message "Submitting resolution", :context {:caller "0xMallory", :workflow-id 0}}
{:ts "2026-06-17T14:47:52.233559226Z", :level :debug, :message "guard/rejected", :context {:caller "0xMallory", :dispute-level 0, :workflow-id 0, :error :not-authorized-resolver, :ctx/scenario-id "test", :ctx/run-id "test-run", :ctx/event-index 2, :ctx/event-type "execute_resolution"}}
{:ts "2026-06-17T14:47:52.234384654Z", :level :debug, :message "Submitting resolution", :context {:caller "0xResolver", :workflow-id 0}}
{:ts "2026-06-17T14:47:52.239761829Z", :level :info, :message "scenario/end", :context {:id "test", :outcome :pass, :ctx/scenario-id "test", :ctx/run-id "test-run"}}
{:ts "2026-06-17T14:47:52.240039931Z", :level :info, :message "scenario/start", :context {:id "test", :ctx/scenario-id "test", :ctx/run-id "test-run"}}
{:ts "2026-06-17T14:47:52.248505823Z", :level :debug, :message "guard/rejected", :context {:workflow-id 999, :error :invalid-workflow-id, :ctx/scenario-id "test", :ctx/run-id "test-run", :ctx/event-index 1, :ctx/event-type "release"}}
{:ts "2026-06-17T14:47:52.254238447Z", :level :info, :message "scenario/end", :context {:id "test", :outcome :pass, :ctx/scenario-id "test", :ctx/run-id "test-run"}}
{:ts "2026-06-17T14:47:52.254562096Z", :level :info, :message "scenario/start", :context {:id "test", :ctx/scenario-id "test", :ctx/run-id "test-run"}}
{:ts "2026-06-17T14:47:52.269328117Z", :level :info, :message "scenario/end", :context {:id "test", :outcome :pass, :ctx/scenario-id "test", :ctx/run-id "test-run"}}
{:ts "2026-06-17T14:47:52.269665673Z", :level :info, :message "scenario/start", :context {:id "test", :ctx/scenario-id "test", :ctx/run-id "test-run"}}
{:ts "2026-06-17T14:47:52.285841721Z", :level :info, :message "scenario/end", :context {:id "test", :outcome :pass, :ctx/scenario-id "test", :ctx/run-id "test-run"}}
{:ts "2026-06-17T14:47:52.286259961Z", :level :info, :message "scenario/start", :context {:id "test", :ctx/scenario-id "test", :ctx/run-id "test-run"}}
{:ts "2026-06-17T14:47:52.298537553Z", :level :info, :message "scenario/end", :context {:id "test", :outcome :pass, :ctx/scenario-id "test", :ctx/run-id "test-run"}}
{:ts "2026-06-17T14:47:52.298832678Z", :level :info, :message "scenario/start", :context {:id "test", :ctx/scenario-id "test", :ctx/run-id "test-run"}}
{:ts "2026-06-17T14:47:52.314154001Z", :level :info, :message "scenario/end", :context {:id "test", :outcome :pass, :ctx/scenario-id "test", :ctx/run-id "test-run"}}
{:ts "2026-06-17T14:47:52.314488671Z", :level :info, :message "scenario/start", :context {:id "test", :ctx/scenario-id "test", :ctx/run-id "test-run"}}
{:ts "2026-06-17T14:47:52.326584837Z", :level :info, :message "scenario/end", :context {:id "test", :outcome :pass, :ctx/scenario-id "test", :ctx/run-id "test-run"}}
{:ts "2026-06-17T14:47:52.326907804Z", :level :info, :message "scenario/start", :context {:id "test", :ctx/scenario-id "test", :ctx/run-id "test-run"}}
{:ts "2026-06-17T14:47:52.338428419Z", :level :info, :message "scenario/end", :context {:id "test", :outcome :pass, :ctx/scenario-id "test", :ctx/run-id "test-run"}}
{:ts "2026-06-17T14:47:52.338711871Z", :level :info, :message "scenario/start", :context {:id "test", :ctx/scenario-id "test", :ctx/run-id "test-run"}}
{:ts "2026-06-17T14:47:52.364940846Z", :level :debug, :message "Submitting resolution", :context {:caller "0xResolver", :workflow-id 0}}
{:ts "2026-06-17T14:47:52.375606456Z", :level :debug, :message "handle-fraud-slashing", :context {:now 1130, :appeal-window 100, :ctx/scenario-id "test", :ctx/run-id "test-run", :ctx/event-index 4, :ctx/event-type "propose_fraud_slash"}}
{:ts "2026-06-17T14:47:52.403794298Z", :level :info, :message "scenario/end", :context {:id "test", :outcome :pass, :ctx/scenario-id "test", :ctx/run-id "test-run"}}
{:ts "2026-06-17T14:47:52.404308451Z", :level :info, :message "scenario/start", :context {:id "test", :ctx/scenario-id "test", :ctx/run-id "test-run"}}
{:ts "2026-06-17T14:47:52.435679541Z", :level :debug, :message "Submitting resolution", :context {:caller "0xResolver", :workflow-id 0}}
{:ts "2026-06-17T14:47:52.443226566Z", :level :debug, :message "handle-fraud-slashing", :context {:now 1130, :appeal-window 120, :ctx/scenario-id "test", :ctx/run-id "test-run", :ctx/event-index 4, :ctx/event-type "propose_fraud_slash"}}
{:ts "2026-06-17T14:47:52.461462644Z", :level :debug, :message "Resolving appeal", :context {:appeal-upheld? false, :workflow-id 0, :slash-id 0}}
DEBUG: slash-resolver-stake called for 0xResolver amount 500
Captured event evidence: slashing hash: sha256:ffffffc3ffffffc861ffffff807cffffffd5ffffff8dffffffc5ffffffc5ffffffa1ffffffa9ffffffddffffffbe13ffffffc5ffffffea2150ffffffb850387417ffffffc8ffffffa54b7d55105b50ffffffc4
Captured event evidence: :slash/prorata-allocation hash: nil
{:ts "2026-06-17T14:47:52.491097805Z", :level :info, :message "scenario/end", :context {:id "test", :outcome :pass, :ctx/scenario-id "test", :ctx/run-id "test-run"}}
{:ts "2026-06-17T14:47:52.491590347Z", :level :info, :message "scenario/start", :context {:id "test", :ctx/scenario-id "test", :ctx/run-id "test-run"}}
{:ts "2026-06-17T14:47:52.504431867Z", :level :debug, :message "Submitting resolution", :context {:caller "0xResolver0", :workflow-id 0}}
{:ts "2026-06-17T14:47:52.508469991Z", :level :debug, :message "guard/rejected", :context {:caller "0xMallory", :workflow-id 0, :error :not-participant, :ctx/scenario-id nil, :ctx/run-id "-run", :ctx/event-index 3, :ctx/event-type "escalate_dispute"}}
{:ts "2026-06-17T14:47:52.518602230Z", :level :info, :message "scenario/end", :context {:id "test", :outcome :pass, :ctx/scenario-id "test", :ctx/run-id "test-run"}}
{:ts "2026-06-17T14:47:52.518938873Z", :level :info, :message "scenario/start", :context {:id "test", :ctx/scenario-id "test", :ctx/run-id "test-run"}}
{:ts "2026-06-17T14:47:52.528489390Z", :level :debug, :message "Submitting resolution", :context {:caller "0xResolver0", :workflow-id 0}}
{:ts "2026-06-17T14:47:52.539956843Z", :level :debug, :message "guard/rejected", :context {:workflow-id 0, :error :no-pending-settlement, :ctx/scenario-id nil, :ctx/run-id "-run", :ctx/event-index 4, :ctx/event-type "execute_pending_settlement"}}
{:ts "2026-06-17T14:47:52.541031989Z", :level :debug, :message "Submitting resolution", :context {:caller "0xResolver1", :workflow-id 0}}
{:ts "2026-06-17T14:47:52.550068131Z", :level :info, :message "scenario/end", :context {:id "test", :outcome :pass, :ctx/scenario-id "test", :ctx/run-id "test-run"}}
{:ts "2026-06-17T14:47:52.550324241Z", :level :info, :message "scenario/start", :context {:id "test", :ctx/scenario-id "test", :ctx/run-id "test-run"}}
{:ts "2026-06-17T14:47:52.575912662Z", :level :debug, :message "Submitting resolution", :context {:caller "0xResolver", :workflow-id 0}}
{:ts "2026-06-17T14:47:52.579705606Z", :level :debug, :message "handle-fraud-slashing", :context {:now 1130, :appeal-window 120, :ctx/scenario-id "test", :ctx/run-id "test-run", :ctx/event-index 4, :ctx/event-type "propose_fraud_slash"}}
DEBUG: slash-resolver-stake called for 0xResolver amount 500
Captured event evidence: slashing hash: sha256:ffffffeeffffffc3ffffffefffffff8affffffb9ffffffc5ffffffce6effffffd2ffffffe545546235ffffffff4d6024ffffffedfffffff41e1fffffffc9ffffffd0ffffffeb1fffffffa9ffffffd0ffffffad617304
Captured event evidence: :slash/prorata-allocation hash: nil
{:ts "2026-06-17T14:47:52.593303283Z", :level :info, :message "scenario/end", :context {:id "test", :outcome :pass, :ctx/scenario-id "test", :ctx/run-id "test-run"}}
{:ts "2026-06-17T14:47:52.593513144Z", :level :info, :message "scenario/start", :context {:id "test", :ctx/scenario-id "test", :ctx/run-id "test-run"}}
{:ts "2026-06-17T14:47:52.597767621Z", :level :info, :message "scenario/end", :context {:id "test", :outcome :pass, :ctx/scenario-id "test", :ctx/run-id "test-run"}}
{:ts "2026-06-17T14:47:52.597945802Z", :level :info, :message "scenario/start", :context {:id "test", :ctx/scenario-id "test", :ctx/run-id "test-run"}}
{:ts "2026-06-17T14:47:52.604838185Z", :level :debug, :message "Submitting resolution", :context {:caller "0xResolver", :workflow-id 0}}
{:ts "2026-06-17T14:47:52.608166490Z", :level :debug, :message "guard/rejected", :context {:block-time 1050, :appeal-deadline 1100, :workflow-id 0, :error :appeal-window-not-expired, :ctx/scenario-id "test", :ctx/run-id "test-run", :ctx/event-index 3, :ctx/event-type "execute_pending_settlement"}}
{:ts "2026-06-17T14:47:52.611286528Z", :level :info, :message "scenario/end", :context {:id "test", :outcome :pass, :ctx/scenario-id "test", :ctx/run-id "test-run"}}
{:ts "2026-06-17T14:47:52.611450642Z", :level :info, :message "scenario/start", :context {:id "test", :ctx/scenario-id "test", :ctx/run-id "test-run"}}
{:ts "2026-06-17T14:47:52.619301307Z", :level :info, :message "scenario/end", :context {:id "test", :outcome :pass, :ctx/scenario-id "test", :ctx/run-id "test-run"}}
{:ts "2026-06-17T14:47:52.619546476Z", :level :info, :message "scenario/start", :context {:id "test", :ctx/scenario-id "test", :ctx/run-id "test-run"}}
{:ts "2026-06-17T14:47:52.625683313Z", :level :info, :message "scenario/end", :context {:id "test", :outcome :pass, :ctx/scenario-id "test", :ctx/run-id "test-run"}}
{:ts "2026-06-17T14:47:52.625920557Z", :level :info, :message "scenario/start", :context {:id "test", :ctx/scenario-id "test", :ctx/run-id "test-run"}}
{:ts "2026-06-17T14:47:52.636089406Z", :level :info, :message "scenario/end", :context {:id "test", :outcome :pass, :ctx/scenario-id "test", :ctx/run-id "test-run"}}
{:ts "2026-06-17T14:47:52.636266905Z", :level :info, :message "scenario/start", :context {:id "test", :ctx/scenario-id "test", :ctx/run-id "test-run"}}
{:ts "2026-06-17T14:47:52.649427546Z", :level :info, :message "scenario/end", :context {:id "test", :outcome :pass, :ctx/scenario-id "test", :ctx/run-id "test-run"}}
{:ts "2026-06-17T14:47:52.649719525Z", :level :info, :message "scenario/start", :context {:id "test", :ctx/scenario-id "test", :ctx/run-id "test-run"}}
{:ts "2026-06-17T14:47:52.655701496Z", :level :debug, :message "Submitting resolution", :context {:caller "0xResolver0", :workflow-id 0}}
{:ts "2026-06-17T14:47:52.662210355Z", :level :debug, :message "Submitting resolution", :context {:caller "0xResolver1", :workflow-id 0}}
{:ts "2026-06-17T14:47:52.672191475Z", :level :debug, :message "Submitting resolution", :context {:caller "0xResolver2", :workflow-id 0}}
{:ts "2026-06-17T14:47:52.677959326Z", :level :info, :message "scenario/end", :context {:id "test", :outcome :pass, :ctx/scenario-id "test", :ctx/run-id "test-run"}}
{:ts "2026-06-17T14:47:52.678174849Z", :level :info, :message "scenario/start", :context {:id "test", :ctx/scenario-id "test", :ctx/run-id "test-run"}}
{:ts "2026-06-17T14:47:52.691296245Z", :level :info, :message "scenario/end", :context {:id "test", :outcome :pass, :ctx/scenario-id "test", :ctx/run-id "test-run"}}
{:ts "2026-06-17T14:47:52.691475608Z", :level :info, :message "scenario/start", :context {:id "test", :ctx/scenario-id "test", :ctx/run-id "test-run"}}
{:ts "2026-06-17T14:47:52.697232879Z", :level :info, :message "scenario/end", :context {:id "test", :outcome :pass, :ctx/scenario-id "test", :ctx/run-id "test-run"}}
{:ts "2026-06-17T14:47:52.697427271Z", :level :info, :message "scenario/start", :context {:id "test", :ctx/scenario-id "test", :ctx/run-id "test-run"}}
{:ts "2026-06-17T14:47:52.702230357Z", :level :info, :message "scenario/end", :context {:id "test", :outcome :pass, :ctx/scenario-id "test", :ctx/run-id "test-run"}}
{:ts "2026-06-17T14:47:52.702425831Z", :level :info, :message "scenario/start", :context {:id "test", :ctx/scenario-id "test", :ctx/run-id "test-run"}}
{:ts "2026-06-17T14:47:52.709603689Z", :level :debug, :message "Submitting resolution", :context {:caller "0xResolver", :workflow-id 0}}
{:ts "2026-06-17T14:47:52.711450532Z", :level :debug, :message "handle-fraud-slashing", :context {:now 1130, :appeal-window 100, :ctx/scenario-id "test", :ctx/run-id "test-run", :ctx/event-index 4, :ctx/event-type "propose_fraud_slash"}}
{:ts "2026-06-17T14:47:52.715586141Z", :level :info, :message "scenario/end", :context {:id "test", :outcome :pass, :ctx/scenario-id "test", :ctx/run-id "test-run"}}
{:ts "2026-06-17T14:47:52.715721410Z", :level :info, :message "scenario/start", :context {:id "test", :ctx/scenario-id "test", :ctx/run-id "test-run"}}
{:ts "2026-06-17T14:47:52.723724397Z", :level :info, :message "scenario/end", :context {:id "test", :outcome :pass, :ctx/scenario-id "test", :ctx/run-id "test-run"}}
{:ts "2026-06-17T14:47:52.723946211Z", :level :info, :message "scenario/start", :context {:id "test", :ctx/scenario-id "test", :ctx/run-id "test-run"}}
DEBUG: terminal-world trace count: 2
DEBUG: last entry has world?: true
{:ts "2026-06-17T14:47:52.740691729Z", :level :info, :message "scenario/end", :context {:id "test", :outcome :pass, :ctx/scenario-id "test", :ctx/run-id "test-run"}}
{:ts "2026-06-17T14:47:52.741004356Z", :level :info, :message "scenario/start", :context {:id "test", :ctx/scenario-id "test", :ctx/run-id "test-run"}}
{:ts "2026-06-17T14:47:52.751501283Z", :level :debug, :message "Submitting resolution", :context {:caller "0xResolver", :workflow-id 0}}
{:ts "2026-06-17T14:47:52.756285022Z", :level :info, :message "scenario/end", :context {:id "test", :outcome :pass, :ctx/scenario-id "test", :ctx/run-id "test-run"}}
{:ts "2026-06-17T14:47:52.756446792Z", :level :info, :message "scenario/start", :context {:id "test", :ctx/scenario-id "test", :ctx/run-id "test-run"}}
{:ts "2026-06-17T14:47:52.765582024Z", :level :info, :message "scenario/end", :context {:id "test", :outcome :pass, :ctx/scenario-id "test", :ctx/run-id "test-run"}}
{:ts "2026-06-17T14:47:52.765737441Z", :level :info, :message "scenario/start", :context {:id "test", :ctx/scenario-id "test", :ctx/run-id "test-run"}}
{:ts "2026-06-17T14:47:52.773333078Z", :level :info, :message "scenario/end", :context {:id "test", :outcome :pass, :ctx/scenario-id "test", :ctx/run-id "test-run"}}
{:ts "2026-06-17T14:47:52.773492894Z", :level :info, :message "scenario/start", :context {:id "test", :ctx/scenario-id "test", :ctx/run-id "test-run"}}
{:ts "2026-06-17T14:47:52.777386080Z", :level :info, :message "scenario/end", :context {:id "test", :outcome :pass, :ctx/scenario-id "test", :ctx/run-id "test-run"}}
{:ts "2026-06-17T14:47:52.777486793Z", :level :info, :message "scenario/start", :context {:id "test", :ctx/scenario-id "test", :ctx/run-id "test-run"}}
{:ts "2026-06-17T14:47:52.828271904Z", :level :info, :message "scenario/end", :context {:id "test", :outcome :pass, :ctx/scenario-id "test", :ctx/run-id "test-run"}}
{:ts "2026-06-17T14:47:52.828479231Z", :level :info, :message "scenario/start", :context {:id "test", :ctx/scenario-id "test", :ctx/run-id "test-run"}}
{:ts "2026-06-17T14:47:52.840542593Z", :level :debug, :message "Submitting resolution", :context {:caller "0xResolver", :workflow-id 0}}
{:ts "2026-06-17T14:47:52.844368401Z", :level :debug, :message "handle-fraud-slashing", :context {:now 1130, :appeal-window 120, :ctx/scenario-id "test", :ctx/run-id "test-run", :ctx/event-index 4, :ctx/event-type "propose_fraud_slash"}}
{:ts "2026-06-17T14:47:52.851872573Z", :level :debug, :message "Resolving appeal", :context {:appeal-upheld? true, :workflow-id 0, :slash-id 0}}
{:ts "2026-06-17T14:47:52.856766343Z", :level :info, :message "scenario/end", :context {:id "test", :outcome :pass, :ctx/scenario-id "test", :ctx/run-id "test-run"}}
{:ts "2026-06-17T14:47:52.856991774Z", :level :info, :message "scenario/start", :context {:id "test", :ctx/scenario-id "test", :ctx/run-id "test-run"}}
{:ts "2026-06-17T14:47:52.866953968Z", :level :debug, :message "Submitting resolution", :context {:caller "0xResolver", :workflow-id 0}}
{:ts "2026-06-17T14:47:52.870144310Z", :level :debug, :message "handle-fraud-slashing", :context {:now 1130, :appeal-window 120, :ctx/scenario-id "test", :ctx/run-id "test-run", :ctx/event-index 4, :ctx/event-type "propose_fraud_slash"}}
{:ts "2026-06-17T14:47:52.875695417Z", :level :debug, :message "Resolving appeal", :context {:appeal-upheld? false, :workflow-id 0, :slash-id 0}}
DEBUG: slash-resolver-stake called for 0xResolver amount 500
Captured event evidence: slashing hash: sha256:ffffffc3ffffffc861ffffff807cffffffd5ffffff8dffffffc5ffffffc5ffffffa1ffffffa9ffffffddffffffbe13ffffffc5ffffffea2150ffffffb850387417ffffffc8ffffffa54b7d55105b50ffffffc4
Captured event evidence: :slash/prorata-allocation hash: nil
{:ts "2026-06-17T14:47:52.887520734Z", :level :info, :message "scenario/end", :context {:id "test", :outcome :pass, :ctx/scenario-id "test", :ctx/run-id "test-run"}}
{:ts "2026-06-17T14:47:52.887717550Z", :level :info, :message "scenario/start", :context {:id "test", :ctx/scenario-id "test", :ctx/run-id "test-run"}}
{:ts "2026-06-17T14:47:52.897428113Z", :level :debug, :message "Submitting resolution", :context {:caller "0xResolver", :workflow-id 0}}
{:ts "2026-06-17T14:47:52.902660611Z", :level :info, :message "scenario/end", :context {:id "test", :outcome :pass, :ctx/scenario-id "test", :ctx/run-id "test-run"}}
{:ts "2026-06-17T14:47:52.902862126Z", :level :info, :message "scenario/start", :context {:id "test", :ctx/scenario-id "test", :ctx/run-id "test-run"}}
{:ts "2026-06-17T14:47:52.911543590Z", :level :info, :message "scenario/end", :context {:id "test", :outcome :pass, :ctx/scenario-id "test", :ctx/run-id "test-run"}}
{:ts "2026-06-17T14:47:52.911692765Z", :level :info, :message "scenario/start", :context {:id "test", :ctx/scenario-id "test", :ctx/run-id "test-run"}}
{:ts "2026-06-17T14:47:52.918896824Z", :level :info, :message "scenario/end", :context {:id "test", :outcome :pass, :ctx/scenario-id "test", :ctx/run-id "test-run"}}
{:ts "2026-06-17T14:47:52.919011964Z", :level :info, :message "scenario/start", :context {:id "test", :ctx/scenario-id "test", :ctx/run-id "test-run"}}
{:ts "2026-06-17T14:47:52.924861051Z", :level :debug, :message "Submitting resolution", :context {:caller "0xResolver", :workflow-id 0}}
{:ts "2026-06-17T14:47:52.926303300Z", :level :debug, :message "handle-fraud-slashing", :context {:now 1130, :appeal-window 120, :ctx/scenario-id "test", :ctx/run-id "test-run", :ctx/event-index 4, :ctx/event-type "propose_fraud_slash"}}
DEBUG: slash-resolver-stake called for 0xResolver amount 500
Captured event evidence: slashing hash: sha256:ffffffeeffffffc3ffffffefffffff8affffffb9ffffffc5ffffffce6effffffd2ffffffe545546235ffffffff4d6024ffffffedfffffff41e1fffffffc9ffffffd0ffffffeb1fffffffa9ffffffd0ffffffad617304
Captured event evidence: :slash/prorata-allocation hash: nil
{:ts "2026-06-17T14:47:52.934811082Z", :level :info, :message "scenario/end", :context {:id "test", :outcome :pass, :ctx/scenario-id "test", :ctx/run-id "test-run"}}
{:ts "2026-06-17T14:47:52.934900362Z", :level :info, :message "scenario/start", :context {:id "test", :ctx/scenario-id "test", :ctx/run-id "test-run"}}
{:ts "2026-06-17T14:47:52.937695338Z", :level :debug, :message "Submitting resolution", :context {:caller "0xResolver0", :workflow-id 0}}
{:ts "2026-06-17T14:47:52.940297585Z", :level :debug, :message "Submitting resolution", :context {:caller "0xResolver1", :workflow-id 0}}
{:ts "2026-06-17T14:47:52.945233295Z", :level :debug, :message "Submitting resolution", :context {:caller "0xResolver2", :workflow-id 0}}
{:ts "2026-06-17T14:47:52.948620664Z", :level :debug, :message "guard/rejected", :context {:escrow-state :released, :workflow-id 0, :error :transfer-not-in-dispute, :ctx/scenario-id nil, :ctx/run-id "-run", :ctx/event-index 7, :ctx/event-type "escalate_dispute"}}
{:ts "2026-06-17T14:47:52.959283067Z", :level :info, :message "scenario/end", :context {:id "test", :outcome :pass, :ctx/scenario-id "test", :ctx/run-id "test-run"}}
{:ts "2026-06-17T14:47:52.959422974Z", :level :info, :message "scenario/start", :context {:id "test", :ctx/scenario-id "test", :ctx/run-id "test-run"}}

Testing resolver-sim.protocols.sew.forking-strategist-expectations-test
{:ts "2026-06-17T14:47:52.965369518Z", :level :debug, :message "Submitting resolution", :context {:caller "0xl0", :workflow-id 0}}
{:ts "2026-06-17T14:47:52.968930819Z", :level :debug, :message "Submitting resolution", :context {:caller "0xl1", :workflow-id 0}}
{:ts "2026-06-17T14:47:52.972135719Z", :level :info, :message "scenario/end", :context {:id "s26-forking-strategist-l1-reversal", :outcome :pass, :ctx/scenario-id "s26-forking-strategist-l1-reversal", :ctx/run-id "s26-forking-strategist-l1-reversal-run"}}
{:ts "2026-06-17T14:47:52.972218006Z", :level :info, :message "scenario/start", :context {:id "s26-forking-strategist-l1-reversal", :ctx/scenario-id "s26-forking-strategist-l1-reversal", :ctx/run-id "s26-forking-strategist-l1-reversal-run"}}
{:ts "2026-06-17T14:47:52.976752439Z", :level :debug, :message "Submitting resolution", :context {:caller "0xl0", :workflow-id 0}}
{:ts "2026-06-17T14:47:52.980107025Z", :level :debug, :message "Submitting resolution", :context {:caller "0xl1", :workflow-id 0}}
{:ts "2026-06-17T14:47:52.983976095Z", :level :debug, :message "Submitting resolution", :context {:caller "0xl2", :workflow-id 0}}
{:ts "2026-06-17T14:47:52.986082513Z", :level :debug, :message "guard/rejected", :context {:escrow-state :refunded, :workflow-id 0, :error :transfer-not-in-dispute, :ctx/scenario-id "s27-forking-strategist-l2-fork", :ctx/run-id "s27-forking-strategist-l2-fork-run", :ctx/event-index 7, :ctx/event-type "execute_pending_settlement"}}
{:ts "2026-06-17T14:47:52.986352580Z", :level :info, :message "scenario/end", :context {:id "s27-forking-strategist-l2-fork", :outcome :pass, :ctx/scenario-id "s27-forking-strategist-l2-fork", :ctx/run-id "s27-forking-strategist-l2-fork-run"}}
{:ts "2026-06-17T14:47:52.986434236Z", :level :info, :message "scenario/start", :context {:id "s27-forking-strategist-l2-fork", :ctx/scenario-id "s27-forking-strategist-l2-fork", :ctx/run-id "s27-forking-strategist-l2-fork-run"}}
{:ts "2026-06-17T14:47:52.990508158Z", :level :debug, :message "Submitting resolution", :context {:caller "0xl0", :workflow-id 0}}
{:ts "2026-06-17T14:47:52.992258616Z", :level :debug, :message "guard/rejected", :context {:block-time 1185, :appeal-deadline 1180, :workflow-id 0, :error :appeal-window-expired, :ctx/scenario-id "s28-forking-strategist-late-escalation-rejected", :ctx/run-id "s28-forking-strategist-late-escalation-rejected-run", :ctx/event-index 3, :ctx/event-type "escalate_dispute"}}
{:ts "2026-06-17T14:47:52.994905789Z", :level :info, :message "scenario/end", :context {:id "s28-forking-strategist-late-escalation-rejected", :outcome :pass, :ctx/scenario-id "s28-forking-strategist-late-escalation-rejected", :ctx/run-id "s28-forking-strategist-late-escalation-rejected-run"}}
{:ts "2026-06-17T14:47:52.995027902Z", :level :info, :message "scenario/start", :context {:id "s28-forking-strategist-late-escalation-rejected", :ctx/scenario-id "s28-forking-strategist-late-escalation-rejected", :ctx/run-id "s28-forking-strategist-late-escalation-rejected-run"}}
{:ts "2026-06-17T14:47:53.000355562Z", :level :debug, :message "Submitting resolution", :context {:caller "0xl0", :workflow-id 0}}
{:ts "2026-06-17T14:47:53.004910504Z", :level :debug, :message "Submitting resolution", :context {:caller "0xl1", :workflow-id 0}}
{:ts "2026-06-17T14:47:53.009547793Z", :level :info, :message "scenario/end", :context {:id "s29-forking-strategist-seller-escalates", :outcome :pass, :ctx/scenario-id "s29-forking-strategist-seller-escalates", :ctx/run-id "s29-forking-strategist-seller-escalates-run"}}
{:ts "2026-06-17T14:47:53.009679856Z", :level :info, :message "scenario/start", :context {:id "s29-forking-strategist-seller-escalates", :ctx/scenario-id "s29-forking-strategist-seller-escalates", :ctx/run-id "s29-forking-strategist-seller-escalates-run"}}
{:ts "2026-06-17T14:47:53.014412778Z", :level :debug, :message "Submitting resolution", :context {:caller "0xl0", :workflow-id 0}}
{:ts "2026-06-17T14:47:53.017380594Z", :level :debug, :message "Submitting resolution", :context {:caller "0xl1", :workflow-id 0}}
{:ts "2026-06-17T14:47:53.020911888Z", :level :info, :message "scenario/end", :context {:id "s30-forking-strategist-double-loss", :outcome :pass, :ctx/scenario-id "s30-forking-strategist-double-loss", :ctx/run-id "s30-forking-strategist-double-loss-run"}}
{:ts "2026-06-17T14:47:53.021063338Z", :level :info, :message "scenario/start", :context {:id "s30-forking-strategist-double-loss", :ctx/scenario-id "s30-forking-strategist-double-loss", :ctx/run-id "s30-forking-strategist-double-loss-run"}}
{:ts "2026-06-17T14:47:53.030278743Z", :level :debug, :message "Submitting resolution", :context {:caller "0xl0", :workflow-id 0}}
{:ts "2026-06-17T14:47:53.034061508Z", :level :debug, :message "Submitting resolution", :context {:caller "0xl1", :workflow-id 0}}
{:ts "2026-06-17T14:47:53.038297560Z", :level :debug, :message "Submitting resolution", :context {:caller "0xl2", :workflow-id 0}}
{:ts "2026-06-17T14:47:53.041369796Z", :level :debug, :message "guard/rejected", :context {:escrow-state :released, :workflow-id 0, :error :transfer-not-in-dispute, :ctx/scenario-id "s31-forking-strategist-all-levels-confirm", :ctx/run-id "s31-forking-strategist-all-levels-confirm-run", :ctx/event-index 7, :ctx/event-type "escalate_dispute"}}
{:ts "2026-06-17T14:47:53.041695709Z", :level :debug, :message "guard/rejected", :context {:escrow-state :released, :workflow-id 0, :error :transfer-not-in-dispute, :ctx/scenario-id "s31-forking-strategist-all-levels-confirm", :ctx/run-id "s31-forking-strategist-all-levels-confirm-run", :ctx/event-index 8, :ctx/event-type "execute_pending_settlement"}}
{:ts "2026-06-17T14:47:53.041983009Z", :level :info, :message "scenario/end", :context {:id "s31-forking-strategist-all-levels-confirm", :outcome :pass, :ctx/scenario-id "s31-forking-strategist-all-levels-confirm", :ctx/run-id "s31-forking-strategist-all-levels-confirm-run"}}
{:ts "2026-06-17T14:47:53.042064545Z", :level :info, :message "scenario/start", :context {:id "s31-forking-strategist-all-levels-confirm", :ctx/scenario-id "s31-forking-strategist-all-levels-confirm", :ctx/run-id "s31-forking-strategist-all-levels-confirm-run"}}
{:ts "2026-06-17T14:47:53.046478527Z", :level :debug, :message "Submitting resolution", :context {:caller "0xl0", :workflow-id 0}}
{:ts "2026-06-17T14:47:53.051852986Z", :level :debug, :message "Submitting resolution", :context {:caller "0xl1", :workflow-id 0}}
{:ts "2026-06-17T14:47:53.053807715Z", :level :debug, :message "guard/rejected", :context {:block-time 1200, :appeal-deadline 1250, :workflow-id 0, :error :appeal-window-not-expired, :ctx/scenario-id "s32-forking-strategist-premature-settlement-rejected", :ctx/run-id "s32-forking-strategist-premature-settlement-rejected-run", :ctx/event-index 5, :ctx/event-type "execute_pending_settlement"}}
{:ts "2026-06-17T14:47:53.056203757Z", :level :info, :message "scenario/end", :context {:id "s32-forking-strategist-premature-settlement-rejected", :outcome :pass, :ctx/scenario-id "s32-forking-strategist-premature-settlement-rejected", :ctx/run-id "s32-forking-strategist-premature-settlement-rejected-run"}}
{:ts "2026-06-17T14:47:53.056292066Z", :level :info, :message "scenario/start", :context {:id "s32-forking-strategist-premature-settlement-rejected", :ctx/scenario-id "s32-forking-strategist-premature-settlement-rejected", :ctx/run-id "s32-forking-strategist-premature-settlement-rejected-run"}}
{:ts "2026-06-17T14:47:53.062397313Z", :level :debug, :message "Submitting resolution", :context {:caller "0xl0", :workflow-id 0}}
{:ts "2026-06-17T14:47:53.064151919Z", :level :debug, :message "Submitting resolution", :context {:caller "0xl0", :workflow-id 1}}
{:ts "2026-06-17T14:47:53.072780822Z", :level :debug, :message "Submitting resolution", :context {:caller "0xl1", :workflow-id 0}}
{:ts "2026-06-17T14:47:53.077197570Z", :level :info, :message "scenario/end", :context {:id "s33-forking-strategist-two-escrow-fork-isolation", :outcome :pass, :ctx/scenario-id "s33-forking-strategist-two-escrow-fork-isolation", :ctx/run-id "s33-forking-strategist-two-escrow-fork-isolation-run"}}
{:ts "2026-06-17T14:47:53.077329462Z", :level :info, :message "scenario/start", :context {:id "s33-forking-strategist-two-escrow-fork-isolation", :ctx/scenario-id "s33-forking-strategist-two-escrow-fork-isolation", :ctx/run-id "s33-forking-strategist-two-escrow-fork-isolation-run"}}

Testing resolver-sim.protocols.sew.slashing-test
{:ts "2026-06-17T14:47:53.078774977Z", :level :debug, :message "Submitting resolution", :context {:caller "0xRes", :workflow-id 0}}
{:ts "2026-06-17T14:47:53.079109416Z", :level :debug, :message "handle-fraud-slashing", :context {:now 1000, :appeal-window 10}}
DEBUG: slash-resolver-stake called for 0xRes amount 200
Captured event evidence: slashing hash: sha256:0a7721ffffffe43dfffffff5ffffffb557ffffffb2ffffff8effffffa3ffffffdd42ffffffb7fffffff479ffffffc025ffffff96ffffffddffffffea3668233602fffffff6fffffffa60ffffff997047
Captured event evidence: :slash/prorata-allocation hash: nil
{:ts "2026-06-17T14:47:53.082793573Z", :level :debug, :message "Resolving appeal", :context {:appeal-upheld? true, :workflow-id 0, :slash-id "0-reversal-0"}}
{:ts "2026-06-17T14:47:53.083647416Z", :level :debug, :message "Submitting resolution", :context {:caller "0xL0Res", :workflow-id 0}}
{:ts "2026-06-17T14:47:53.084455221Z", :level :debug, :message "Submitting resolution", :context {:caller "0xL1Res", :workflow-id 0}}
DEBUG: slash-resolver-stake called for 0xL0Res amount 2500
Captured event evidence: slashing hash: sha256:ffffffefffffff914437ffffffde5effffff87fffffff64cffffffa8ffffffed7b3f21725110ffffffbcfffffff1fffffffa4113ffffff8affffffd52fffffffe22affffffa0ffffffcd13150b
{:ts "2026-06-17T14:47:53.085684312Z", :level :debug, :message "Submitting resolution", :context {:caller "0xL0Res", :workflow-id 0}}
{:ts "2026-06-17T14:47:53.085802808Z", :level :debug, :message "Submitting resolution", :context {:caller "0xL1Res", :workflow-id 0}}
DEBUG: slash-resolver-stake called for 0xL0Res amount 2500
Captured event evidence: slashing hash: sha256:ffffffefffffff914437ffffffde5effffff87fffffff64cffffffa8ffffffed7b3f21725110ffffffbcfffffff1fffffffa4113ffffff8affffffd52fffffffe22affffffa0ffffffcd13150b
{:ts "2026-06-17T14:47:53.086891801Z", :level :debug, :message "Submitting resolution", :context {:caller "0xRes", :workflow-id 0}}
{:ts "2026-06-17T14:47:53.087617609Z", :level :debug, :message "handle-fraud-slashing", :context {:now 1000, :appeal-window 100}}
{:ts "2026-06-17T14:47:53.088262503Z", :level :debug, :message "handle-fraud-slashing", :context {:now 1000, :appeal-window 100}}
DEBUG: slash-resolver-stake called for 0xRes1 amount 50
Captured event evidence: slashing hash: sha256:215f127b17ffffffa906ffffffa513276a061c65286effffffe3ffffffe46effffffcbffffff9c0dfffffffd4fffffff8f13217fffffff81ffffffabffffffb4ffffff86
DEBUG: slash-resolver-stake called for 0xRes2 amount 50
Captured event evidence: slashing hash: sha256:ffffffeb47fffffff0ffffffd2466bffffff802667ffffffe6ffffffe250ffffff89ffffffadffffffc2ffffff94ffffffdcffffffb73028fffffffb02145fffffffc1fffffff23b7effffffe108fffffff2ffffffef
{:ts "2026-06-17T14:47:53.089876950Z", :level :debug, :message "Submitting resolution", :context {:caller "0xRes", :workflow-id 0}}
{:ts "2026-06-17T14:47:53.089996088Z", :level :debug, :message "handle-fraud-slashing", :context {:now 1000, :appeal-window 10}}

FAIL in (slashing-accounting-consistency) (slashing_test.clj:115)
Slash accounting consistency: balances and stakes
Post-slash stake should match
expected: (= (- stake-amount slash-amount) post-stake)
  actual: (not (= 600 0))

FAIL in (slashing-accounting-consistency) (slashing_test.clj:116)
Slash accounting consistency: balances and stakes
Slash total should match distributed sum
expected: (= expected-total slash-total)
  actual: (not (= 400 0))
{:ts "2026-06-17T14:47:53.092498805Z", :level :debug, :message "Submitting resolution", :context {:caller "0xRes", :workflow-id 0}}
{:ts "2026-06-17T14:47:53.092605038Z", :level :debug, :message "handle-fraud-slashing", :context {:now 1000, :appeal-window 100}}
{:ts "2026-06-17T14:47:53.092683669Z", :level :debug, :message "Resolving appeal", :context {:appeal-upheld? true, :workflow-id 0, :slash-id 0}}
{:ts "2026-06-17T14:47:53.093479621Z", :level :debug, :message "Submitting resolution", :context {:caller "0xL0Res", :workflow-id 0}}
{:ts "2026-06-17T14:47:53.093609579Z", :level :debug, :message "Submitting resolution", :context {:caller "0xL1Res", :workflow-id 0}}
DEBUG: slash-resolver-stake called for 0xL0Res amount 2500
Captured event evidence: slashing hash: sha256:ffffffefffffff914437ffffffde5effffff87fffffff64cffffffa8ffffffed7b3f21725110ffffffbcfffffff1fffffffa4113ffffff8affffffd52fffffffe22affffffa0ffffffcd13150b
{:ts "2026-06-17T14:47:53.094928783Z", :level :debug, :message "Submitting resolution", :context {:caller "0xL0Res", :workflow-id 0}}
{:ts "2026-06-17T14:47:53.095054884Z", :level :debug, :message "Submitting resolution", :context {:caller "0xL1Res", :workflow-id 0}}
DEBUG: slash-resolver-stake called for 0xL0Res amount 2500
Captured event evidence: slashing hash: sha256:ffffffefffffff914437ffffffde5effffff87fffffff64cffffffa8ffffffed7b3f21725110ffffffbcfffffff1fffffffa4113ffffff8affffffd52fffffffe22affffffa0ffffffcd13150b
{:ts "2026-06-17T14:47:53.096588797Z", :level :debug, :message "Submitting resolution", :context {:caller "0xRes0", :workflow-id 0}}
{:ts "2026-06-17T14:47:53.096734416Z", :level :debug, :message "handle-fraud-slashing", :context {:now 1000, :appeal-window 2000000}}
DEBUG: slash-resolver-stake called for 0xRes0 amount 5000
Captured event evidence: slashing hash: sha256:ffffffe27bffffffc0ffffff96ffffff943948ffffffb4fffffffe0dffffffea05ffffffb4ffffffa6ffffff82ffffffba25ffffffae59ffffffb6ffffffca53ffffff86ffffffb6ffffffba6a0236ffffffeaffffff8966ffffffc4
Captured event evidence: :slash/prorata-allocation hash: nil
{:ts "2026-06-17T14:47:53.098567702Z", :level :debug, :message "Submitting resolution", :context {:caller "0xRes1", :workflow-id 0}}
DEBUG: slash-resolver-stake called for 0xRes0 amount 1250
Captured event evidence: slashing hash: sha256:ffffffefffffff8134ffffffba7a620069ffffffa1115e4416ffffff83776d2321ffffffa8ffffffe7fffffffd01ffffffe750ffffffbf252effffffa0ffffff847e1e07
{:ts "2026-06-17T14:47:53.099674990Z", :level :debug, :message "Submitting resolution", :context {:caller "0xRes", :workflow-id 0}}
{:ts "2026-06-17T14:47:53.099789990Z", :level :debug, :message "handle-fraud-slashing", :context {:now 1000, :appeal-window 10}}
{:ts "2026-06-17T14:47:53.100228869Z", :level :debug, :message "Submitting resolution", :context {:caller "0xL0Res", :workflow-id 0}}
{:ts "2026-06-17T14:47:53.100360581Z", :level :debug, :message "Submitting resolution", :context {:caller "0xL1Res", :workflow-id 0}}
{:ts "2026-06-17T14:47:53.100795152Z", :level :debug, :message "Submitting resolution", :context {:caller "0xRes", :workflow-id 0}}
{:ts "2026-06-17T14:47:53.100889192Z", :level :debug, :message "handle-fraud-slashing", :context {:now 1000, :appeal-window 100}}
{:ts "2026-06-17T14:47:53.100955158Z", :level :debug, :message "Resolving appeal", :context {:appeal-upheld? false, :workflow-id 0, :slash-id 0}}
{:ts "2026-06-17T14:47:53.102139594Z", :level :debug, :message "Submitting resolution", :context {:caller "0xL0Res", :workflow-id 0}}
{:ts "2026-06-17T14:47:53.102284721Z", :level :debug, :message "Submitting resolution", :context {:caller "0xL1Res", :workflow-id 0}}
DEBUG: slash-resolver-stake called for 0xL0Res amount 5000
Captured event evidence: slashing hash: sha256:7cfffffffc69fffffff3fffffff0ffffffd7ffffffc92bffffffd8ffffff881bffffff915c181b061874ffffff8effffff97ffffffff45ffffff833a0441fffffffe02ffffffd3ffffffd6ffffffe75b
{:ts "2026-06-17T14:47:53.103444830Z", :level :debug, :message "Submitting resolution", :context {:caller "0xL0Res", :workflow-id 0}}
{:ts "2026-06-17T14:47:53.103585309Z", :level :debug, :message "Submitting resolution", :context {:caller "0xL1Res", :workflow-id 0}}
DEBUG: slash-resolver-stake called for 0xL0Res amount 2500
Captured event evidence: slashing hash: sha256:ffffffefffffff914437ffffffde5effffff87fffffff64cffffffa8ffffffed7b3f21725110ffffffbcfffffff1fffffffa4113ffffff8affffffd52fffffffe22affffffa0ffffffcd13150b
{:ts "2026-06-17T14:47:53.105538344Z", :level :debug, :message "Resolving appeal", :context {:appeal-upheld? true, :workflow-id 42, :slash-id "42-reversal-0"}}
{:ts "2026-06-17T14:47:53.106166947Z", :level :debug, :message "Resolving appeal", :context {:appeal-upheld? true, :workflow-id 0, :slash-id "s1"}}
{:ts "2026-06-17T14:47:53.106704234Z", :level :debug, :message "Submitting resolution", :context {:caller "0xRes", :workflow-id 0}}
{:ts "2026-06-17T14:47:53.106874730Z", :level :debug, :message "handle-fraud-slashing", :context {:now 1000, :appeal-window 100}}
{:ts "2026-06-17T14:47:53.107261069Z", :level :debug, :message "Submitting resolution", :context {:caller "0xRes", :workflow-id 0}}
{:ts "2026-06-17T14:47:53.107447656Z", :level :debug, :message "handle-fraud-slashing", :context {:now 1000, :appeal-window 0}}
DEBUG: slash-resolver-stake called for 0xRes amount 300
Captured event evidence: slashing hash: sha256:ffffffa1ffffff8350ffffffae1c1affffffde6ffffffff3ffffffab782b26630effffffc52fffffffeeffffff8c7842ffffff8f17ffffffa74fffffffb0ffffffef494148ffffffd625
Captured event evidence: :slash/prorata-allocation hash: nil
{:ts "2026-06-17T14:47:53.109453462Z", :level :debug, :message "Submitting resolution", :context {:caller "0xRes", :workflow-id 0}}
{:ts "2026-06-17T14:47:53.109567370Z", :level :debug, :message "handle-fraud-slashing", :context {:now 1000, :appeal-window 86400}}
{:ts "2026-06-17T14:47:53.109952096Z", :level :debug, :message "Resolving appeal", :context {:appeal-upheld? true, :workflow-id 0, :slash-id 0}}
{:ts "2026-06-17T14:47:53.110189831Z", :level :debug, :message "Submitting resolution", :context {:caller "0xL0Res", :workflow-id 0}}
{:ts "2026-06-17T14:47:53.110334998Z", :level :debug, :message "Submitting resolution", :context {:caller "0xL1Res", :workflow-id 0}}
DEBUG: slash-resolver-stake called for 0xL0Res amount 2500
Captured event evidence: slashing hash: sha256:ffffffefffffff914437ffffffde5effffff87fffffff64cffffffa8ffffffed7b3f21725110ffffffbcfffffff1fffffffa4113ffffff8affffffd52fffffffe22affffffa0ffffffcd13150b
DEBUG: slash-resolver-stake called for 0xL0Res amount 1875
Captured event evidence: slashing hash: sha256:44ffffffb4ffffffa1ffffff944246ffffffcc19ffffffc3345c7e33ffffffdaffffffbb16fffffff0ffffffc6fffffffaffffffe45fffffffd02affffff827affffffbcffffff811afffffffe69ffffffe64b
{:ts "2026-06-17T14:47:53.111865115Z", :level :debug, :message "Resolving appeal", :context {:appeal-upheld? true, :workflow-id 0, :slash-id "0-reversal-0"}}

Testing resolver-sim.protocols.sew.phase-k-test
{:ts "2026-06-17T14:47:53.112553121Z", :level :debug, :message "Submitting resolution", :context {:caller "0xRes0", :workflow-id 0}}
{:ts "2026-06-17T14:47:53.112672369Z", :level :debug, :message "Submitting resolution", :context {:caller "0xRes1", :workflow-id 0}}
DEBUG: slash-resolver-stake called for 0xRes0 amount 1250
Captured event evidence: slashing hash: sha256:ffffffefffffff8134ffffffba7a620069ffffffa1115e4416ffffff83776d2321ffffffa8ffffffe7fffffffd01ffffffe750ffffffbf252effffffa0ffffff847e1e07
{:ts "2026-06-17T14:47:53.114929265Z", :level :debug, :message "Submitting resolution", :context {:caller "0xRes", :workflow-id 0}}
{:ts "2026-06-17T14:47:53.115029707Z", :level :debug, :message "handle-fraud-slashing", :context {:now 1000, :appeal-window 86400}}
DEBUG: slash-resolver-stake called for 0xRes amount 5000
Captured event evidence: slashing hash: sha256:46ffffffc7773a6121ffffff8dffffff91ffffffceffffff9d2740ffffffe3685803ffffffdfffffffaeffffffee64ffffffe03379ffffffb136036d6effffff8bfffffff7ffffffdfffffffd8
Captured event evidence: :slash/prorata-allocation hash: nil

Testing resolver-sim.protocols.sew.phase-m-test
{:ts "2026-06-17T14:47:53.117372077Z", :level :debug, :message "Submitting resolution", :context {:caller "0xRes0", :workflow-id 0}}
{:ts "2026-06-17T14:47:53.117558684Z", :level :debug, :message "Submitting resolution", :context {:caller "0xRes1", :workflow-id 0}}
{:ts "2026-06-17T14:47:53.118018834Z", :level :debug, :message "Submitting resolution", :context {:caller "0xRes2", :workflow-id 0}}
{:ts "2026-06-17T14:47:53.118529371Z", :level :debug, :message "Submitting resolution", :context {:caller "0xRes0", :workflow-id 0}}
{:ts "2026-06-17T14:47:53.118775542Z", :level :debug, :message "Submitting resolution", :context {:caller "0xRes1", :workflow-id 0}}
{:ts "2026-06-17T14:47:53.119216405Z", :level :debug, :message "Submitting resolution", :context {:caller "0xRes0", :workflow-id 0}}
{:ts "2026-06-17T14:47:53.119535976Z", :level :debug, :message "Submitting resolution", :context {:caller "0xRes1", :workflow-id 0}}
DEBUG: slash-resolver-stake called for 0xRes0 amount 2000
Captured event evidence: slashing hash: sha256:ffffff852dffffffc018ffffff86ffffffc2ffffffe1ffffff900bffffff8e15ffffffa25a0f762f17ffffffb80444ffffff8cfffffffc08ffffff8a362cffffffadffffffb649ffffffb3ffffffbbffffffb6
{:ts "2026-06-17T14:47:53.120331528Z", :level :debug, :message "Submitting resolution", :context {:caller "0xRes1", :workflow-id 0}}
{:ts "2026-06-17T14:47:53.120741782Z", :level :debug, :message "Resolving appeal", :context {:appeal-upheld? true, :workflow-id 0, :slash-id "0-reversal-0"}}

Testing resolver-sim.scenario.expectations-test

Testing resolver-sim.scenario.equilibrium-test
DEBUG: terminal-world trace count: 2
DEBUG: last entry has world?: true
DEBUG: terminal-world trace count: 1
DEBUG: last entry has world?: true
DEBUG: terminal-world trace count: 1
DEBUG: last entry has world?: true
DEBUG: terminal-world trace count: 1
DEBUG: last entry has world?: true
DEBUG: terminal-world trace count: 1
DEBUG: last entry has world?: true
DEBUG: terminal-world trace count: 1
DEBUG: last entry has world?: true
DEBUG: terminal-world trace count: 1
DEBUG: last entry has world?: true
DEBUG: terminal-world trace count: 1
DEBUG: last entry has world?: true
DEBUG: terminal-world trace count: 1
DEBUG: last entry has world?: true
DEBUG: terminal-world trace count: 1
DEBUG: last entry has world?: true
DEBUG: terminal-world trace count: 1
DEBUG: last entry has world?: true
DEBUG: terminal-world trace count: 1
DEBUG: last entry has world?: true
DEBUG: terminal-world trace count: 2
DEBUG: last entry has world?: true
DEBUG: terminal-world trace count: 2
DEBUG: last entry has world?: true
DEBUG: terminal-world trace count: 2
DEBUG: last entry has world?: true
DEBUG: terminal-world trace count: 2
DEBUG: last entry has world?: true
DEBUG: terminal-world trace count: 2
DEBUG: last entry has world?: true
DEBUG: terminal-world trace count: 2
DEBUG: last entry has world?: true
DEBUG: terminal-world trace count: 2
DEBUG: last entry has world?: true
DEBUG: result status: :inconclusive offending: []

FAIL in (test-bounded-public-state-epsilon-spe-fail-deviation) (equilibrium_test.clj:659)
:bounded-public-state-epsilon-spe fails when regret exceeds threshold
expected: (= :fail (:status result))
  actual: (not (= :fail :inconclusive))

FAIL in (test-bounded-public-state-epsilon-spe-fail-deviation) (equilibrium_test.clj:660)
:bounded-public-state-epsilon-spe fails when regret exceeds threshold
expected: (seq (:offending result))
  actual: (not (seq []))
DEBUG: terminal-world trace count: 4
DEBUG: last entry has world?: true
DEBUG: terminal-world trace count: 2
DEBUG: last entry has world?: true
DEBUG: terminal-world trace count: 2
DEBUG: last entry has world?: true
DEBUG: terminal-world trace count: 1
DEBUG: last entry has world?: true
DEBUG: terminal-world trace count: 2
DEBUG: last entry has world?: true
DEBUG: terminal-world trace count: 2
DEBUG: last entry has world?: true
DEBUG: terminal-world trace count: 2
DEBUG: last entry has world?: true
DEBUG: terminal-world trace count: 2
DEBUG: last entry has world?: true
DEBUG: terminal-world trace count: 2
DEBUG: last entry has world?: true
DEBUG: terminal-world trace count: 4
DEBUG: last entry has world?: true
DEBUG: terminal-world trace count: 2
DEBUG: last entry has world?: true
DEBUG: terminal-world trace count: 2
DEBUG: last entry has world?: true

FAIL in (test-spe-counterexamples-on-fail) (equilibrium_test.clj:620)
:spe-counterexamples non-empty on profitable deviation
expected: (seq (:spe-counterexamples obs))
  actual: (not (seq []))

FAIL in (test-spe-counterexamples-on-fail) (equilibrium_test.clj:622)
:spe-counterexamples non-empty on profitable deviation
expected: (= :profitable-deviation (:failure/type ce))
  actual: (not (= :profitable-deviation nil))

FAIL in (test-spe-counterexamples-on-fail) (equilibrium_test.clj:623)
:spe-counterexamples non-empty on profitable deviation
expected: (string? (:node/id ce))
  actual: (not (string? nil))
DEBUG: terminal-world trace count: 4
DEBUG: last entry has world?: true
DEBUG: terminal-world trace count: 4
DEBUG: last entry has world?: true
DEBUG: terminal-world trace count: 2
DEBUG: last entry has world?: true
DEBUG: terminal-world trace count: 2
DEBUG: last entry has world?: true
DEBUG: terminal-world trace count: 2
DEBUG: last entry has world?: true
DEBUG: terminal-world trace count: 2
DEBUG: last entry has world?: true
DEBUG: terminal-world trace count: 2
DEBUG: last entry has world?: true
DEBUG: terminal-world trace count: 1
DEBUG: last entry has world?: true
DEBUG: terminal-world trace count: 1
DEBUG: last entry has world?: true

Testing resolver-sim.sim.multi-epoch-test

🔁 Running Phase J: Multi-Epoch Reputation Simulation
   Epochs: 8
   Trials per epoch: 80
   Initial resolvers: 10
   Strategy mix: {:honest 0.6, :lazy 0.1, :malicious 0.2, :collusive 0.1}

   Epoch 1: honest=150, malice=-9, dominance=Infinity×
   Epoch 2: honest=150, malice=-122, dominance=Infinity×
   Epoch 3: honest=150, malice=-84, dominance=Infinity×
   Epoch 4: honest=150, malice=-19, dominance=Infinity×
   Epoch 5: honest=150, malice=-75, dominance=Infinity×
   Epoch 6: honest=150, malice=-66, dominance=Infinity×
   Epoch 7: honest=150, malice=-19, dominance=Infinity×
   Epoch 8: honest=150, malice=-159, dominance=Infinity×

✓ Phase J complete. Final state:
   Resolvers exited: 3 (4 slashed, 0 natural)
   Honest cumulative: 96000
   Malice cumulative: -35250
   Win rate - honest: 100.0%
   Win rate - malice: 0.0%


── Stochastic Equilibrium Claims ─────────────────────────────────────────
  ✅ strategy-adaptation-compatibility        no strategy-space mismatch detected for adaptation targets
  ✅ malice-net-profit-negative               Malice cumulative profit = -35250 < 0: slashing deters net profit
  ✅ honest-dominates                         dominance-ratio=Infinity ≥ 1.2 at final epoch 8
  ✅ slashing-deters                          malice win-rate=0.0% < honest=100.0%: slashing reduces win frequency
  ❌ participation-stable                     exit-rate=30.0% ≥ 20%: significant resolver attrition
  ❌ honest-survival-rate                     honest survival=100.0% ≤ malice survival=100.0%

  Overall: fail  (4/6 claims pass (2 fail, 0 inconclusive))

── Mechanism-Property Proxies (multi-epoch population) ────────────────────
  ❌ budget-balance                           net value sum=60750 suggests outflow imbalance (honest=96000 malice=-35250)
  ✅ collusion-resistance                     malice pool ×1.00 of initial (≤1.1): no coalition growth detected
  ✅ incentive-compatibility                  honest profit=96000≥malice=-35250 and win-rate=100.0%≥0.0%
  ✅ individual-rationality                   honest cumulative profit=96000 > 0: participation individually rational

  Mechanism proxies: fail
───────────────────────────────────────────────────────────────────────────

🔁 Running Phase J: Multi-Epoch Reputation Simulation
   Epochs: 2
   Trials per epoch: 20
   Initial resolvers: 10
   Strategy mix: {:honest 0.6, :lazy 0.1, :malicious 0.2, :collusive 0.1}

   Epoch 1: honest=150, malice=-188, dominance=Infinity×
   Epoch 2: honest=150, malice=113, dominance=1.3×

✓ Phase J complete. Final state:
   Resolvers exited: 0 (0 slashed, 0 natural)
   Honest cumulative: 6000
   Malice cumulative: -1500
   Win rate - honest: 100.0%
   Win rate - malice: 0.0%


── Stochastic Equilibrium Claims ─────────────────────────────────────────
  ✅ strategy-adaptation-compatibility        no strategy-space mismatch detected for adaptation targets
  ✅ malice-net-profit-negative               Malice cumulative profit = -1500 < 0: slashing deters net profit
  ✅ honest-dominates                         dominance-ratio=1.33 ≥ 1.2 at final epoch 2
  ✅ slashing-deters                          malice win-rate=0.0% < honest=100.0%: slashing reduces win frequency
  ✅ participation-stable                     exit-rate=0.0% < 20%: resolver pool is stable
  ❌ honest-survival-rate                     honest survival=100.0% ≤ malice survival=100.0%

  Overall: fail  (5/6 claims pass (1 fail, 0 inconclusive))

── Mechanism-Property Proxies (multi-epoch population) ────────────────────
  ❌ budget-balance                           net value sum=4500 suggests outflow imbalance (honest=6000 malice=-1500)
  ✅ collusion-resistance                     malice pool ×1.00 of initial (≤1.1): no coalition growth detected
  ✅ incentive-compatibility                  honest profit=6000≥malice=-1500 and win-rate=100.0%≥0.0%
  ✅ individual-rationality                   honest cumulative profit=6000 > 0: participation individually rational

  Mechanism proxies: fail
───────────────────────────────────────────────────────────────────────────

🔁 Running Phase J: Multi-Epoch Reputation Simulation
   Epochs: 5
   Trials per epoch: 100
   Initial resolvers: 10
   Strategy mix: {:honest 0.6, :lazy 0.1, :malicious 0.2, :collusive 0.1}

   Epoch 1: honest=150, malice=-30, dominance=Infinity×
   Epoch 2: honest=150, malice=45, dominance=3.3×
   Epoch 3: honest=150, malice=-90, dominance=Infinity×
   Epoch 4: honest=150, malice=-60, dominance=Infinity×
   Epoch 5: honest=150, malice=8, dominance=20.0×

✓ Phase J complete. Final state:
   Resolvers exited: 2 (2 slashed, 0 natural)
   Honest cumulative: 75000
   Malice cumulative: -2250
   Win rate - honest: 100.0%
   Win rate - malice: 0.0%


── Stochastic Equilibrium Claims ─────────────────────────────────────────
  ✅ strategy-adaptation-compatibility        no strategy-space mismatch detected for adaptation targets
  ✅ malice-net-profit-negative               Malice cumulative profit = -2250 < 0: slashing deters net profit
  ✅ honest-dominates                         dominance-ratio=20.00 ≥ 1.2 at final epoch 5
  ✅ slashing-deters                          malice win-rate=0.0% < honest=100.0%: slashing reduces win frequency
  ❌ participation-stable                     exit-rate=20.0% ≥ 20%: significant resolver attrition
  ❌ honest-survival-rate                     honest survival=100.0% ≤ malice survival=100.0%

  Overall: fail  (4/6 claims pass (2 fail, 0 inconclusive))

── Mechanism-Property Proxies (multi-epoch population) ────────────────────
  ❌ budget-balance                           net value sum=72750 suggests outflow imbalance (honest=75000 malice=-2250)
  ✅ collusion-resistance                     malice pool ×1.00 of initial (≤1.1): no coalition growth detected
  ✅ incentive-compatibility                  honest profit=75000≥malice=-2250 and win-rate=100.0%≥0.0%
  ✅ individual-rationality                   honest cumulative profit=75000 > 0: participation individually rational

  Mechanism proxies: fail
───────────────────────────────────────────────────────────────────────────

🔁 Running Phase J: Multi-Epoch Reputation Simulation
   Epochs: 5
   Trials per epoch: 100
   Initial resolvers: 10
   Strategy mix: {:honest 0.6, :lazy 0.1, :malicious 0.2, :collusive 0.1}

   Epoch 1: honest=150, malice=-225, dominance=Infinity×
   Epoch 2: honest=150, malice=15, dominance=10.0×
   Epoch 3: honest=150, malice=-60, dominance=Infinity×
   Epoch 4: honest=150, malice=-218, dominance=Infinity×
   Epoch 5: honest=150, malice=-158, dominance=Infinity×

✓ Phase J complete. Final state:
   Resolvers exited: 0 (0 slashed, 0 natural)
   Honest cumulative: 75000
   Malice cumulative: -64500
   Win rate - honest: 100.0%
   Win rate - malice: 0.0%


── Stochastic Equilibrium Claims ─────────────────────────────────────────
  ✅ strategy-adaptation-compatibility        no strategy-space mismatch detected for adaptation targets
  ✅ malice-net-profit-negative               Malice cumulative profit = -64500 < 0: slashing deters net profit
  ✅ honest-dominates                         dominance-ratio=Infinity ≥ 1.2 at final epoch 5
  ✅ slashing-deters                          malice win-rate=0.0% < honest=100.0%: slashing reduces win frequency
  ✅ participation-stable                     exit-rate=0.0% < 20%: resolver pool is stable
  ❌ honest-survival-rate                     honest survival=100.0% ≤ malice survival=100.0%

  Overall: fail  (5/6 claims pass (1 fail, 0 inconclusive))

── Mechanism-Property Proxies (multi-epoch population) ────────────────────
  ❌ budget-balance                           net value sum=10500 suggests outflow imbalance (honest=75000 malice=-64500)
  ✅ collusion-resistance                     malice pool ×1.00 of initial (≤1.1): no coalition growth detected
  ✅ incentive-compatibility                  honest profit=75000≥malice=-64500 and win-rate=100.0%≥0.0%
  ✅ individual-rationality                   honest cumulative profit=75000 > 0: participation individually rational

  Mechanism proxies: fail
───────────────────────────────────────────────────────────────────────────

🔁 Running Phase J: Multi-Epoch Reputation Simulation
   Epochs: 2
   Trials per epoch: 2000
   Initial resolvers: 10
   Strategy mix: {:honest 0.6, :lazy 0.1, :malicious 0.2, :collusive 0.1}

   Epoch 1: honest=150, malice=-118, dominance=Infinity×
   Epoch 2: honest=150, malice=-118, dominance=Infinity×

✓ Phase J complete. Final state:
   Resolvers exited: 1 (1 slashed, 0 natural)
   Honest cumulative: 600000
   Malice cumulative: -334500
   Win rate - honest: 100.0%
   Win rate - malice: 0.0%


── Stochastic Equilibrium Claims ─────────────────────────────────────────
  ⚠️ strategy-adaptation-compatibility        
  ✅ malice-net-profit-negative               Malice cumulative profit = -334500 < 0: slashing deters net profit
  ✅ honest-dominates                         dominance-ratio=Infinity ≥ 1.2 at final epoch 2
  ✅ slashing-deters                          malice win-rate=0.0% < honest=100.0%: slashing reduces win frequency
  ✅ participation-stable                     exit-rate=10.0% < 20%: resolver pool is stable
  ❌ honest-survival-rate                     honest survival=100.0% ≤ malice survival=100.0%

  Overall: fail  (4/6 claims pass (1 fail, 1 inconclusive))

── Mechanism-Property Proxies (multi-epoch population) ────────────────────
  ❌ budget-balance                           net value sum=265500 suggests outflow imbalance (honest=600000 malice=-334500)
  ✅ collusion-resistance                     malice pool ×1.00 of initial (≤1.1): no coalition growth detected
  ✅ incentive-compatibility                  honest profit=600000≥malice=-334500 and win-rate=100.0%≥0.0%
  ✅ individual-rationality                   honest cumulative profit=600000 > 0: participation individually rational

  Mechanism proxies: fail
───────────────────────────────────────────────────────────────────────────

🔁 Running Phase J: Multi-Epoch Reputation Simulation
   Epochs: 5
   Trials per epoch: 50
   Initial resolvers: 10
   Strategy mix: {:honest 0.6, :lazy 0.1, :malicious 0.2, :collusive 0.1}

   Epoch 1: honest=150, malice=-90, dominance=Infinity×
   Epoch 2: honest=150, malice=75, dominance=2.0×
   Epoch 3: honest=150, malice=-150, dominance=Infinity×
   Epoch 4: honest=150, malice=-30, dominance=Infinity×
   Epoch 5: honest=150, malice=-75, dominance=Infinity×

✓ Phase J complete. Final state:
   Resolvers exited: 2 (1 slashed, 1 natural)
   Honest cumulative: 37500
   Malice cumulative: -9300
   Win rate - honest: 100.0%
   Win rate - malice: 0.0%


── Stochastic Equilibrium Claims ─────────────────────────────────────────
  ✅ strategy-adaptation-compatibility        no strategy-space mismatch detected for adaptation targets
  ✅ malice-net-profit-negative               Malice cumulative profit = -9300 < 0: slashing deters net profit
  ✅ honest-dominates                         dominance-ratio=Infinity ≥ 1.2 at final epoch 5
  ✅ slashing-deters                          malice win-rate=0.0% < honest=100.0%: slashing reduces win frequency
  ❌ participation-stable                     exit-rate=20.0% ≥ 20%: significant resolver attrition
  ❌ honest-survival-rate                     honest survival=100.0% ≤ malice survival=100.0%

  Overall: fail  (4/6 claims pass (2 fail, 0 inconclusive))

── Mechanism-Property Proxies (multi-epoch population) ────────────────────
  ❌ budget-balance                           net value sum=28200 suggests outflow imbalance (honest=37500 malice=-9300)
  ✅ collusion-resistance                     malice pool ×1.00 of initial (≤1.1): no coalition growth detected
  ✅ incentive-compatibility                  honest profit=37500≥malice=-9300 and win-rate=100.0%≥0.0%
  ✅ individual-rationality                   honest cumulative profit=37500 > 0: participation individually rational

  Mechanism proxies: fail
───────────────────────────────────────────────────────────────────────────

🔁 Running Phase J: Multi-Epoch Reputation Simulation
   Epochs: 5
   Trials per epoch: 50
   Initial resolvers: 10
   Strategy mix: {:honest 0.6, :lazy 0.1, :malicious 0.2, :collusive 0.1}

   Epoch 1: honest=150, malice=-90, dominance=Infinity×
   Epoch 2: honest=150, malice=75, dominance=2.0×
   Epoch 3: honest=150, malice=-150, dominance=Infinity×
   Epoch 4: honest=150, malice=-30, dominance=Infinity×
   Epoch 5: honest=150, malice=-75, dominance=Infinity×

✓ Phase J complete. Final state:
   Resolvers exited: 2 (1 slashed, 1 natural)
   Honest cumulative: 37500
   Malice cumulative: -9300
   Win rate - honest: 100.0%
   Win rate - malice: 0.0%


── Stochastic Equilibrium Claims ─────────────────────────────────────────
  ✅ strategy-adaptation-compatibility        no strategy-space mismatch detected for adaptation targets
  ✅ malice-net-profit-negative               Malice cumulative profit = -9300 < 0: slashing deters net profit
  ✅ honest-dominates                         dominance-ratio=Infinity ≥ 1.2 at final epoch 5
  ✅ slashing-deters                          malice win-rate=0.0% < honest=100.0%: slashing reduces win frequency
  ❌ participation-stable                     exit-rate=20.0% ≥ 20%: significant resolver attrition
  ❌ honest-survival-rate                     honest survival=100.0% ≤ malice survival=100.0%

  Overall: fail  (4/6 claims pass (2 fail, 0 inconclusive))

── Mechanism-Property Proxies (multi-epoch population) ────────────────────
  ❌ budget-balance                           net value sum=28200 suggests outflow imbalance (honest=37500 malice=-9300)
  ✅ collusion-resistance                     malice pool ×1.00 of initial (≤1.1): no coalition growth detected
  ✅ incentive-compatibility                  honest profit=37500≥malice=-9300 and win-rate=100.0%≥0.0%
  ✅ individual-rationality                   honest cumulative profit=37500 > 0: participation individually rational

  Mechanism proxies: fail
───────────────────────────────────────────────────────────────────────────

Testing resolver-sim.sim.defection-test

Testing resolver-sim.sim.strategy-adaptation-test

Testing resolver-sim.sim.waterfall-test

Testing resolver-sim.io.scenario-fixture-parity-test

Testing resolver-sim.contract-model.replay-batch-test
{:ts "2026-06-17T14:47:53.934161305Z", :level :info, :message "scenario/end", :context {:id "batch-test", :outcome :pass, :ctx/scenario-id "batch-test", :ctx/run-id "batch-test-run"}}
{:ts "2026-06-17T14:47:53.934442904Z", :level :info, :message "scenario/start", :context {:id "batch-test", :ctx/scenario-id "batch-test", :ctx/run-id "batch-test-run"}}
{:ts "2026-06-17T14:47:53.941803822Z", :level :info, :message "scenario/end", :context {:id "batch-test", :outcome :pass, :ctx/scenario-id "batch-test", :ctx/run-id "batch-test-run"}}
{:ts "2026-06-17T14:47:53.941998735Z", :level :info, :message "scenario/start", :context {:id "batch-test", :ctx/scenario-id "batch-test", :ctx/run-id "batch-test-run"}}
{:ts "2026-06-17T14:47:53.988023552Z", :level :info, :message "scenario/end", :context {:id "batch-auto-cancel", :outcome :pass, :ctx/scenario-id "batch-auto-cancel", :ctx/run-id "batch-auto-cancel-run"}}
{:ts "2026-06-17T14:47:53.988266597Z", :level :info, :message "scenario/start", :context {:id "batch-auto-cancel", :ctx/scenario-id "batch-auto-cancel", :ctx/run-id "batch-auto-cancel-run"}}
{:ts "2026-06-17T14:47:53.993398061Z", :level :info, :message "scenario/end", :context {:id "batch-test-simple", :outcome :pass, :ctx/scenario-id "batch-test-simple", :ctx/run-id "batch-test-simple-run"}}
{:ts "2026-06-17T14:47:53.993526507Z", :level :info, :message "scenario/start", :context {:id "batch-test-simple", :ctx/scenario-id "batch-test-simple", :ctx/run-id "batch-test-simple-run"}}
{:ts "2026-06-17T14:47:53.997891735Z", :level :info, :message "scenario/end", :context {:id "batch-test", :outcome :pass, :ctx/scenario-id "batch-test", :ctx/run-id "batch-test-run"}}
{:ts "2026-06-17T14:47:53.998057963Z", :level :info, :message "scenario/start", :context {:id "batch-test", :ctx/scenario-id "batch-test", :ctx/run-id "batch-test-run"}}

Testing resolver-sim.contract-model.replay-batch-sew-test
{:ts "2026-06-17T14:47:54.038329196Z", :level :debug, :message "Submitting resolution", :context {:caller "0xR0", :workflow-id 0}}
{:ts "2026-06-17T14:47:54.042140034Z", :level :debug, :message "Submitting resolution", :context {:caller "0xR1", :workflow-id 1}}
{:ts "2026-06-17T14:47:54.046621896Z", :level :debug, :message "Submitting resolution", :context {:caller "0xR0", :workflow-id 0}}
{:ts "2026-06-17T14:47:54.054382569Z", :level :debug, :message "Submitting resolution", :context {:caller "0xR1", :workflow-id 1}}
{:ts "2026-06-17T14:47:54.060127918Z", :level :info, :message "scenario/end", :context {:id "batch-sew-test", :outcome :pass, :ctx/scenario-id "batch-sew-test", :ctx/run-id "batch-sew-test-run"}}
{:ts "2026-06-17T14:47:54.060367135Z", :level :info, :message "scenario/start", :context {:id "batch-sew-test", :ctx/scenario-id "batch-sew-test", :ctx/run-id "batch-sew-test-run"}}
{:ts "2026-06-17T14:47:54.092995099Z", :level :debug, :message "Submitting resolution", :context {:caller "0xR0", :workflow-id 0}}
{:ts "2026-06-17T14:47:54.096789166Z", :level :debug, :message "Submitting resolution", :context {:caller "0xR0", :workflow-id 1}}
{:ts "2026-06-17T14:47:54.101412458Z", :level :debug, :message "Submitting resolution", :context {:caller "0xR0", :workflow-id 0}}
{:ts "2026-06-17T14:47:54.107464042Z", :level :info, :message "scenario/start", :context {:id "batch-sew-test", :ctx/scenario-id "batch-sew-test", :ctx/run-id "batch-sew-test-run"}}
{:ts "2026-06-17T14:47:54.111087112Z", :level :debug, :message "set-resolver-capacity", :context {:resolver "0xR0", :max-concurrent 2, :ctx/scenario-id "batch-sew-test", :ctx/run-id "batch-sew-test-run", :ctx/event-index 0, :ctx/event-type "set_resolver_capacity"}}
{:ts "2026-06-17T14:47:54.116715767Z", :level :debug, :message "set-resolver-capacity", :context {:resolver "0xR0", :max-concurrent 2, :ctx/scenario-id "batch-sew-test", :ctx/run-id "batch-sew-test-run", :ctx/event-index 0, :ctx/event-type "set_resolver_capacity"}}
{:ts "2026-06-17T14:47:54.151570710Z", :level :info, :message "scenario/start", :context {:id "batch-sew-test", :ctx/scenario-id "batch-sew-test", :ctx/run-id "batch-sew-test-run"}}
{:ts "2026-06-17T14:47:54.194215141Z", :level :debug, :message "Submitting resolution", :context {:caller "0xR0", :workflow-id 0}}
{:ts "2026-06-17T14:47:54.197215209Z", :level :debug, :message "Submitting resolution", :context {:caller "0xR1", :workflow-id 1}}
{:ts "2026-06-17T14:47:54.200211670Z", :level :debug, :message "Submitting resolution", :context {:caller "0xR2", :workflow-id 2}}
{:ts "2026-06-17T14:47:54.203842635Z", :level :debug, :message "Submitting resolution", :context {:caller "0xR0", :workflow-id 0}}
{:ts "2026-06-17T14:47:54.207819701Z", :level :debug, :message "Submitting resolution", :context {:caller "0xR1", :workflow-id 1}}
{:ts "2026-06-17T14:47:54.212986443Z", :level :debug, :message "Submitting resolution", :context {:caller "0xR2", :workflow-id 2}}
{:ts "2026-06-17T14:47:54.217928195Z", :level :info, :message "scenario/end", :context {:id "batch-sew-test", :outcome :pass, :ctx/scenario-id "batch-sew-test", :ctx/run-id "batch-sew-test-run"}}
{:ts "2026-06-17T14:47:54.218135962Z", :level :info, :message "scenario/start", :context {:id "batch-sew-test", :ctx/scenario-id "batch-sew-test", :ctx/run-id "batch-sew-test-run"}}
{:ts "2026-06-17T14:47:54.234762161Z", :level :debug, :message "Submitting resolution", :context {:caller "0xR0", :workflow-id 0}}
{:ts "2026-06-17T14:47:54.243872706Z", :level :debug, :message "Submitting resolution", :context {:caller "0xR0", :workflow-id 0}}
{:ts "2026-06-17T14:47:54.247034193Z", :level :debug, :message "Submitting resolution", :context {:caller "0xR0", :workflow-id 0}}
{:ts "2026-06-17T14:47:54.251266487Z", :level :info, :message "scenario/end", :context {:id "batch-sew-test", :outcome :pass, :ctx/scenario-id "batch-sew-test", :ctx/run-id "batch-sew-test-run"}}
{:ts "2026-06-17T14:47:54.251485536Z", :level :info, :message "scenario/start", :context {:id "batch-sew-test", :ctx/scenario-id "batch-sew-test", :ctx/run-id "batch-sew-test-run"}}

Testing resolver-sim.contract-model.replay-batch-appeal-test
{:ts "2026-06-17T14:47:54.263308118Z", :level :info, :message "scenario/end", :context {:id "batch-resolver-test", :outcome :pass, :ctx/scenario-id "batch-resolver-test", :ctx/run-id "batch-resolver-test-run"}}
{:ts "2026-06-17T14:47:54.263454057Z", :level :info, :message "scenario/start", :context {:id "batch-resolver-test", :ctx/scenario-id "batch-resolver-test", :ctx/run-id "batch-resolver-test-run"}}
{:ts "2026-06-17T14:47:54.272357386Z", :level :info, :message "scenario/end", :context {:id "batch-resolver-test", :outcome :pass, :ctx/scenario-id "batch-resolver-test", :ctx/run-id "batch-resolver-test-run"}}
{:ts "2026-06-17T14:47:54.272511110Z", :level :info, :message "scenario/start", :context {:id "batch-resolver-test", :ctx/scenario-id "batch-resolver-test", :ctx/run-id "batch-resolver-test-run"}}
{:ts "2026-06-17T14:47:54.278199419Z", :level :info, :message "scenario/end", :context {:id "batch-resolver-test", :outcome :pass, :ctx/scenario-id "batch-resolver-test", :ctx/run-id "batch-resolver-test-run"}}
{:ts "2026-06-17T14:47:54.278334046Z", :level :info, :message "scenario/start", :context {:id "batch-resolver-test", :ctx/scenario-id "batch-resolver-test", :ctx/run-id "batch-resolver-test-run"}}
{:ts "2026-06-17T14:47:54.280480071Z", :level :debug, :message "set-resolver-capacity", :context {:resolver "0xR0", :max-concurrent 5, :ctx/scenario-id "batch-resolver-test", :ctx/run-id "batch-resolver-test-run", :ctx/event-index 0, :ctx/event-type "set_resolver_capacity"}}
{:ts "2026-06-17T14:47:54.284784744Z", :level :debug, :message "set-resolver-capacity", :context {:resolver "0xR0", :max-concurrent 5, :ctx/scenario-id "batch-resolver-test", :ctx/run-id "batch-resolver-test-run", :ctx/event-index 0, :ctx/event-type "set_resolver_capacity"}}
{:ts "2026-06-17T14:47:54.287151601Z", :level :info, :message "scenario/end", :context {:id "batch-resolver-test", :outcome :pass, :ctx/scenario-id "batch-resolver-test", :ctx/run-id "batch-resolver-test-run"}}
{:ts "2026-06-17T14:47:54.287322007Z", :level :info, :message "scenario/start", :context {:id "batch-resolver-test", :ctx/scenario-id "batch-resolver-test", :ctx/run-id "batch-resolver-test-run"}}
{:ts "2026-06-17T14:47:54.311520438Z", :level :debug, :message "Submitting resolution", :context {:caller "0xR0", :workflow-id 0}}
{:ts "2026-06-17T14:47:54.315011115Z", :level :debug, :message "Submitting resolution", :context {:caller "0xR0", :workflow-id 1}}
{:ts "2026-06-17T14:47:54.317808555Z", :level :debug, :message "Submitting resolution", :context {:caller "0xR0", :workflow-id 0}}
{:ts "2026-06-17T14:47:54.321083248Z", :level :info, :message "scenario/start", :context {:id "batch-resolver-test", :ctx/scenario-id "batch-resolver-test", :ctx/run-id "batch-resolver-test-run"}}
{:ts "2026-06-17T14:47:54.333705119Z", :level :info, :message "scenario/end", :context {:id "batch-resolver-test", :outcome :pass, :ctx/scenario-id "batch-resolver-test", :ctx/run-id "batch-resolver-test-run"}}
{:ts "2026-06-17T14:47:54.333896755Z", :level :info, :message "scenario/start", :context {:id "batch-resolver-test", :ctx/scenario-id "batch-resolver-test", :ctx/run-id "batch-resolver-test-run"}}
{:ts "2026-06-17T14:47:54.343837618Z", :level :info, :message "scenario/end", :context {:id "batch-resolver-test", :outcome :pass, :ctx/scenario-id "batch-resolver-test", :ctx/run-id "batch-resolver-test-run"}}
{:ts "2026-06-17T14:47:54.344049713Z", :level :info, :message "scenario/start", :context {:id "batch-resolver-test", :ctx/scenario-id "batch-resolver-test", :ctx/run-id "batch-resolver-test-run"}}

Testing resolver-sim.contract-model.replay-batch-slash-domain-test
{:ts "2026-06-17T14:47:54.354052735Z", :level :info, :message "scenario/end", :context {:id "slash-domain-test", :outcome :pass, :ctx/scenario-id "slash-domain-test", :ctx/run-id "slash-domain-test-run"}}
{:ts "2026-06-17T14:47:54.354374801Z", :level :info, :message "scenario/start", :context {:id "slash-domain-test", :ctx/scenario-id "slash-domain-test", :ctx/run-id "slash-domain-test-run"}}
{:ts "2026-06-17T14:47:54.359921920Z", :level :info, :message "scenario/end", :context {:id "slash-domain-test", :outcome :pass, :ctx/scenario-id "slash-domain-test", :ctx/run-id "slash-domain-test-run"}}
{:ts "2026-06-17T14:47:54.360118146Z", :level :info, :message "scenario/start", :context {:id "slash-domain-test", :ctx/scenario-id "slash-domain-test", :ctx/run-id "slash-domain-test-run"}}
{:ts "2026-06-17T14:47:54.365703098Z", :level :info, :message "scenario/end", :context {:id "slash-domain-test", :outcome :pass, :ctx/scenario-id "slash-domain-test", :ctx/run-id "slash-domain-test-run"}}
{:ts "2026-06-17T14:47:54.365901898Z", :level :info, :message "scenario/start", :context {:id "slash-domain-test", :ctx/scenario-id "slash-domain-test", :ctx/run-id "slash-domain-test-run"}}
{:ts "2026-06-17T14:47:54.373115945Z", :level :info, :message "scenario/end", :context {:id "slash-domain-test", :outcome :pass, :ctx/scenario-id "slash-domain-test", :ctx/run-id "slash-domain-test-run"}}
{:ts "2026-06-17T14:47:54.373334443Z", :level :info, :message "scenario/start", :context {:id "slash-domain-test", :ctx/scenario-id "slash-domain-test", :ctx/run-id "slash-domain-test-run"}}
{:ts "2026-06-17T14:47:54.380907287Z", :level :info, :message "scenario/end", :context {:id "slash-domain-test", :outcome :pass, :ctx/scenario-id "slash-domain-test", :ctx/run-id "slash-domain-test-run"}}
{:ts "2026-06-17T14:47:54.381074887Z", :level :info, :message "scenario/start", :context {:id "slash-domain-test", :ctx/scenario-id "slash-domain-test", :ctx/run-id "slash-domain-test-run"}}
{:ts "2026-06-17T14:47:54.387108748Z", :level :info, :message "scenario/end", :context {:id "slash-domain-test", :outcome :pass, :ctx/scenario-id "slash-domain-test", :ctx/run-id "slash-domain-test-run"}}
{:ts "2026-06-17T14:47:54.387301857Z", :level :info, :message "scenario/start", :context {:id "slash-domain-test", :ctx/scenario-id "slash-domain-test", :ctx/run-id "slash-domain-test-run"}}
{:ts "2026-06-17T14:47:54.394382349Z", :level :info, :message "scenario/end", :context {:id "slash-domain-test", :outcome :pass, :ctx/scenario-id "slash-domain-test", :ctx/run-id "slash-domain-test-run"}}
{:ts "2026-06-17T14:47:54.394604674Z", :level :info, :message "scenario/start", :context {:id "slash-domain-test", :ctx/scenario-id "slash-domain-test", :ctx/run-id "slash-domain-test-run"}}
{:ts "2026-06-17T14:47:54.402466421Z", :level :info, :message "scenario/end", :context {:id "slash-domain-test", :outcome :pass, :ctx/scenario-id "slash-domain-test", :ctx/run-id "slash-domain-test-run"}}
{:ts "2026-06-17T14:47:54.402645223Z", :level :info, :message "scenario/start", :context {:id "slash-domain-test", :ctx/scenario-id "slash-domain-test", :ctx/run-id "slash-domain-test-run"}}
{:ts "2026-06-17T14:47:54.410399624Z", :level :info, :message "scenario/end", :context {:id "slash-domain-test", :outcome :pass, :ctx/scenario-id "slash-domain-test", :ctx/run-id "slash-domain-test-run"}}
{:ts "2026-06-17T14:47:54.410658028Z", :level :info, :message "scenario/start", :context {:id "slash-domain-test", :ctx/scenario-id "slash-domain-test", :ctx/run-id "slash-domain-test-run"}}
{:ts "2026-06-17T14:47:54.418115902Z", :level :info, :message "scenario/end", :context {:id "slash-domain-test", :outcome :pass, :ctx/scenario-id "slash-domain-test", :ctx/run-id "slash-domain-test-run"}}
{:ts "2026-06-17T14:47:54.418356622Z", :level :info, :message "scenario/start", :context {:id "slash-domain-test", :ctx/scenario-id "slash-domain-test", :ctx/run-id "slash-domain-test-run"}}
{:ts "2026-06-17T14:47:54.428099486Z", :level :info, :message "scenario/end", :context {:id "slash-domain-test", :outcome :pass, :ctx/scenario-id "slash-domain-test", :ctx/run-id "slash-domain-test-run"}}
{:ts "2026-06-17T14:47:54.428288227Z", :level :info, :message "scenario/start", :context {:id "slash-domain-test", :ctx/scenario-id "slash-domain-test", :ctx/run-id "slash-domain-test-run"}}
{:ts "2026-06-17T14:47:54.434279907Z", :level :info, :message "scenario/end", :context {:id "slash-domain-test", :outcome :pass, :ctx/scenario-id "slash-domain-test", :ctx/run-id "slash-domain-test-run"}}
{:ts "2026-06-17T14:47:54.434459140Z", :level :info, :message "scenario/start", :context {:id "slash-domain-test", :ctx/scenario-id "slash-domain-test", :ctx/run-id "slash-domain-test-run"}}
{:ts "2026-06-17T14:47:54.439625481Z", :level :info, :message "scenario/end", :context {:id "slash-domain-test", :outcome :pass, :ctx/scenario-id "slash-domain-test", :ctx/run-id "slash-domain-test-run"}}
{:ts "2026-06-17T14:47:54.439777221Z", :level :info, :message "scenario/start", :context {:id "slash-domain-test", :ctx/scenario-id "slash-domain-test", :ctx/run-id "slash-domain-test-run"}}
{:ts "2026-06-17T14:47:54.446493987Z", :level :info, :message "scenario/end", :context {:id "slash-domain-test", :outcome :pass, :ctx/scenario-id "slash-domain-test", :ctx/run-id "slash-domain-test-run"}}
{:ts "2026-06-17T14:47:54.446657821Z", :level :info, :message "scenario/start", :context {:id "slash-domain-test", :ctx/scenario-id "slash-domain-test", :ctx/run-id "slash-domain-test-run"}}
{:ts "2026-06-17T14:47:54.457114740Z", :level :info, :message "scenario/end", :context {:id "slash-domain-test", :outcome :pass, :ctx/scenario-id "slash-domain-test", :ctx/run-id "slash-domain-test-run"}}
{:ts "2026-06-17T14:47:54.457318881Z", :level :info, :message "scenario/start", :context {:id "slash-domain-test", :ctx/scenario-id "slash-domain-test", :ctx/run-id "slash-domain-test-run"}}
{:ts "2026-06-17T14:47:54.463193717Z", :level :info, :message "scenario/end", :context {:id "slash-domain-test", :outcome :pass, :ctx/scenario-id "slash-domain-test", :ctx/run-id "slash-domain-test-run"}}
{:ts "2026-06-17T14:47:54.463352972Z", :level :info, :message "scenario/start", :context {:id "slash-domain-test", :ctx/scenario-id "slash-domain-test", :ctx/run-id "slash-domain-test-run"}}
{:ts "2026-06-17T14:47:54.468687424Z", :level :info, :message "scenario/end", :context {:id "slash-domain-test", :outcome :pass, :ctx/scenario-id "slash-domain-test", :ctx/run-id "slash-domain-test-run"}}
{:ts "2026-06-17T14:47:54.468870504Z", :level :info, :message "scenario/start", :context {:id "slash-domain-test", :ctx/scenario-id "slash-domain-test", :ctx/run-id "slash-domain-test-run"}}

Ran 258 tests containing 1302 assertions.
7 failures, 0 errors.
Error while executing task: test:unit
