FAIL in (test-replay-s35-profit-maximizer-governance-wins-appeal) (replay_test.clj:1345)
expected: (= 9500 (get-in w-slashed [:resolver-stakes "0xResolver"]))
  actual: (not (= 9500 10000))

FAIL in (test-replay-s35-profit-maximizer-governance-wins-appeal) (replay_test.clj:1346)
expected: (= 500 (get-in w-slashed [:resolver-slash-total "0xResolver"]))
  actual: (not (= 500 nil))
{:ts "2026-06-07T10:02:34.980090060Z", :level :debug, :message "scenario/step", :context {:id "test", :seq 0, :action "create_escrow"}}
{:ts "2026-06-07T10:02:34.982485755Z", :level :debug, :message "scenario/step", :context {:id "test", :seq 1, :action "release"}}
{:ts "2026-06-07T10:02:34.982777301Z", :level :info, :message "scenario/end", :context {:id "test", :outcome :pass}}
--
FAIL in (test-replay-appeal-bond-custody-lifecycle) (replay_test.clj:1301)
expected: (= :slash-already-reversed (get-in r-upheld [:trace 7 :error]))
  actual: (not (= :slash-already-reversed :appeal-in-progress))

FAIL in (test-replay-appeal-bond-custody-lifecycle) (replay_test.clj:1294)
upheld?=true should refund appeal bond to resolver :bond/refund claimable
expected: (pos? (get-in world [:claimable-v2 0 :bond/refund "0xResolver"] 0))
  actual: (not (pos? 0))

FAIL in (test-replay-appeal-bond-custody-lifecycle) (replay_test.clj:1296)
upheld?=false should forfeit appeal bond to insurance bucket
expected: (pos? (reduce + 0 (vals (get world :appeal-bond-distributions-by-token {}))))
  actual: (not (pos? 0))

FAIL in (test-replay-appeal-bond-custody-lifecycle) (replay_test.clj:1304)
expected: (= 70 (get-in w-upheld [:claimable-v2 0 :bond/refund "0xResolver"] 0))
  actual: (not (= 70 0))

FAIL in (test-replay-appeal-bond-custody-lifecycle) (replay_test.clj:1305)
expected: (= 80 (get-in w-rejected [:appeal-bond-distributions-by-token :USDC] 0))
  actual: (not (= 80 0))
{:ts "2026-06-07T10:02:35.289167838Z", :level :debug, :message "scenario/step", :context {:id "test", :seq 0, :action "register_stake"}}
{:ts "2026-06-07T10:02:35.290901862Z", :level :debug, :message "scenario/step", :context {:id "test", :seq 1, :action "create_escrow"}}
{:ts "2026-06-07T10:02:35.292568167Z", :level :debug, :message "scenario/step", :context {:id "test", :seq 2, :action "raise_dispute"}}
--
FAIL in (reversed-reversal-full-lifecycle) (slashing_test.clj:254)
Reversal slash can itself be appealed and reversed (Track 2 / manual path)
After governance upholds appeal, reversal slash should be :reversed
expected: (= :reversed (get-in world3 [:pending-fraud-slashes slash-id :status]))
  actual: (not (= :reversed nil))

FAIL in (reversed-reversal-full-lifecycle) (slashing_test.clj:259)
Reversal slash can itself be appealed and reversed (Track 2 / manual path)
expected: (= :slash-already-reversed (:error r-exec))
  actual: (not (= :slash-already-reversed :no-pending-slash))
[sew/resolution] DEBUG: handle-fraud-slashing now=1000, appeal-window=100
[sew/resolution] DEBUG: handle-fraud-slashing now=1000, appeal-window=100
--
FAIL in (appeal-bond-custody-upheld-refunds-resolver) (slashing_test.clj:174)
expected: (= :reversed (get-in world3 [:pending-fraud-slashes workflow-id :status]))
  actual: (not (= :reversed nil))

FAIL in (appeal-bond-custody-upheld-refunds-resolver) (slashing_test.clj:175)
expected: (= 0 (get-in world3 [:pending-fraud-slashes workflow-id :appeal-bond-held]))
  actual: (not (= 0 nil))

FAIL in (appeal-bond-custody-upheld-refunds-resolver) (slashing_test.clj:176)
expected: (= 75 (get-in world3 [:claimable-v2 workflow-id :bond/refund resolver-addr] 0))
  actual: (not (= 75 0))
[sew/resolution] DEBUG: handle-fraud-slashing now=1000, appeal-window=2000000
[sew/resolution] DEBUG: handle-fraud-slashing now=1000, appeal-window=10
[sew/resolution] DEBUG: handle-fraud-slashing now=1000, appeal-window=100
--
FAIL in (appeal-bond-custody-rejected-forfeits-to-insurance) (slashing_test.clj:194)
expected: (= :pending (get-in world3 [:pending-fraud-slashes workflow-id :status]))
  actual: (not (= :pending nil))

FAIL in (appeal-bond-custody-rejected-forfeits-to-insurance) (slashing_test.clj:195)
expected: (= 0 (get-in world3 [:pending-fraud-slashes workflow-id :appeal-bond-held]))
  actual: (not (= 0 nil))

FAIL in (appeal-bond-custody-rejected-forfeits-to-insurance) (slashing_test.clj:196)
expected: (= 60 (get world3 :appeal-bonds-forfeited-insurance 0))
  actual: (not (= 60 0))

FAIL in (appeal-bond-custody-rejected-forfeits-to-insurance) (slashing_test.clj:197)
expected: (= 60 (get-in world3 [:appeal-bond-distributions-by-token :USDC] 0))
  actual: (not (= 60 0))

FAIL in (resolve-appeal-uses-workflow-id-from-pending-not-slash-id-string) (slashing_test.clj:307)
resolve-appeal extracts workflow-id from pending entry, not from slash-id string
expected: (true? (:ok r))
  actual: (not (true? nil))

FAIL in (resolve-appeal-uses-workflow-id-from-pending-not-slash-id-string) (slashing_test.clj:308)
resolve-appeal extracts workflow-id from pending entry, not from slash-id string
expected: (= :reversed (get-in world' [:pending-fraud-slashes slash-id :status]))
  actual: (not (= :reversed nil))

FAIL in (resolve-appeal-on-executed-slash-returns-cannot-reverse-executed-slash) (slashing_test.clj:429)
expected: (false? (:ok r))
  actual: (not (false? nil))

FAIL in (resolve-appeal-on-executed-slash-returns-cannot-reverse-executed-slash) (slashing_test.clj:430)
expected: (= :cannot-reverse-executed-slash (:error r))
  actual: (not (= :cannot-reverse-executed-slash nil))
[sew/resolution] DEBUG: handle-fraud-slashing now=1000, appeal-window=100
[sew/resolution] DEBUG: handle-fraud-slashing now=1000, appeal-window=86400

FAIL in (slashing-logic-test) (slashing_test.clj:46)
Manual slash proposal is appealable Governance upholds appeal
expected: (= :reversed (get-in world-upheld [:pending-fraud-slashes workflow-id :status]))
  actual: (not (= :reversed nil))

FAIL in (resolve-appeal-supports-custom-slash-id) (slashing_test.clj:80)
expected: (true? (:ok r))
  actual: (not (true? nil))

FAIL in (resolve-appeal-supports-custom-slash-id) (slashing_test.clj:81)
expected: (= :reversed (get-in (:world r) [:pending-fraud-slashes slash-id :status]))
  actual: (not (= :reversed nil))

Testing resolver-sim.protocols.sew.phase-k-test
[sew/resolution] DEBUG: handle-fraud-slashing now=1000, appeal-window=86400
--
FAIL in (evidence-gated-slashing-test) (phase_m_test.clj:50)
TRACK 2: Manual Proposal (New Evidence) Successful Slashing Appeal
Slash status should be REVERSED
expected: (= :reversed (get-in world-upheld [:pending-fraud-slashes slash-id :status]))
  actual: (not (= :reversed nil))

FAIL in (evidence-gated-slashing-test) (phase_m_test.clj:57)
TRACK 2: Manual Proposal (New Evidence) Successful Slashing Appeal Execution of reversed slash fails
expected: (= :slash-already-reversed (:error r-exec))
  actual: (not (= :slash-already-reversed :no-pending-slash))

Testing resolver-sim.scenario.expectations-test
